macro_oscillator.cc:331:6:void braids::MacroOscillator::RenderBuzz(const uint8_t*, int16_t*, size_t)	32	static
macro_oscillator.cc:50:6:void braids::MacroOscillator::RenderCSaw(const uint8_t*, int16_t*, size_t)	24	static
macro_oscillator.cc:129:6:void braids::MacroOscillator::RenderSawSquare(const uint8_t*, int16_t*, size_t)	40	static
macro_oscillator.cc:226:6:void braids::MacroOscillator::RenderSub(const uint8_t*, int16_t*, size_t)	40	static
macro_oscillator.cc:259:6:void braids::MacroOscillator::RenderDualSync(const uint8_t*, int16_t*, size_t)	40	static
macro_oscillator.cc:291:6:void braids::MacroOscillator::RenderSineTriangle(const uint8_t*, int16_t*, size_t)	40	static
macro_oscillator.cc:66:6:void braids::MacroOscillator::RenderMorph(const uint8_t*, int16_t*, size_t)	64	static
macro_oscillator.cc:180:6:void braids::MacroOscillator::RenderTriple(const uint8_t*, int16_t*, size_t)	48	static
macro_oscillator.cc:365:6:void braids::MacroOscillator::RenderSawComb(const uint8_t*, int16_t*, size_t)	32	static
macro_oscillator.cc:354:6:void braids::MacroOscillator::RenderDigital(const uint8_t*, int16_t*, size_t)	12	static
macro_oscillator.cc:42:6:void braids::MacroOscillator::Render(const uint8_t*, int16_t*, size_t)	16	static
