Archive member included to satisfy reference by file (symbol)

/opt/st/stm32cubeide_1.4.0/plugins/com.st.stm32cube.ide.mcu.externaltools.gnu-tools-for-stm32.7-2018-q2-update.linux64_1.4.0.202007081208/tools/bin/../lib/gcc/arm-none-eabi/7.3.1/../../../../arm-none-eabi/lib/thumb/v7-m/libc_nano.a(lib_a-errno.o)
                              Core/Src/syscalls.o (__errno)
/opt/st/stm32cubeide_1.4.0/plugins/com.st.stm32cube.ide.mcu.externaltools.gnu-tools-for-stm32.7-2018-q2-update.linux64_1.4.0.202007081208/tools/bin/../lib/gcc/arm-none-eabi/7.3.1/../../../../arm-none-eabi/lib/thumb/v7-m/libc_nano.a(lib_a-exit.o)
                              /opt/st/stm32cubeide_1.4.0/plugins/com.st.stm32cube.ide.mcu.externaltools.gnu-tools-for-stm32.7-2018-q2-update.linux64_1.4.0.202007081208/tools/bin/../lib/gcc/arm-none-eabi/7.3.1/../../../../arm-none-eabi/lib/thumb/v7-m/crt0.o (exit)
/opt/st/stm32cubeide_1.4.0/plugins/com.st.stm32cube.ide.mcu.externaltools.gnu-tools-for-stm32.7-2018-q2-update.linux64_1.4.0.202007081208/tools/bin/../lib/gcc/arm-none-eabi/7.3.1/../../../../arm-none-eabi/lib/thumb/v7-m/libc_nano.a(lib_a-impure.o)
                              /opt/st/stm32cubeide_1.4.0/plugins/com.st.stm32cube.ide.mcu.externaltools.gnu-tools-for-stm32.7-2018-q2-update.linux64_1.4.0.202007081208/tools/bin/../lib/gcc/arm-none-eabi/7.3.1/../../../../arm-none-eabi/lib/thumb/v7-m/libc_nano.a(lib_a-exit.o) (_global_impure_ptr)
/opt/st/stm32cubeide_1.4.0/plugins/com.st.stm32cube.ide.mcu.externaltools.gnu-tools-for-stm32.7-2018-q2-update.linux64_1.4.0.202007081208/tools/bin/../lib/gcc/arm-none-eabi/7.3.1/../../../../arm-none-eabi/lib/thumb/v7-m/libc_nano.a(lib_a-init.o)
                              /opt/st/stm32cubeide_1.4.0/plugins/com.st.stm32cube.ide.mcu.externaltools.gnu-tools-for-stm32.7-2018-q2-update.linux64_1.4.0.202007081208/tools/bin/../lib/gcc/arm-none-eabi/7.3.1/../../../../arm-none-eabi/lib/thumb/v7-m/crt0.o (__libc_init_array)
/opt/st/stm32cubeide_1.4.0/plugins/com.st.stm32cube.ide.mcu.externaltools.gnu-tools-for-stm32.7-2018-q2-update.linux64_1.4.0.202007081208/tools/bin/../lib/gcc/arm-none-eabi/7.3.1/../../../../arm-none-eabi/lib/thumb/v7-m/libc_nano.a(lib_a-memcpy-stub.o)
                              Core/Src/braids/settings.o (memcpy)
/opt/st/stm32cubeide_1.4.0/plugins/com.st.stm32cube.ide.mcu.externaltools.gnu-tools-for-stm32.7-2018-q2-update.linux64_1.4.0.202007081208/tools/bin/../lib/gcc/arm-none-eabi/7.3.1/../../../../arm-none-eabi/lib/thumb/v7-m/libc_nano.a(lib_a-memset.o)
                              /opt/st/stm32cubeide_1.4.0/plugins/com.st.stm32cube.ide.mcu.externaltools.gnu-tools-for-stm32.7-2018-q2-update.linux64_1.4.0.202007081208/tools/bin/../lib/gcc/arm-none-eabi/7.3.1/../../../../arm-none-eabi/lib/thumb/v7-m/crt0.o (memset)
/opt/st/stm32cubeide_1.4.0/plugins/com.st.stm32cube.ide.mcu.externaltools.gnu-tools-for-stm32.7-2018-q2-update.linux64_1.4.0.202007081208/tools/bin/../lib/gcc/arm-none-eabi/7.3.1/../../../../arm-none-eabi/lib/thumb/v7-m/libc_nano.a(lib_a-strcmp.o)
                              Core/Src/braids/settings.o (strcmp)

Allocating common symbols
Common symbol       size              file

uwTick              0x4               Drivers/STM32F1xx_HAL_Driver/Src/stm32f1xx_hal.o
pFlash              0x20              Drivers/STM32F1xx_HAL_Driver/Src/stm32f1xx_hal_flash.o

Discarded input sections

 .text          0x0000000000000000        0x0 /opt/st/stm32cubeide_1.4.0/plugins/com.st.stm32cube.ide.mcu.externaltools.gnu-tools-for-stm32.7-2018-q2-update.linux64_1.4.0.202007081208/tools/bin/../lib/gcc/arm-none-eabi/7.3.1/thumb/v7-m/crti.o
 .data          0x0000000000000000        0x0 /opt/st/stm32cubeide_1.4.0/plugins/com.st.stm32cube.ide.mcu.externaltools.gnu-tools-for-stm32.7-2018-q2-update.linux64_1.4.0.202007081208/tools/bin/../lib/gcc/arm-none-eabi/7.3.1/thumb/v7-m/crti.o
 .bss           0x0000000000000000        0x0 /opt/st/stm32cubeide_1.4.0/plugins/com.st.stm32cube.ide.mcu.externaltools.gnu-tools-for-stm32.7-2018-q2-update.linux64_1.4.0.202007081208/tools/bin/../lib/gcc/arm-none-eabi/7.3.1/thumb/v7-m/crti.o
 .data          0x0000000000000000        0x4 /opt/st/stm32cubeide_1.4.0/plugins/com.st.stm32cube.ide.mcu.externaltools.gnu-tools-for-stm32.7-2018-q2-update.linux64_1.4.0.202007081208/tools/bin/../lib/gcc/arm-none-eabi/7.3.1/thumb/v7-m/crtbegin.o
 .text          0x0000000000000000       0x74 /opt/st/stm32cubeide_1.4.0/plugins/com.st.stm32cube.ide.mcu.externaltools.gnu-tools-for-stm32.7-2018-q2-update.linux64_1.4.0.202007081208/tools/bin/../lib/gcc/arm-none-eabi/7.3.1/../../../../arm-none-eabi/lib/thumb/v7-m/crt0.o
 .data          0x0000000000000000        0x0 /opt/st/stm32cubeide_1.4.0/plugins/com.st.stm32cube.ide.mcu.externaltools.gnu-tools-for-stm32.7-2018-q2-update.linux64_1.4.0.202007081208/tools/bin/../lib/gcc/arm-none-eabi/7.3.1/../../../../arm-none-eabi/lib/thumb/v7-m/crt0.o
[...]
Memory Configuration

Name             Origin             Length             Attributes
RAM              0x0000000020000000 0x0000000000005000 xrw
FLASH            0x0000000008000000 0x0000000000010000 xr
*default*        0x0000000000000000 0xffffffffffffffff

Linker script and memory map

LOAD /opt/st/stm32cubeide_1.4.0/plugins/com.st.stm32cube.ide.mcu.externaltools.gnu-tools-for-stm32.7-2018-q2-update.linux64_1.4.0.202007081208/tools/bin/../lib/gcc/arm-none-eabi/7.3.1/thumb/v7-m/crti.o
LOAD /opt/st/stm32cubeide_1.4.0/plugins/com.st.stm32cube.ide.mcu.externaltools.gnu-tools-for-stm32.7-2018-q2-update.linux64_1.4.0.202007081208/tools/bin/../lib/gcc/arm-none-eabi/7.3.1/thumb/v7-m/crtbegin.o
LOAD /opt/st/stm32cubeide_1.4.0/plugins/com.st.stm32cube.ide.mcu.externaltools.gnu-tools-for-stm32.7-2018-q2-update.linux64_1.4.0.202007081208/tools/bin/../lib/gcc/arm-none-eabi/7.3.1/../../../../arm-none-eabi/lib/thumb/v7-m/crt0.o
LOAD Core/Src/braids/analog_oscillator.o
LOAD Core/Src/braids/digital_oscillator.o
LOAD Core/Src/braids/macro_oscillator.o
LOAD Core/Src/braids/quantizer.o
LOAD Core/Src/braids/resources.o
LOAD Core/Src/braids/settings.o
LOAD Core/Src/braids/drivers/adc.o
LOAD Core/Src/main.o
LOAD Core/Src/stm32f1xx_hal_msp.o
LOAD Core/Src/stm32f1xx_it.o
LOAD Core/Src/syscalls.o
LOAD Core/Src/sysmem.o
LOAD Core/Src/system_stm32f1xx.o
LOAD Core/Src/multiengine/MainLoop.o
LOAD Core/Src/multiengine/Ui.o
LOAD Core/Src/multiengine/hal/Display.o
LOAD Core/Src/multiengine/hal/Encoder.o
LOAD Core/Src/multiengine/hal/Memory.o
LOAD Core/Src/multiengine/hal/MultiEngineHAL.o
LOAD Core/Src/stmlib/random.o
LOAD Core/Startup/startup_stm32f103c8tx.o
LOAD Drivers/STM32F1xx_HAL_Driver/Src/stm32f1xx_hal.o
LOAD Drivers/STM32F1xx_HAL_Driver/Src/stm32f1xx_hal_cortex.o
LOAD Drivers/STM32F1xx_HAL_Driver/Src/stm32f1xx_hal_dma.o
LOAD Drivers/STM32F1xx_HAL_Driver/Src/stm32f1xx_hal_exti.o
LOAD Drivers/STM32F1xx_HAL_Driver/Src/stm32f1xx_hal_flash.o
LOAD Drivers/STM32F1xx_HAL_Driver/Src/stm32f1xx_hal_flash_ex.o
LOAD Drivers/STM32F1xx_HAL_Driver/Src/stm32f1xx_hal_gpio.o
LOAD Drivers/STM32F1xx_HAL_Driver/Src/stm32f1xx_hal_gpio_ex.o
LOAD Drivers/STM32F1xx_HAL_Driver/Src/stm32f1xx_hal_i2c.o
LOAD Drivers/STM32F1xx_HAL_Driver/Src/stm32f1xx_hal_pwr.o
LOAD Drivers/STM32F1xx_HAL_Driver/Src/stm32f1xx_hal_rcc.o
LOAD Drivers/STM32F1xx_HAL_Driver/Src/stm32f1xx_hal_rcc_ex.o
LOAD Drivers/STM32F1xx_HAL_Driver/Src/stm32f1xx_hal_tim.o
LOAD Drivers/STM32F1xx_HAL_Driver/Src/stm32f1xx_hal_tim_ex.o
START GROUP
LOAD /opt/st/stm32cubeide_1.4.0/plugins/com.st.stm32cube.ide.mcu.externaltools.gnu-tools-for-stm32.7-2018-q2-update.linux64_1.4.0.202007081208/tools/bin/../lib/gcc/arm-none-eabi/7.3.1/../../../../arm-none-eabi/lib/thumb/v7-m/libstdc++_nano.a
LOAD /opt/st/stm32cubeide_1.4.0/plugins/com.st.stm32cube.ide.mcu.externaltools.gnu-tools-for-stm32.7-2018-q2-update.linux64_1.4.0.202007081208/tools/bin/../lib/gcc/arm-none-eabi/7.3.1/../../../../arm-none-eabi/lib/thumb/v7-m/libsupc++_nano.a
END GROUP
LOAD /opt/st/stm32cubeide_1.4.0/plugins/com.st.stm32cube.ide.mcu.externaltools.gnu-tools-for-stm32.7-2018-q2-update.linux64_1.4.0.202007081208/tools/bin/../lib/gcc/arm-none-eabi/7.3.1/../../../../arm-none-eabi/lib/thumb/v7-m/libstdc++_nano.a
LOAD /opt/st/stm32cubeide_1.4.0/plugins/com.st.stm32cube.ide.mcu.externaltools.gnu-tools-for-stm32.7-2018-q2-update.linux64_1.4.0.202007081208/tools/bin/../lib/gcc/arm-none-eabi/7.3.1/../../../../arm-none-eabi/lib/thumb/v7-m/libm.a
LOAD /opt/st/stm32cubeide_1.4.0/plugins/com.st.stm32cube.ide.mcu.externaltools.gnu-tools-for-stm32.7-2018-q2-update.linux64_1.4.0.202007081208/tools/bin/../lib/gcc/arm-none-eabi/7.3.1/../../../../arm-none-eabi/lib/thumb/v7-m/libc_nano.a
START GROUP
LOAD /opt/st/stm32cubeide_1.4.0/plugins/com.st.stm32cube.ide.mcu.externaltools.gnu-tools-for-stm32.7-2018-q2-update.linux64_1.4.0.202007081208/tools/bin/../lib/gcc/arm-none-eabi/7.3.1/thumb/v7-m/libgcc.a
LOAD /opt/st/stm32cubeide_1.4.0/plugins/com.st.stm32cube.ide.mcu.externaltools.gnu-tools-for-stm32.7-2018-q2-update.linux64_1.4.0.202007081208/tools/bin/../lib/gcc/arm-none-eabi/7.3.1/../../../../arm-none-eabi/lib/thumb/v7-m/libc_nano.a
END GROUP
START GROUP
LOAD /opt/st/stm32cubeide_1.4.0/plugins/com.st.stm32cube.ide.mcu.externaltools.gnu-tools-for-stm32.7-2018-q2-update.linux64_1.4.0.202007081208/tools/bin/../lib/gcc/arm-none-eabi/7.3.1/thumb/v7-m/libgcc.a
LOAD /opt/st/stm32cubeide_1.4.0/plugins/com.st.stm32cube.ide.mcu.externaltools.gnu-tools-for-stm32.7-2018-q2-update.linux64_1.4.0.202007081208/tools/bin/../lib/gcc/arm-none-eabi/7.3.1/../../../../arm-none-eabi/lib/thumb/v7-m/libc_nano.a
LOAD /opt/st/stm32cubeide_1.4.0/plugins/com.st.stm32cube.ide.mcu.externaltools.gnu-tools-for-stm32.7-2018-q2-update.linux64_1.4.0.202007081208/tools/bin/../lib/gcc/arm-none-eabi/7.3.1/../../../../arm-none-eabi/lib/thumb/v7-m/libnosys.a
END GROUP
START GROUP
LOAD /opt/st/stm32cubeide_1.4.0/plugins/com.st.stm32cube.ide.mcu.externaltools.gnu-tools-for-stm32.7-2018-q2-update.linux64_1.4.0.202007081208/tools/bin/../lib/gcc/arm-none-eabi/7.3.1/thumb/v7-m/libgcc.a
LOAD /opt/st/stm32cubeide_1.4.0/plugins/com.st.stm32cube.ide.mcu.externaltools.gnu-tools-for-stm32.7-2018-q2-update.linux64_1.4.0.202007081208/tools/bin/../lib/gcc/arm-none-eabi/7.3.1/../../../../arm-none-eabi/lib/thumb/v7-m/libc_nano.a
LOAD /opt/st/stm32cubeide_1.4.0/plugins/com.st.stm32cube.ide.mcu.externaltools.gnu-tools-for-stm32.7-2018-q2-update.linux64_1.4.0.202007081208/tools/bin/../lib/gcc/arm-none-eabi/7.3.1/../../../../arm-none-eabi/lib/thumb/v7-m/libnosys.a
END GROUP
LOAD /opt/st/stm32cubeide_1.4.0/plugins/com.st.stm32cube.ide.mcu.externaltools.gnu-tools-for-stm32.7-2018-q2-update.linux64_1.4.0.202007081208/tools/bin/../lib/gcc/arm-none-eabi/7.3.1/thumb/v7-m/crtend.o
LOAD /opt/st/stm32cubeide_1.4.0/plugins/com.st.stm32cube.ide.mcu.externaltools.gnu-tools-for-stm32.7-2018-q2-update.linux64_1.4.0.202007081208/tools/bin/../lib/gcc/arm-none-eabi/7.3.1/thumb/v7-m/crtn.o
                0x0000000020005000                _estack = (ORIGIN (RAM) + LENGTH (RAM))
                0x0000000000000200                _Min_Heap_Size = 0x200
                0x0000000000000400                _Min_Stack_Size = 0x400

.isr_vector     0x0000000008000000      0x10c
                0x0000000008000000                . = ALIGN (0x4)
 *(.isr_vector)
 .isr_vector    0x0000000008000000      0x10c Core/Startup/startup_stm32f103c8tx.o
                0x0000000008000000                g_pfnVectors
                0x000000000800010c                . = ALIGN (0x4)

.text           0x000000000800010c     0x7154
                0x000000000800010c                . = ALIGN (0x4)
 *(.text)
 .text          0x000000000800010c       0x40 /opt/st/stm32cubeide_1.4.0/plugins/com.st.stm32cube.ide.mcu.externaltools.gnu-tools-for-stm32.7-2018-q2-update.linux64_1.4.0.202007081208/tools/bin/../lib/gcc/arm-none-eabi/7.3.1/thumb/v7-m/crtbegin.o
 .text          0x000000000800014c       0x14 /opt/st/stm32cubeide_1.4.0/plugins/com.st.stm32cube.ide.mcu.externaltools.gnu-tools-for-stm32.7-2018-q2-update.linux64_1.4.0.202007081208/tools/bin/../lib/gcc/arm-none-eabi/7.3.1/../../../../arm-none-eabi/lib/thumb/v7-m/libc_nano.a(lib_a-strcmp.o)
                0x000000000800014c                strcmp
 *(.text*)
 .text._ZN6braids16AnalogOscillator14RenderTriangleEPKhPsPhj
                0x0000000008000160       0x78 Core/Src/braids/analog_oscillator.o
                0x0000000008000160                braids::AnalogOscillator::RenderTriangle(unsigned char const*, short*, unsigned char*, unsigned int)
 .text._ZN6braids16AnalogOscillator10RenderSineEPKhPsPhj
                0x00000000080001d8       0x74 Core/Src/braids/analog_oscillator.o
                0x00000000080001d8                braids::AnalogOscillator::RenderSine(unsigned char const*, short*, unsigned char*, unsigned int)
 .text._ZN6braids16AnalogOscillator18RenderTriangleFoldEPKhPsPhj
                0x000000000800024c      0x128 Core/Src/braids/analog_oscillator.o
                0x000000000800024c                braids::AnalogOscillator::RenderTriangleFold(unsigned char const*, short*, unsigned char*, unsigned int)
 .text._ZN6braids16AnalogOscillator14RenderSineFoldEPKhPsPhj
                0x0000000008000374      0x150 Core/Src/braids/analog_oscillator.o
                0x0000000008000374                braids::AnalogOscillator::RenderSineFold(unsigned char const*, short*, unsigned char*, unsigned int)
 .text._ZN6braids16AnalogOscillator10RenderBuzzEPKhPsPhj
                0x00000000080004c4       0xb0 Core/Src/braids/analog_oscillator.o
                0x00000000080004c4                braids::AnalogOscillator::RenderBuzz(unsigned char const*, short*, unsigned char*, unsigned int)
 .text._ZN6braids16AnalogOscillator14ThisBlepSampleEm.isra.0
                0x0000000008000574       0x10 Core/Src/braids/analog_oscillator.o
 .text._ZN6braids16AnalogOscillator14NextBlepSampleEm.isra.1
                0x0000000008000584       0x14 Core/Src/braids/analog_oscillator.o
 .text._ZN6braids16AnalogOscillator10RenderCSawEPKhPsPhj
                0x0000000008000598      0x1ea Core/Src/braids/analog_oscillator.o
                0x0000000008000598                braids::AnalogOscillator::RenderCSaw(unsigned char const*, short*, unsigned char*, unsigned int)
 .text._ZN6braids16AnalogOscillator12RenderSquareEPKhPsPhj
                0x0000000008000782      0x1ae Core/Src/braids/analog_oscillator.o
                0x0000000008000782                braids::AnalogOscillator::RenderSquare(unsigned char const*, short*, unsigned char*, unsigned int)
 .text._ZN6braids16AnalogOscillator9RenderSawEPKhPsPhj
                0x0000000008000930      0x11a Core/Src/braids/analog_oscillator.o
                0x0000000008000930                braids::AnalogOscillator::RenderSaw(unsigned char const*, short*, unsigned char*, unsigned int)
 .text._ZN6braids16AnalogOscillator17RenderVariableSawEPKhPsPhj
                0x0000000008000a4a      0x1ae Core/Src/braids/analog_oscillator.o
                0x0000000008000a4a                braids::AnalogOscillator::RenderVariableSaw(unsigned char const*, short*, unsigned char*, unsigned int)
 .text._ZN6braids16AnalogOscillator21ComputePhaseIncrementEs
                0x0000000008000bf8       0x40 Core/Src/braids/analog_oscillator.o
                0x0000000008000bf8                braids::AnalogOscillator::ComputePhaseIncrement(short)
 .text._ZN6braids16AnalogOscillator6RenderEPKhPsPhj
                0x0000000008000c38       0x90 Core/Src/braids/analog_oscillator.o
                0x0000000008000c38                braids::AnalogOscillator::Render(unsigned char const*, short*, unsigned char*, unsigned int)
 .text._ZN6braids17DigitalOscillator9RenderToyEPKhPsj
                0x0000000008000cc8       0xa8 Core/Src/braids/digital_oscillator.o
                0x0000000008000cc8                braids::DigitalOscillator::RenderToy(unsigned char const*, short*, unsigned int)
 .text._ZN6braids17DigitalOscillator15RenderHarmonicsEPKhPsj
                0x0000000008000d70      0x1c0 Core/Src/braids/digital_oscillator.o
                0x0000000008000d70                braids::DigitalOscillator::RenderHarmonics(unsigned char const*, short*, unsigned int)
 .text._ZN6braids17DigitalOscillator11RenderBowedEPKhPsj
                0x0000000008000f30      0x22c Core/Src/braids/digital_oscillator.o
                0x0000000008000f30                braids::DigitalOscillator::RenderBowed(unsigned char const*, short*, unsigned int)
 .text._ZN6braids10Excitation7ProcessEv
                0x000000000800115c       0x2e Core/Src/braids/digital_oscillator.o
                0x000000000800115c                braids::Excitation::Process()
 .text._ZN6braids3Svf4InitEv
                0x000000000800118a       0x1c Core/Src/braids/digital_oscillator.o
                0x000000000800118a                braids::Svf::Init()
 .text._ZN6braids3Svf13set_frequencyEs
                0x00000000080011a6       0x14 Core/Src/braids/digital_oscillator.o
                0x00000000080011a6                braids::Svf::set_frequency(short)
 *fill*         0x00000000080011ba        0x2 
 .text._ZN6braids3Svf7ProcessEl
                0x00000000080011bc       0xe0 Core/Src/braids/digital_oscillator.o
                0x00000000080011bc                braids::Svf::Process(long)
 .text._ZN6braids17DigitalOscillator10RenderKickEPKhPsj
                0x000000000800129c      0x1a0 Core/Src/braids/digital_oscillator.o
                0x000000000800129c                braids::DigitalOscillator::RenderKick(unsigned char const*, short*, unsigned int)
 .text._ZN6stmlib6Random7GetWordEv
                0x000000000800143c       0x1c Core/Src/braids/digital_oscillator.o
                0x000000000800143c                stmlib::Random::GetWord()
 .text._ZN6braids17DigitalOscillator19RenderParticleNoiseEPKhPsj
                0x0000000008001458      0x2cc Core/Src/braids/digital_oscillator.o
                0x0000000008001458                braids::DigitalOscillator::RenderParticleNoise(unsigned char const*, short*, unsigned int)
 .text._ZN6stmlib6Random9GetSampleEv
                0x0000000008001724        0xa Core/Src/braids/digital_oscillator.o
                0x0000000008001724                stmlib::Random::GetSample()
 *fill*         0x000000000800172e        0x2 
 .text._ZN6braids17DigitalOscillator11RenderVowelEPKhPsj
                0x0000000008001730      0x19c Core/Src/braids/digital_oscillator.o
                0x0000000008001730                braids::DigitalOscillator::RenderVowel(unsigned char const*, short*, unsigned int)
 .text._ZN6braids17DigitalOscillator11RenderBlownEPKhPsj
                0x00000000080018cc      0x164 Core/Src/braids/digital_oscillator.o
                0x00000000080018cc                braids::DigitalOscillator::RenderBlown(unsigned char const*, short*, unsigned int)
 .text._ZN6braids17DigitalOscillator12RenderFlutedEPKhPsj
                0x0000000008001a30      0x208 Core/Src/braids/digital_oscillator.o
                0x0000000008001a30                braids::DigitalOscillator::RenderFluted(unsigned char const*, short*, unsigned int)
 .text._ZN6braids17DigitalOscillator19RenderGranularCloudEPKhPsj
                0x0000000008001c38      0x1a4 Core/Src/braids/digital_oscillator.o
                0x0000000008001c38                braids::DigitalOscillator::RenderGranularCloud(unsigned char const*, short*, unsigned int)
 .text._ZN6braids17DigitalOscillator18RenderQuestionMarkEPKhPsj
                0x0000000008001ddc      0x178 Core/Src/braids/digital_oscillator.o
                0x0000000008001ddc                braids::DigitalOscillator::RenderQuestionMark(unsigned char const*, short*, unsigned int)
 .text._ZN6braids17DigitalOscillator11RenderSnareEPKhPsj
                0x0000000008001f54      0x240 Core/Src/braids/digital_oscillator.o
                0x0000000008001f54                braids::DigitalOscillator::RenderSnare(unsigned char const*, short*, unsigned int)
 .text._ZN6braids17DigitalOscillator13RenderPluckedEPKhPsj
                0x0000000008002194      0x200 Core/Src/braids/digital_oscillator.o
                0x0000000008002194                braids::DigitalOscillator::RenderPlucked(unsigned char const*, short*, unsigned int)
 .text._ZN6braids17DigitalOscillator21ComputePhaseIncrementEs
                0x0000000008002394       0x40 Core/Src/braids/digital_oscillator.o
                0x0000000008002394                braids::DigitalOscillator::ComputePhaseIncrement(short)
 .text._ZN6braids17DigitalOscillator19RenderTripleRingModEPKhPsj
                0x00000000080023d4      0x120 Core/Src/braids/digital_oscillator.o
                0x00000000080023d4                braids::DigitalOscillator::RenderTripleRingMod(unsigned char const*, short*, unsigned int)
 .text._ZN6braids17DigitalOscillator14RenderSawSwarmEPKhPsj
                0x00000000080024f4      0x20c Core/Src/braids/digital_oscillator.o
                0x00000000080024f4                braids::DigitalOscillator::RenderSawSwarm(unsigned char const*, short*, unsigned int)
 .text._ZN6braids17DigitalOscillator19RenderDigitalFilterEPKhPsj
                0x0000000008002700      0x1f0 Core/Src/braids/digital_oscillator.o
                0x0000000008002700                braids::DigitalOscillator::RenderDigitalFilter(unsigned char const*, short*, unsigned int)
 .text._ZN6braids17DigitalOscillator11RenderVosimEPKhPsj
                0x00000000080028f0       0xf0 Core/Src/braids/digital_oscillator.o
                0x00000000080028f0                braids::DigitalOscillator::RenderVosim(unsigned char const*, short*, unsigned int)
 .text._ZN6braids17DigitalOscillator8RenderFmEPKhPsj
                0x00000000080029e0       0xd4 Core/Src/braids/digital_oscillator.o
                0x00000000080029e0                braids::DigitalOscillator::RenderFm(unsigned char const*, short*, unsigned int)
 .text._ZN6braids17DigitalOscillator16RenderFeedbackFmEPKhPsj
                0x0000000008002ab4      0x104 Core/Src/braids/digital_oscillator.o
                0x0000000008002ab4                braids::DigitalOscillator::RenderFeedbackFm(unsigned char const*, short*, unsigned int)
 .text._ZN6braids17DigitalOscillator23RenderChaoticFeedbackFmEPKhPsj
                0x0000000008002bb8       0xe8 Core/Src/braids/digital_oscillator.o
                0x0000000008002bb8                braids::DigitalOscillator::RenderChaoticFeedbackFm(unsigned char const*, short*, unsigned int)
 .text._ZN6braids17DigitalOscillator16RenderStruckDrumEPKhPsj
                0x0000000008002ca0      0x274 Core/Src/braids/digital_oscillator.o
                0x0000000008002ca0                braids::DigitalOscillator::RenderStruckDrum(unsigned char const*, short*, unsigned int)
 .text._ZN6braids17DigitalOscillator12RenderCymbalEPKhPsj
                0x0000000008002f14      0x198 Core/Src/braids/digital_oscillator.o
                0x0000000008002f14                braids::DigitalOscillator::RenderCymbal(unsigned char const*, short*, unsigned int)
 .text._ZN6braids17DigitalOscillator16RenderStruckBellEPKhPsj
                0x00000000080030ac      0x164 Core/Src/braids/digital_oscillator.o
                0x00000000080030ac                braids::DigitalOscillator::RenderStruckBell(unsigned char const*, short*, unsigned int)
 .text._ZN6braids17DigitalOscillator12ComputeDelayEs
                0x0000000008003210       0x44 Core/Src/braids/digital_oscillator.o
                0x0000000008003210                braids::DigitalOscillator::ComputeDelay(short)
 .text._ZN6braids17DigitalOscillator10RenderCombEPKhPsj
                0x0000000008003254       0xec Core/Src/braids/digital_oscillator.o
                0x0000000008003254                braids::DigitalOscillator::RenderComb(unsigned char const*, short*, unsigned int)
 .text._ZN6braids17DigitalOscillator6RenderEPKhPsj
                0x0000000008003340      0x110 Core/Src/braids/digital_oscillator.o
                0x0000000008003340                braids::DigitalOscillator::Render(unsigned char const*, short*, unsigned int)
 .text._ZN6braids17DigitalOscillator27InterpolateFormantParameterEPA5_A5_Ksssh
                0x0000000008003450       0x60 Core/Src/braids/digital_oscillator.o
                0x0000000008003450                braids::DigitalOscillator::InterpolateFormantParameter(short const (*) [5][5], short, short, unsigned char)
 .text._ZN6braids17DigitalOscillator14RenderVowelFofEPKhPsj
                0x00000000080034b0      0x1d4 Core/Src/braids/digital_oscillator.o
                0x00000000080034b0                braids::DigitalOscillator::RenderVowelFof(unsigned char const*, short*, unsigned int)
 .text._ZN6braids15MacroOscillator10RenderBuzzEPKhPsj
                0x0000000008003684       0x76 Core/Src/braids/macro_oscillator.o
                0x0000000008003684                braids::MacroOscillator::RenderBuzz(unsigned char const*, short*, unsigned int)
 .text._ZN6braids15MacroOscillator10RenderCSawEPKhPsj
                0x00000000080036fa       0x50 Core/Src/braids/macro_oscillator.o
                0x00000000080036fa                braids::MacroOscillator::RenderCSaw(unsigned char const*, short*, unsigned int)
 .text._ZN6braids15MacroOscillator15RenderSawSquareEPKhPsj
                0x000000000800374a       0xaa Core/Src/braids/macro_oscillator.o
                0x000000000800374a                braids::MacroOscillator::RenderSawSquare(unsigned char const*, short*, unsigned int)
 .text._ZN6braids15MacroOscillator9RenderSubEPKhPsj
                0x00000000080037f4       0xda Core/Src/braids/macro_oscillator.o
                0x00000000080037f4                braids::MacroOscillator::RenderSub(unsigned char const*, short*, unsigned int)
 .text._ZN6braids15MacroOscillator14RenderDualSyncEPKhPsj
                0x00000000080038ce       0xba Core/Src/braids/macro_oscillator.o
                0x00000000080038ce                braids::MacroOscillator::RenderDualSync(unsigned char const*, short*, unsigned int)
 .text._ZN6braids15MacroOscillator18RenderSineTriangleEPKhPsj
                0x0000000008003988       0xd8 Core/Src/braids/macro_oscillator.o
                0x0000000008003988                braids::MacroOscillator::RenderSineTriangle(unsigned char const*, short*, unsigned int)
 .text._ZN6braids15MacroOscillator11RenderMorphEPKhPsj
                0x0000000008003a60      0x1a8 Core/Src/braids/macro_oscillator.o
                0x0000000008003a60                braids::MacroOscillator::RenderMorph(unsigned char const*, short*, unsigned int)
 .text._ZN6braids15MacroOscillator12RenderTripleEPKhPsj
                0x0000000008003c08      0x110 Core/Src/braids/macro_oscillator.o
                0x0000000008003c08                braids::MacroOscillator::RenderTriple(unsigned char const*, short*, unsigned int)
 .text._ZN6braids15MacroOscillator13RenderSawCombEPKhPsj
                0x0000000008003d18       0x6e Core/Src/braids/macro_oscillator.o
                0x0000000008003d18                braids::MacroOscillator::RenderSawComb(unsigned char const*, short*, unsigned int)
 .text._ZN6braids15MacroOscillator13RenderDigitalEPKhPsj
                0x0000000008003d86       0x4a Core/Src/braids/macro_oscillator.o
                0x0000000008003d86                braids::MacroOscillator::RenderDigital(unsigned char const*, short*, unsigned int)
 .text._ZN6braids15MacroOscillator6RenderEPKhPsj
                0x0000000008003dd0       0x30 Core/Src/braids/macro_oscillator.o
                0x0000000008003dd0                braids::MacroOscillator::Render(unsigned char const*, short*, unsigned int)
 .text._ZN6braids9Quantizer4InitEv
                0x0000000008003e00       0x28 Core/Src/braids/quantizer.o
                0x0000000008003e00                braids::Quantizer::Init()
 .text._ZN6braids9Quantizer9ConfigureEPKssj
                0x0000000008003e28       0x7c Core/Src/braids/quantizer.o
                0x0000000008003e28                braids::Quantizer::Configure(short const*, short, unsigned int)
 .text._ZN6braids9Quantizer7ProcessEll
                0x0000000008003ea4       0xb6 Core/Src/braids/quantizer.o
                0x0000000008003ea4                braids::Quantizer::Process(long, long)
 *fill*         0x0000000008003f5a        0x2 
 .text._ZN6braids8Settings5ResetEv
                0x0000000008003f5c       0x18 Core/Src/braids/settings.o
                0x0000000008003f5c                braids::Settings::Reset()
 .text._ZN6braids8Settings11CheckPaquesEv
                0x0000000008003f74       0x1c Core/Src/braids/settings.o
                0x0000000008003f74                braids::Settings::CheckPaques()
 .text._ZN6braids8Settings4InitEv
                0x0000000008003f90       0x80 Core/Src/braids/settings.o
                0x0000000008003f90                braids::Settings::Init()
 .text._ZN6braids8Settings4SaveEv
                0x0000000008004010        0xa Core/Src/braids/settings.o
                0x0000000008004010                braids::Settings::Save()
 .text._ZN6braids3Adc4InitEv
                0x000000000800401a        0x2 Core/Src/braids/drivers/adc.o
                0x000000000800401a                braids::Adc::Init()
 .text._Z18SystemClock_Configv
                0x000000000800401c       0x56 Core/Src/main.o
                0x000000000800401c                SystemClock_Config()
 *fill*         0x0000000008004072        0x2 
 .text.startup.main
                0x0000000008004074       0x8c Core/Src/main.o
                0x0000000008004074                main
 .text.HAL_MspInit
                0x0000000008004100       0x64 Core/Src/stm32f1xx_hal_msp.o
                0x0000000008004100                HAL_MspInit
 .text.HAL_I2C_MspInit
                0x0000000008004164       0x7c Core/Src/stm32f1xx_hal_msp.o
                0x0000000008004164                HAL_I2C_MspInit
 .text.NMI_Handler
                0x00000000080041e0        0xc Core/Src/stm32f1xx_it.o
                0x00000000080041e0                NMI_Handler
 .text.HardFault_Handler
                0x00000000080041ec        0x6 Core/Src/stm32f1xx_it.o
                0x00000000080041ec                HardFault_Handler
 .text.MemManage_Handler
                0x00000000080041f2        0x6 Core/Src/stm32f1xx_it.o
                0x00000000080041f2                MemManage_Handler
 .text.BusFault_Handler
                0x00000000080041f8        0x6 Core/Src/stm32f1xx_it.o
                0x00000000080041f8                BusFault_Handler
 .text.UsageFault_Handler
                0x00000000080041fe        0x6 Core/Src/stm32f1xx_it.o
                0x00000000080041fe                UsageFault_Handler
 .text.SVC_Handler
                0x0000000008004204        0xc Core/Src/stm32f1xx_it.o
                0x0000000008004204                SVC_Handler
 .text.DebugMon_Handler
                0x0000000008004210        0xc Core/Src/stm32f1xx_it.o
                0x0000000008004210                DebugMon_Handler
 .text.PendSV_Handler
                0x000000000800421c        0xc Core/Src/stm32f1xx_it.o
                0x000000000800421c                PendSV_Handler
 .text.SysTick_Handler
                0x0000000008004228        0xc Core/Src/stm32f1xx_it.o
                0x0000000008004228                SysTick_Handler
 .text.SystemInit
                0x0000000008004234       0x68 Core/Src/system_stm32f1xx.o
                0x0000000008004234                SystemInit
 .text._ZL14callbackRenderi
                0x000000000800429c       0x20 Core/Src/multiengine/MainLoop.o
 .text._ZN6braids15MacroOscillator4InitEv
                0x00000000080042bc      0x12a Core/Src/multiengine/MainLoop.o
                0x00000000080042bc                braids::MacroOscillator::Init()
 *fill*         0x00000000080043e6        0x2 
 .text._ZN8MainLoop4initEv
                0x00000000080043e8      0x100 Core/Src/multiengine/MainLoop.o
                0x00000000080043e8                MainLoop::init()
 .text._ZN8MainLoop6renderEPhm
                0x00000000080044e8      0x320 Core/Src/multiengine/MainLoop.o
                0x00000000080044e8                MainLoop::render(unsigned char*, unsigned long)
 .text._ZN8MainLoop15adcStateMachineEv
                0x0000000008004808       0x30 Core/Src/multiengine/MainLoop.o
                0x0000000008004808                MainLoop::adcStateMachine()
 .text._ZN8MainLoop4loopEv
                0x0000000008004838       0xf4 Core/Src/multiengine/MainLoop.o
                0x0000000008004838                MainLoop::loop()
 .text.startup._GLOBAL__sub_I__ZN6stmlib11GetUniqueIdEh
                0x000000000800492c       0x24 Core/Src/multiengine/MainLoop.o
 .text._ZNK7Encoder9incrementEv.isra.0
                0x0000000008004950       0x24 Core/Src/multiengine/Ui.o
 .text._ZN2Ui7sysTickEv
                0x0000000008004974       0x1e Core/Src/multiengine/Ui.o
                0x0000000008004974                Ui::sysTick()
 *fill*         0x0000000008004992        0x2 
 .text._ZN2Ui15saveAllSettingsEv
                0x0000000008004994       0x2c Core/Src/multiengine/Ui.o
                0x0000000008004994                Ui::saveAllSettings()
 .text._ZN2Ui15loadAllSettingsEv
                0x00000000080049c0       0x58 Core/Src/multiengine/Ui.o
                0x00000000080049c0                Ui::loadAllSettings()
 .text._ZN2Ui4initEPN6braids3AdcEP6Memory
                0x0000000008004a18       0x78 Core/Src/multiengine/Ui.o
                0x0000000008004a18                Ui::init(braids::Adc*, Memory*)
 .text._ZN2Ui4loopEv
                0x0000000008004a90      0x2e0 Core/Src/multiengine/Ui.o
                0x0000000008004a90                Ui::loop()
 .text._ZN7Display4initEv
                0x0000000008004d70        0x2 Core/Src/multiengine/hal/Display.o
                0x0000000008004d70                Display::init()
 *fill*         0x0000000008004d72        0x2 
 .text._ZN7Display8showCharEa
                0x0000000008004d74       0x2c Core/Src/multiengine/hal/Display.o
                0x0000000008004d74                Display::showChar(signed char)
 .text._ZN7Display8showBankEh
                0x0000000008004da0       0x32 Core/Src/multiengine/hal/Display.o
                0x0000000008004da0                Display::showBank(unsigned char)
 .text._ZN7Display10showConfigEh
                0x0000000008004dd2        0x6 Core/Src/multiengine/hal/Display.o
                0x0000000008004dd2                Display::showConfig(unsigned char)
 .text._ZN7Display9showValueEhh
                0x0000000008004dd8       0x56 Core/Src/multiengine/hal/Display.o
                0x0000000008004dd8                Display::showValue(unsigned char, unsigned char)
 .text._ZN7Encoder4InitEv
                0x0000000008004e2e        0xe Core/Src/multiengine/hal/Encoder.o
                0x0000000008004e2e                Encoder::Init()
 .text._ZN7Encoder7sysTickEv
                0x0000000008004e3c        0xa Core/Src/multiengine/hal/Encoder.o
                0x0000000008004e3c                Encoder::sysTick()
 .text._ZN7Encoder4loopEv
                0x0000000008004e46       0x84 Core/Src/multiengine/hal/Encoder.o
                0x0000000008004e46                Encoder::loop()
 .text._ZN7Encoder11pressedLongEv
                0x0000000008004eca        0xc Core/Src/multiengine/hal/Encoder.o
                0x0000000008004eca                Encoder::pressedLong()
 .text._ZN7Encoder7pressedEv
                0x0000000008004ed6        0xa Core/Src/multiengine/hal/Encoder.o
                0x0000000008004ed6                Encoder::pressed()
 .text._ZN6Memory10readUInt32Et
                0x0000000008004ee0       0x16 Core/Src/multiengine/hal/Memory.o
                0x0000000008004ee0                Memory::readUInt32(unsigned short)
 .text._ZN6Memory9readUInt8Et
                0x0000000008004ef6       0x18 Core/Src/multiengine/hal/Memory.o
                0x0000000008004ef6                Memory::readUInt8(unsigned short)
 .text._ZN6Memory10readUInt16Et
                0x0000000008004f0e       0x18 Core/Src/multiengine/hal/Memory.o
                0x0000000008004f0e                Memory::readUInt16(unsigned short)
 .text._ZN6Memory11writeUInt32Etm
                0x0000000008004f26       0x16 Core/Src/multiengine/hal/Memory.o
                0x0000000008004f26                Memory::writeUInt32(unsigned short, unsigned long)
 .text._ZN6Memory10writeUInt8Eth
                0x0000000008004f3c       0x16 Core/Src/multiengine/hal/Memory.o
                0x0000000008004f3c                Memory::writeUInt8(unsigned short, unsigned char)
 .text._ZN6Memory11writeUInt16Ett
                0x0000000008004f52       0x16 Core/Src/multiengine/hal/Memory.o
                0x0000000008004f52                Memory::writeUInt16(unsigned short, unsigned short)
 .text.DMA1_Channel5_IRQHandler
                0x0000000008004f68       0x38 Core/Src/multiengine/hal/MultiEngineHAL.o
                0x0000000008004f68                DMA1_Channel5_IRQHandler
 .text.mehal_init
                0x0000000008004fa0      0x318 Core/Src/multiengine/hal/MultiEngineHAL.o
                0x0000000008004fa0                mehal_init
 .text.mehal_readADC
                0x00000000080052b8       0x40 Core/Src/multiengine/hal/MultiEngineHAL.o
                0x00000000080052b8                mehal_readADC
 .text.mehal_i2cMemRead
                0x00000000080052f8       0x24 Core/Src/multiengine/hal/MultiEngineHAL.o
                0x00000000080052f8                mehal_i2cMemRead
 .text.mehal_i2cMemWrite
                0x000000000800531c       0x2c Core/Src/multiengine/hal/MultiEngineHAL.o
                0x000000000800531c                mehal_i2cMemWrite
 .text.mehal_toogleBoardLed
                0x0000000008005348       0x10 Core/Src/multiengine/hal/MultiEngineHAL.o
                0x0000000008005348                mehal_toogleBoardLed
 .text.mehal_debugPinSet
                0x0000000008005358        0x2 Core/Src/multiengine/hal/MultiEngineHAL.o
                0x0000000008005358                mehal_debugPinSet
 .text.mehal_debugPinReset
                0x000000000800535a        0x2 Core/Src/multiengine/hal/MultiEngineHAL.o
                0x000000000800535a                mehal_debugPinReset
 .text.mehal_readGateInput
                0x000000000800535c       0x10 Core/Src/multiengine/hal/MultiEngineHAL.o
                0x000000000800535c                mehal_readGateInput
 .text.mehal_readEncoderSwitch
                0x000000000800536c       0x10 Core/Src/multiengine/hal/MultiEngineHAL.o
                0x000000000800536c                mehal_readEncoderSwitch
 .text.mehal_readEncoderA
                0x000000000800537c       0x10 Core/Src/multiengine/hal/MultiEngineHAL.o
                0x000000000800537c                mehal_readEncoderA
 .text.mehal_readEncoderB
                0x000000000800538c       0x10 Core/Src/multiengine/hal/MultiEngineHAL.o
                0x000000000800538c                mehal_readEncoderB
 .text.mehal_sendDataTo595
                0x000000000800539c       0x68 Core/Src/multiengine/hal/MultiEngineHAL.o
                0x000000000800539c                mehal_sendDataTo595
 .text.mehal_setConfigLed
                0x0000000008005404       0x18 Core/Src/multiengine/hal/MultiEngineHAL.o
                0x0000000008005404                mehal_setConfigLed
 .text.mehal_setBank1Led
                0x000000000800541c       0x18 Core/Src/multiengine/hal/MultiEngineHAL.o
                0x000000000800541c                mehal_setBank1Led
 .text.mehal_setBank0Led
                0x0000000008005434       0x18 Core/Src/multiengine/hal/MultiEngineHAL.o
                0x0000000008005434                mehal_setBank0Led
 .text.Reset_Handler
                0x000000000800544c       0x48 Core/Startup/startup_stm32f103c8tx.o
                0x000000000800544c                Reset_Handler
 .text.Default_Handler
                0x0000000008005494        0x2 Core/Startup/startup_stm32f103c8tx.o
                0x0000000008005494                RTC_Alarm_IRQHandler
                0x0000000008005494                EXTI2_IRQHandler
                0x0000000008005494                TIM1_CC_IRQHandler
                0x0000000008005494                PVD_IRQHandler
                0x0000000008005494                EXTI3_IRQHandler
                0x0000000008005494                EXTI0_IRQHandler
                0x0000000008005494                I2C2_EV_IRQHandler
                0x0000000008005494                ADC1_2_IRQHandler
                0x0000000008005494                SPI1_IRQHandler
                0x0000000008005494                TAMPER_IRQHandler
                0x0000000008005494                DMA1_Channel4_IRQHandler
                0x0000000008005494                USART3_IRQHandler
                0x0000000008005494                RTC_IRQHandler
                0x0000000008005494                DMA1_Channel7_IRQHandler
                0x0000000008005494                CAN1_RX1_IRQHandler
                0x0000000008005494                TIM4_IRQHandler
                0x0000000008005494                I2C1_EV_IRQHandler
                0x0000000008005494                DMA1_Channel6_IRQHandler
                0x0000000008005494                TIM3_IRQHandler
                0x0000000008005494                RCC_IRQHandler
                0x0000000008005494                TIM1_TRG_COM_IRQHandler
                0x0000000008005494                DMA1_Channel1_IRQHandler
                0x0000000008005494                Default_Handler
                0x0000000008005494                EXTI15_10_IRQHandler
                0x0000000008005494                EXTI9_5_IRQHandler
                0x0000000008005494                SPI2_IRQHandler
                0x0000000008005494                EXTI4_IRQHandler
                0x0000000008005494                USB_LP_CAN1_RX0_IRQHandler
                0x0000000008005494                USB_HP_CAN1_TX_IRQHandler
                0x0000000008005494                DMA1_Channel3_IRQHandler
                0x0000000008005494                TIM1_UP_IRQHandler
                0x0000000008005494                WWDG_IRQHandler
                0x0000000008005494                TIM2_IRQHandler
                0x0000000008005494                TIM1_BRK_IRQHandler
                0x0000000008005494                EXTI1_IRQHandler
                0x0000000008005494                USART2_IRQHandler
                0x0000000008005494                I2C2_ER_IRQHandler
                0x0000000008005494                DMA1_Channel2_IRQHandler
                0x0000000008005494                CAN1_SCE_IRQHandler
                0x0000000008005494                FLASH_IRQHandler
                0x0000000008005494                USART1_IRQHandler
                0x0000000008005494                I2C1_ER_IRQHandler
                0x0000000008005494                USBWakeUp_IRQHandler
 *fill*         0x0000000008005496        0x2 
 .text.HAL_Init
                0x0000000008005498       0x2c Drivers/STM32F1xx_HAL_Driver/Src/stm32f1xx_hal.o
                0x0000000008005498                HAL_Init
 .text.HAL_InitTick
                0x00000000080054c4       0x60 Drivers/STM32F1xx_HAL_Driver/Src/stm32f1xx_hal.o
                0x00000000080054c4                HAL_InitTick
 .text.HAL_IncTick
                0x0000000008005524       0x24 Drivers/STM32F1xx_HAL_Driver/Src/stm32f1xx_hal.o
                0x0000000008005524                HAL_IncTick
 .text.HAL_GetTick
                0x0000000008005548       0x14 Drivers/STM32F1xx_HAL_Driver/Src/stm32f1xx_hal.o
                0x0000000008005548                HAL_GetTick
 .text.HAL_Delay
                0x000000000800555c       0x44 Drivers/STM32F1xx_HAL_Driver/Src/stm32f1xx_hal.o
                0x000000000800555c                HAL_Delay
 .text.__NVIC_SetPriorityGrouping
                0x00000000080055a0       0x48 Drivers/STM32F1xx_HAL_Driver/Src/stm32f1xx_hal_cortex.o
 .text.__NVIC_GetPriorityGrouping
                0x00000000080055e8       0x1c Drivers/STM32F1xx_HAL_Driver/Src/stm32f1xx_hal_cortex.o
 .text.__NVIC_SetPriority
                0x0000000008005604       0x54 Drivers/STM32F1xx_HAL_Driver/Src/stm32f1xx_hal_cortex.o
 .text.NVIC_EncodePriority
                0x0000000008005658       0x64 Drivers/STM32F1xx_HAL_Driver/Src/stm32f1xx_hal_cortex.o
 .text.SysTick_Config
                0x00000000080056bc       0x44 Drivers/STM32F1xx_HAL_Driver/Src/stm32f1xx_hal_cortex.o
 .text.HAL_NVIC_SetPriorityGrouping
                0x0000000008005700       0x16 Drivers/STM32F1xx_HAL_Driver/Src/stm32f1xx_hal_cortex.o
                0x0000000008005700                HAL_NVIC_SetPriorityGrouping
 .text.HAL_NVIC_SetPriority
                0x0000000008005716       0x38 Drivers/STM32F1xx_HAL_Driver/Src/stm32f1xx_hal_cortex.o
                0x0000000008005716                HAL_NVIC_SetPriority
 .text.HAL_SYSTICK_Config
                0x000000000800574e       0x18 Drivers/STM32F1xx_HAL_Driver/Src/stm32f1xx_hal_cortex.o
                0x000000000800574e                HAL_SYSTICK_Config
 *fill*         0x0000000008005766        0x2 
 .text.HAL_GPIO_Init
                0x0000000008005768      0x2b4 Drivers/STM32F1xx_HAL_Driver/Src/stm32f1xx_hal_gpio.o
                0x0000000008005768                HAL_GPIO_Init
 .text.HAL_GPIO_ReadPin
                0x0000000008005a1c       0x2e Drivers/STM32F1xx_HAL_Driver/Src/stm32f1xx_hal_gpio.o
                0x0000000008005a1c                HAL_GPIO_ReadPin
 .text.HAL_GPIO_WritePin
                0x0000000008005a4a       0x30 Drivers/STM32F1xx_HAL_Driver/Src/stm32f1xx_hal_gpio.o
                0x0000000008005a4a                HAL_GPIO_WritePin
 .text.HAL_GPIO_TogglePin
                0x0000000008005a7a       0x30 Drivers/STM32F1xx_HAL_Driver/Src/stm32f1xx_hal_gpio.o
                0x0000000008005a7a                HAL_GPIO_TogglePin
 *fill*         0x0000000008005aaa        0x2 
 .text.HAL_I2C_Init
                0x0000000008005aac      0x250 Drivers/STM32F1xx_HAL_Driver/Src/stm32f1xx_hal_i2c.o
                0x0000000008005aac                HAL_I2C_Init
 .text.HAL_I2C_Mem_Write
                0x0000000008005cfc      0x1f4 Drivers/STM32F1xx_HAL_Driver/Src/stm32f1xx_hal_i2c.o
                0x0000000008005cfc                HAL_I2C_Mem_Write
 .text.HAL_I2C_Mem_Read
                0x0000000008005ef0      0x46c Drivers/STM32F1xx_HAL_Driver/Src/stm32f1xx_hal_i2c.o
                0x0000000008005ef0                HAL_I2C_Mem_Read
 .text.I2C_RequestMemoryWrite
                0x000000000800635c      0x114 Drivers/STM32F1xx_HAL_Driver/Src/stm32f1xx_hal_i2c.o
 .text.I2C_RequestMemoryRead
                0x0000000008006470      0x1a0 Drivers/STM32F1xx_HAL_Driver/Src/stm32f1xx_hal_i2c.o
 .text.I2C_WaitOnFlagUntilTimeout
                0x0000000008006610       0xae Drivers/STM32F1xx_HAL_Driver/Src/stm32f1xx_hal_i2c.o
 .text.I2C_WaitOnMasterAddressFlagUntilTimeout
                0x00000000080066be       0xfe Drivers/STM32F1xx_HAL_Driver/Src/stm32f1xx_hal_i2c.o
 .text.I2C_WaitOnTXEFlagUntilTimeout
                0x00000000080067bc       0x82 Drivers/STM32F1xx_HAL_Driver/Src/stm32f1xx_hal_i2c.o
 .text.I2C_WaitOnBTFFlagUntilTimeout
                0x000000000800683e       0x82 Drivers/STM32F1xx_HAL_Driver/Src/stm32f1xx_hal_i2c.o
 .text.I2C_WaitOnRXNEFlagUntilTimeout
                0x00000000080068c0       0xac Drivers/STM32F1xx_HAL_Driver/Src/stm32f1xx_hal_i2c.o
 .text.I2C_IsAcknowledgeFailed
                0x000000000800696c       0x5c Drivers/STM32F1xx_HAL_Driver/Src/stm32f1xx_hal_i2c.o
 .text.HAL_RCC_OscConfig
                0x00000000080069c8      0x500 Drivers/STM32F1xx_HAL_Driver/Src/stm32f1xx_hal_rcc.o
                0x00000000080069c8                HAL_RCC_OscConfig
 .text.HAL_RCC_ClockConfig
                0x0000000008006ec8      0x1d4 Drivers/STM32F1xx_HAL_Driver/Src/stm32f1xx_hal_rcc.o
                0x0000000008006ec8                HAL_RCC_ClockConfig
 .text.HAL_RCC_GetSysClockFreq
                0x000000000800709c       0xc4 Drivers/STM32F1xx_HAL_Driver/Src/stm32f1xx_hal_rcc.o
                0x000000000800709c                HAL_RCC_GetSysClockFreq
 .text.HAL_RCC_GetHCLKFreq
                0x0000000008007160       0x14 Drivers/STM32F1xx_HAL_Driver/Src/stm32f1xx_hal_rcc.o
                0x0000000008007160                HAL_RCC_GetHCLKFreq
 .text.HAL_RCC_GetPCLK1Freq
                0x0000000008007174       0x28 Drivers/STM32F1xx_HAL_Driver/Src/stm32f1xx_hal_rcc.o
                0x0000000008007174                HAL_RCC_GetPCLK1Freq
 .text.RCC_Delay
                0x000000000800719c       0x3c Drivers/STM32F1xx_HAL_Driver/Src/stm32f1xx_hal_rcc.o
 .text.__libc_init_array
                0x00000000080071d8       0x48 /opt/st/stm32cubeide_1.4.0/plugins/com.st.stm32cube.ide.mcu.externaltools.gnu-tools-for-stm32.7-2018-q2-update.linux64_1.4.0.202007081208/tools/bin/../lib/gcc/arm-none-eabi/7.3.1/../../../../arm-none-eabi/lib/thumb/v7-m/libc_nano.a(lib_a-init.o)
                0x00000000080071d8                __libc_init_array
 .text.memcpy   0x0000000008007220       0x16 /opt/st/stm32cubeide_1.4.0/plugins/com.st.stm32cube.ide.mcu.externaltools.gnu-tools-for-stm32.7-2018-q2-update.linux64_1.4.0.202007081208/tools/bin/../lib/gcc/arm-none-eabi/7.3.1/../../../../arm-none-eabi/lib/thumb/v7-m/libc_nano.a(lib_a-memcpy-stub.o)
                0x0000000008007220                memcpy
 .text.memset   0x0000000008007236       0x10 /opt/st/stm32cubeide_1.4.0/plugins/com.st.stm32cube.ide.mcu.externaltools.gnu-tools-for-stm32.7-2018-q2-update.linux64_1.4.0.202007081208/tools/bin/../lib/gcc/arm-none-eabi/7.3.1/../../../../arm-none-eabi/lib/thumb/v7-m/libc_nano.a(lib_a-memset.o)
                0x0000000008007236                memset
 *(.glue_7)
 .glue_7        0x0000000008007246        0x0 linker stubs
 *(.glue_7t)
 .glue_7t       0x0000000008007246        0x0 linker stubs
 *(.eh_frame)
 *fill*         0x0000000008007246        0x2 
 .eh_frame      0x0000000008007248        0x0 /opt/st/stm32cubeide_1.4.0/plugins/com.st.stm32cube.ide.mcu.externaltools.gnu-tools-for-stm32.7-2018-q2-update.linux64_1.4.0.202007081208/tools/bin/../lib/gcc/arm-none-eabi/7.3.1/thumb/v7-m/crtbegin.o
 *(.init)
 .init          0x0000000008007248        0x4 /opt/st/stm32cubeide_1.4.0/plugins/com.st.stm32cube.ide.mcu.externaltools.gnu-tools-for-stm32.7-2018-q2-update.linux64_1.4.0.202007081208/tools/bin/../lib/gcc/arm-none-eabi/7.3.1/thumb/v7-m/crti.o
                0x0000000008007248                _init
 .init          0x000000000800724c        0x8 /opt/st/stm32cubeide_1.4.0/plugins/com.st.stm32cube.ide.mcu.externaltools.gnu-tools-for-stm32.7-2018-q2-update.linux64_1.4.0.202007081208/tools/bin/../lib/gcc/arm-none-eabi/7.3.1/thumb/v7-m/crtn.o
 *(.fini)
 .fini          0x0000000008007254        0x4 /opt/st/stm32cubeide_1.4.0/plugins/com.st.stm32cube.ide.mcu.externaltools.gnu-tools-for-stm32.7-2018-q2-update.linux64_1.4.0.202007081208/tools/bin/../lib/gcc/arm-none-eabi/7.3.1/thumb/v7-m/crti.o
                0x0000000008007254                _fini
 .fini          0x0000000008007258        0x8 /opt/st/stm32cubeide_1.4.0/plugins/com.st.stm32cube.ide.mcu.externaltools.gnu-tools-for-stm32.7-2018-q2-update.linux64_1.4.0.202007081208/tools/bin/../lib/gcc/arm-none-eabi/7.3.1/thumb/v7-m/crtn.o
                0x0000000008007260                . = ALIGN (0x4)
                0x0000000008007260                _etext = .

.vfp11_veneer   0x0000000008007260        0x0
 .vfp11_veneer  0x0000000008007260        0x0 linker stubs

.v4_bx          0x0000000008007260        0x0
 .v4_bx         0x0000000008007260        0x0 linker stubs

.iplt           0x0000000008007260        0x0
 .iplt          0x0000000008007260        0x0 /opt/st/stm32cubeide_1.4.0/plugins/com.st.stm32cube.ide.mcu.externaltools.gnu-tools-for-stm32.7-2018-q2-update.linux64_1.4.0.202007081208/tools/bin/../lib/gcc/arm-none-eabi/7.3.1/thumb/v7-m/crtbegin.o

.rodata         0x0000000008007260     0x6994
                0x0000000008007260                . = ALIGN (0x4)
 *(.rodata)
 .rodata        0x0000000008007260       0x12 Drivers/STM32F1xx_HAL_Driver/Src/stm32f1xx_hal_rcc.o
 *(.rodata*)
 *fill*         0x0000000008007272        0x2 
 .rodata._ZN6braidsL11kPhaseResetE
                0x0000000008007274       0x10 Core/Src/braids/digital_oscillator.o
 .rodata._ZN6braidsL11vowels_dataE
                0x0000000008007284       0x36 Core/Src/braids/digital_oscillator.o
 .rodata._ZN6braidsL13kBellPartialsE
                0x00000000080072ba       0x16 Core/Src/braids/digital_oscillator.o
 .rodata._ZN6braidsL13kDrumPartialsE
                0x00000000080072d0        0xc Core/Src/braids/digital_oscillator.o
 .rodata._ZN6braidsL14consonant_dataE
                0x00000000080072dc       0x30 Core/Src/braids/digital_oscillator.o
 .rodata._ZN6braidsL14formant_a_dataE
                0x000000000800730c       0xfa Core/Src/braids/digital_oscillator.o
 .rodata._ZN6braidsL14formant_f_dataE
                0x0000000008007406       0xfa Core/Src/braids/digital_oscillator.o
 .rodata._ZN6braidsL17kFIR4CoefficientsE
                0x0000000008007500       0x10 Core/Src/braids/digital_oscillator.o
 .rodata._ZN6braidsL21kBellPartialDecayLongE
                0x0000000008007510       0x16 Core/Src/braids/digital_oscillator.o
 .rodata._ZN6braidsL21kDrumPartialAmplitudeE
                0x0000000008007526        0xc Core/Src/braids/digital_oscillator.o
 .rodata._ZN6braidsL21kDrumPartialDecayLongE
                0x0000000008007532        0xc Core/Src/braids/digital_oscillator.o
 .rodata._ZN6braidsL22kBellPartialAmplitudesE
                0x000000000800753e       0x16 Core/Src/braids/digital_oscillator.o
 .rodata._ZN6braidsL22kBellPartialDecayShortE
                0x0000000008007554       0x16 Core/Src/braids/digital_oscillator.o
 .rodata._ZN6braidsL22kDrumPartialDecayShortE
                0x000000000800756a        0xc Core/Src/braids/digital_oscillator.o
 .rodata.CSWTCH.63
                0x0000000008007576        0x3 Core/Src/braids/macro_oscillator.o
 *fill*         0x0000000008007579        0x1 
 .rodata._ZN6braidsL9intervalsE
                0x000000000800757a       0x82 Core/Src/braids/macro_oscillator.o
 .rodata._ZN6braids11ws_tri_foldE
                0x00000000080075fc      0x202 Core/Src/braids/resources.o
                0x00000000080075fc                braids::ws_tri_fold
 .rodata._ZN6braids12lut_env_expoE
                0x00000000080077fe      0x202 Core/Src/braids/resources.o
                0x00000000080077fe                braids::lut_env_expo
 .rodata._ZN6braids12lut_svf_dampE
                0x0000000008007a00      0x202 Core/Src/braids/resources.o
                0x0000000008007a00                braids::lut_svf_damp
 .rodata._ZN6braids12ws_sine_foldE
                0x0000000008007c02      0x202 Core/Src/braids/resources.o
                0x0000000008007c02                braids::ws_sine_fold
 .rodata._ZN6braids14lut_svf_cutoffE
                0x0000000008007e04      0x202 Core/Src/braids/resources.o
                0x0000000008007e04                braids::lut_svf_cutoff
 .rodata._ZN6braids14lut_vco_detuneE
                0x0000000008008006      0x202 Core/Src/braids/resources.o
                0x0000000008008006                braids::lut_vco_detune
 .rodata._ZN6braids15lut_blowing_jetE
                0x0000000008008208      0x202 Core/Src/braids/resources.o
                0x0000000008008208                braids::lut_blowing_jet
 .rodata._ZN6braids16wav_formant_sineE
                0x000000000800840a      0x200 Core/Src/braids/resources.o
                0x000000000800840a                braids::wav_formant_sine
 .rodata._ZN6braids18wav_formant_squareE
                0x000000000800860a      0x200 Core/Src/braids/resources.o
                0x000000000800860a                braids::wav_formant_square
 .rodata._ZN6braids19lut_bowing_envelopeE
                0x000000000800880a      0x5e0 Core/Src/braids/resources.o
                0x000000000800880a                braids::lut_bowing_envelope
 .rodata._ZN6braids19lut_bowing_frictionE
                0x0000000008008dea      0x202 Core/Src/braids/resources.o
                0x0000000008008dea                braids::lut_bowing_friction
 .rodata._ZN6braids19lut_resonator_scaleE
                0x0000000008008fec      0x102 Core/Src/braids/resources.o
                0x0000000008008fec                braids::lut_resonator_scale
 .rodata._ZN6braids20lut_blowing_envelopeE
                0x00000000080090ee      0x310 Core/Src/braids/resources.o
                0x00000000080090ee                braids::lut_blowing_envelope
 .rodata._ZN6braids20ws_violent_overdriveE
                0x00000000080093fe      0x202 Core/Src/braids/resources.o
                0x00000000080093fe                braids::ws_violent_overdrive
 .rodata._ZN6braids21lut_flute_body_filterE
                0x0000000008009600      0x100 Core/Src/braids/resources.o
                0x0000000008009600                braids::lut_flute_body_filter
 .rodata._ZN6braids21lut_granular_envelopeE
                0x0000000008009700      0x402 Core/Src/braids/resources.o
                0x0000000008009700                braids::lut_granular_envelope
 *fill*         0x0000000008009b02        0x2 
 .rodata._ZN6braids21lut_oscillator_delaysE
                0x0000000008009b04      0x184 Core/Src/braids/resources.o
                0x0000000008009b04                braids::lut_oscillator_delays
 .rodata._ZN6braids21ws_moderate_overdriveE
                0x0000000008009c88      0x202 Core/Src/braids/resources.o
                0x0000000008009c88                braids::ws_moderate_overdrive
 .rodata._ZN6braids22wav_bandlimited_comb_0E
                0x0000000008009e8a      0x202 Core/Src/braids/resources.o
                0x0000000008009e8a                braids::wav_bandlimited_comb_0
 .rodata._ZN6braids22wav_bandlimited_comb_1E
                0x000000000800a08c      0x202 Core/Src/braids/resources.o
                0x000000000800a08c                braids::wav_bandlimited_comb_1
 .rodata._ZN6braids22wav_bandlimited_comb_2E
                0x000000000800a28e      0x202 Core/Src/braids/resources.o
                0x000000000800a28e                braids::wav_bandlimited_comb_2
 .rodata._ZN6braids22wav_bandlimited_comb_3E
                0x000000000800a490      0x202 Core/Src/braids/resources.o
                0x000000000800a490                braids::wav_bandlimited_comb_3
 .rodata._ZN6braids22wav_bandlimited_comb_4E
                0x000000000800a692      0x202 Core/Src/braids/resources.o
                0x000000000800a692                braids::wav_bandlimited_comb_4
 .rodata._ZN6braids22wav_bandlimited_comb_5E
                0x000000000800a894      0x202 Core/Src/braids/resources.o
                0x000000000800a894                braids::wav_bandlimited_comb_5
 .rodata._ZN6braids22wav_bandlimited_comb_6E
                0x000000000800aa96      0x202 Core/Src/braids/resources.o
                0x000000000800aa96                braids::wav_bandlimited_comb_6
 .rodata._ZN6braids22wav_bandlimited_comb_7E
                0x000000000800ac98      0x202 Core/Src/braids/resources.o
                0x000000000800ac98                braids::wav_bandlimited_comb_7
 .rodata._ZN6braids22wav_bandlimited_comb_8E
                0x000000000800ae9a      0x202 Core/Src/braids/resources.o
                0x000000000800ae9a                braids::wav_bandlimited_comb_8
 .rodata._ZN6braids22wav_bandlimited_comb_9E
                0x000000000800b09c      0x202 Core/Src/braids/resources.o
                0x000000000800b09c                braids::wav_bandlimited_comb_9
 .rodata._ZN6braids23wav_bandlimited_comb_10E
                0x000000000800b29e      0x202 Core/Src/braids/resources.o
                0x000000000800b29e                braids::wav_bandlimited_comb_10
 .rodata._ZN6braids23wav_bandlimited_comb_11E
                0x000000000800b4a0      0x202 Core/Src/braids/resources.o
                0x000000000800b4a0                braids::wav_bandlimited_comb_11
 .rodata._ZN6braids23wav_bandlimited_comb_12E
                0x000000000800b6a2      0x202 Core/Src/braids/resources.o
                0x000000000800b6a2                braids::wav_bandlimited_comb_12
 .rodata._ZN6braids23wav_bandlimited_comb_13E
                0x000000000800b8a4      0x202 Core/Src/braids/resources.o
                0x000000000800b8a4                braids::wav_bandlimited_comb_13
 .rodata._ZN6braids23wav_bandlimited_comb_14E
                0x000000000800baa6      0x202 Core/Src/braids/resources.o
                0x000000000800baa6                braids::wav_bandlimited_comb_14
 .rodata._ZN6braids25lut_oscillator_incrementsE
                0x000000000800bca8      0x184 Core/Src/braids/resources.o
                0x000000000800bca8                braids::lut_oscillator_increments
 .rodata._ZN6braids25lut_resonator_coefficientE
                0x000000000800be2c      0x102 Core/Src/braids/resources.o
                0x000000000800be2c                braids::lut_resonator_coefficient
 .rodata._ZN6braids26lut_fm_frequency_quantizerE
                0x000000000800bf2e      0x102 Core/Src/braids/resources.o
                0x000000000800bf2e                braids::lut_fm_frequency_quantizer
 .rodata._ZN6braids26lut_granular_envelope_rateE
                0x000000000800c030      0x202 Core/Src/braids/resources.o
                0x000000000800c030                braids::lut_granular_envelope_rate
 *fill*         0x000000000800c232        0x2 
 .rodata._ZN6braids29lut_env_portamento_incrementsE
                0x000000000800c234      0x200 Core/Src/braids/resources.o
                0x000000000800c234                braids::lut_env_portamento_increments
 .rodata._ZN6braids7wt_codeE
                0x000000000800c434      0x428 Core/Src/braids/resources.o
                0x000000000800c434                braids::wt_code
 .rodata._ZN6braids8lut_bellE
                0x000000000800c85c      0x202 Core/Src/braids/resources.o
                0x000000000800c85c                braids::lut_bell
 .rodata._ZN6braids8wav_sineE
                0x000000000800ca5e      0x202 Core/Src/braids/resources.o
                0x000000000800ca5e                braids::wav_sine
 .rodata._ZN6braids8Settings11CheckPaquesEv.str1.1
                0x000000000800cc60        0x3 Core/Src/braids/settings.o
 *fill*         0x000000000800cc63        0x1 
 .rodata._ZN6braids8Settings9metadata_E
                0x000000000800cc64      0x120 Core/Src/braids/settings.o
                0x000000000800cc64                braids::Settings::metadata_
 .rodata._ZN6braidsL11algo_valuesE
                0x000000000800cd84       0xbc Core/Src/braids/settings.o
 .rodata._ZN6braidsL11bits_valuesE
                0x000000000800ce40       0x1c Core/Src/braids/settings.o
 .rodata._ZN6braidsL11note_valuesE
                0x000000000800ce5c       0x30 Core/Src/braids/settings.o
 .rodata._ZN6braidsL12rates_valuesE
                0x000000000800ce8c       0x1c Core/Src/braids/settings.o
 .rodata._ZN6braidsL13kInitSettingsE
                0x000000000800cea8       0x60 Core/Src/braids/settings.o
 .rodata._ZN6braidsL13octave_valuesE
                0x000000000800cf08       0x14 Core/Src/braids/settings.o
 .rodata._ZN6braidsL14boolean_valuesE
                0x000000000800cf1c        0x8 Core/Src/braids/settings.o
 .rodata._ZN6braidsL16intensity_valuesE
                0x000000000800cf24       0x14 Core/Src/braids/settings.o
 .rodata._ZN6braidsL17brightness_valuesE
                0x000000000800cf38        0xc Core/Src/braids/settings.o
 .rodata._ZN6braidsL17trig_delay_valuesE
                0x000000000800cf44       0x1c Core/Src/braids/settings.o
 .rodata._ZN6braidsL18pitch_range_valuesE
                0x000000000800cf60       0x14 Core/Src/braids/settings.o
 .rodata._ZN6braidsL18trig_source_valuesE
                0x000000000800cf74        0x8 Core/Src/braids/settings.o
 .rodata._ZN6braidsL19quantization_valuesE
                0x000000000800cf7c       0xc4 Core/Src/braids/settings.o
 .rodata._ZN6braidsL22zero_to_fifteen_valuesE
                0x000000000800d040       0x40 Core/Src/braids/settings.o
 .rodata.str1.1
                0x000000000800d080      0x2e3 Core/Src/braids/settings.o
                                        0x2f7 (size before relaxing)
 *fill*         0x000000000800d363        0x1 
 .rodata.AHBPrescTable
                0x000000000800d364       0x10 Core/Src/system_stm32f1xx.o
                0x000000000800d364                AHBPrescTable
 .rodata.APBPrescTable
                0x000000000800d374        0x8 Core/Src/system_stm32f1xx.o
                0x000000000800d374                APBPrescTable
 .rodata._ZL18decimation_factors
                0x000000000800d37c        0xe Core/Src/multiengine/MainLoop.o
 .rodata._ZL19bit_reduction_masks
                0x000000000800d38a        0xe Core/Src/multiengine/MainLoop.o
 .rodata._ZN6braidsL6scalesE
                0x000000000800d398      0x7a8 Core/Src/multiengine/MainLoop.o
 .rodata._ZL12CONFIG_ITEMS
                0x000000000800db40       0x18 Core/Src/multiengine/Ui.o
 .rodata._ZL19LIMITED_OSCILLATORS
                0x000000000800db58       0x75 Core/Src/multiengine/Ui.o
 .rodata._ZL11CHARS_TABLE
                0x000000000800dbcd       0x1a Core/Src/multiengine/hal/Display.o
 .rodata._ZL13NUMBERS_TABLE
                0x000000000800dbe7        0xa Core/Src/multiengine/hal/Display.o
                0x000000000800dbf4                . = ALIGN (0x4)
 *fill*         0x000000000800dbf1        0x3 

.rel.dyn        0x000000000800dbf4        0x0
 .rel.iplt      0x000000000800dbf4        0x0 /opt/st/stm32cubeide_1.4.0/plugins/com.st.stm32cube.ide.mcu.externaltools.gnu-tools-for-stm32.7-2018-q2-update.linux64_1.4.0.202007081208/tools/bin/../lib/gcc/arm-none-eabi/7.3.1/thumb/v7-m/crtbegin.o

.ARM.extab      0x000000000800dbf4        0x0
                0x000000000800dbf4                . = ALIGN (0x4)
 *(.ARM.extab* .gnu.linkonce.armextab.*)
                0x000000000800dbf4                . = ALIGN (0x4)

.ARM            0x000000000800dbf4        0x0
                0x000000000800dbf4                . = ALIGN (0x4)
                0x000000000800dbf4                __exidx_start = .
 *(.ARM.exidx*)
                0x000000000800dbf4                __exidx_end = .
                0x000000000800dbf4                . = ALIGN (0x4)

.preinit_array  0x000000000800dbf4        0x0
                0x000000000800dbf4                . = ALIGN (0x4)
                0x000000000800dbf4                PROVIDE (__preinit_array_start = .)
 *(.preinit_array*)
                0x000000000800dbf4                PROVIDE (__preinit_array_end = .)
                0x000000000800dbf4                . = ALIGN (0x4)

.init_array     0x000000000800dbf4        0x8
                0x000000000800dbf4                . = ALIGN (0x4)
                0x000000000800dbf4                PROVIDE (__init_array_start = .)
 *(SORT_BY_NAME(.init_array.*))
 *(.init_array*)
 .init_array    0x000000000800dbf4        0x4 /opt/st/stm32cubeide_1.4.0/plugins/com.st.stm32cube.ide.mcu.externaltools.gnu-tools-for-stm32.7-2018-q2-update.linux64_1.4.0.202007081208/tools/bin/../lib/gcc/arm-none-eabi/7.3.1/thumb/v7-m/crtbegin.o
 .init_array    0x000000000800dbf8        0x4 Core/Src/multiengine/MainLoop.o
                0x000000000800dbfc                PROVIDE (__init_array_end = .)
                0x000000000800dbfc                . = ALIGN (0x4)

.fini_array     0x000000000800dbfc        0x4
                0x000000000800dbfc                . = ALIGN (0x4)
                [!provide]                        PROVIDE (__fini_array_start = .)
 *(SORT_BY_NAME(.fini_array.*))
 *(.fini_array*)
 .fini_array    0x000000000800dbfc        0x4 /opt/st/stm32cubeide_1.4.0/plugins/com.st.stm32cube.ide.mcu.externaltools.gnu-tools-for-stm32.7-2018-q2-update.linux64_1.4.0.202007081208/tools/bin/../lib/gcc/arm-none-eabi/7.3.1/thumb/v7-m/crtbegin.o
                [!provide]                        PROVIDE (__fini_array_end = .)
                0x000000000800dc00                . = ALIGN (0x4)
                0x000000000800dc00                _sidata = LOADADDR (.data)

.data           0x0000000020000000      0x33c load address 0x000000000800dc00
                0x0000000020000000                . = ALIGN (0x4)
                0x0000000020000000                _sdata = .
 *(.data)
 *(.data*)
 .data._ZN6braids16AnalogOscillator9fn_table_E
                0x0000000020000000       0x48 Core/Src/braids/analog_oscillator.o
                0x0000000020000000                braids::AnalogOscillator::fn_table_
 .data._ZN6braids17DigitalOscillator9fn_table_E
                0x0000000020000048      0x118 Core/Src/braids/digital_oscillator.o
                0x0000000020000048                braids::DigitalOscillator::fn_table_
 .data._ZN6braids15MacroOscillator9fn_table_E
                0x0000000020000160      0x180 Core/Src/braids/macro_oscillator.o
                0x0000000020000160                braids::MacroOscillator::fn_table_
 .data._ZN6braids14waveform_tableE
                0x00000000200002e0       0x48 Core/Src/braids/resources.o
                0x00000000200002e0                braids::waveform_table
 .data.SystemCoreClock
                0x0000000020000328        0x4 Core/Src/system_stm32f1xx.o
                0x0000000020000328                SystemCoreClock
 .data._ZL13current_scale
                0x000000002000032c        0x1 Core/Src/multiengine/MainLoop.o
 .data._ZZN8MainLoop4loopEvE8prevGate
                0x000000002000032d        0x1 Core/Src/multiengine/MainLoop.o
 *fill*         0x000000002000032e        0x2 
 .data._ZN6stmlib6Random10rng_state_E
                0x0000000020000330        0x4 Core/Src/stmlib/random.o
                0x0000000020000330                stmlib::Random::rng_state_
 .data.uwTickPrio
                0x0000000020000334        0x4 Drivers/STM32F1xx_HAL_Driver/Src/stm32f1xx_hal.o
                0x0000000020000334                uwTickPrio
 .data.uwTickFreq
                0x0000000020000338        0x1 Drivers/STM32F1xx_HAL_Driver/Src/stm32f1xx_hal.o
                0x0000000020000338                uwTickFreq
                0x000000002000033c                . = ALIGN (0x4)
 *fill*         0x0000000020000339        0x3 
                0x000000002000033c                _edata = .

.igot.plt       0x000000002000033c        0x0 load address 0x000000000800df3c
 .igot.plt      0x000000002000033c        0x0 /opt/st/stm32cubeide_1.4.0/plugins/com.st.stm32cube.ide.mcu.externaltools.gnu-tools-for-stm32.7-2018-q2-update.linux64_1.4.0.202007081208/tools/bin/../lib/gcc/arm-none-eabi/7.3.1/thumb/v7-m/crtbegin.o
                0x000000002000033c                . = ALIGN (0x4)

.bss            0x000000002000033c     0x4500 load address 0x000000000800df3c
                0x000000002000033c                _sbss = .
                0x000000002000033c                __bss_start__ = _sbss
 *(.bss)
 .bss           0x000000002000033c       0x1c /opt/st/stm32cubeide_1.4.0/plugins/com.st.stm32cube.ide.mcu.externaltools.gnu-tools-for-stm32.7-2018-q2-update.linux64_1.4.0.202007081208/tools/bin/../lib/gcc/arm-none-eabi/7.3.1/thumb/v7-m/crtbegin.o
 *(.bss*)
 .bss._ZN6braids8settingsE
                0x0000000020000358       0x64 Core/Src/braids/settings.o
                0x0000000020000358                braids::settings
 .bss._ZL10flagRender
                0x00000000200003bc        0x1 Core/Src/multiengine/MainLoop.o
 .bss._ZL12sync_samples
                0x00000000200003bd       0x18 Core/Src/multiengine/MainLoop.o
 .bss._ZL12trigger_flag
                0x00000000200003d5        0x1 Core/Src/multiengine/MainLoop.o
 .bss._ZL13samplesBuffer
                0x00000000200003d6       0x30 Core/Src/multiengine/MainLoop.o
 *fill*         0x0000000020000406        0x2 
 .bss._ZL13userInterface
                0x0000000020000408       0x2c Core/Src/multiengine/MainLoop.o
 .bss._ZL14sysTickDivisor
                0x0000000020000434        0x1 Core/Src/multiengine/MainLoop.o
 .bss._ZL17indexBufferRender
                0x0000000020000435        0x1 Core/Src/multiengine/MainLoop.o
 *fill*         0x0000000020000436        0x2 
 .bss._ZL18flagTriggerInEvent
                0x0000000020000438        0x4 Core/Src/multiengine/MainLoop.o
 .bss._ZL3adc   0x000000002000043c        0xa Core/Src/multiengine/MainLoop.o
 *fill*         0x0000000020000446        0x2 
 .bss._ZL3osc   0x0000000020000448     0x4250 Core/Src/multiengine/MainLoop.o
 .bss._ZL6memory
                0x0000000020004698        0x1 Core/Src/multiengine/MainLoop.o
 *fill*         0x0000000020004699        0x3 
 .bss._ZL8envelope
                0x000000002000469c       0x24 Core/Src/multiengine/MainLoop.o
 .bss._ZL9quantizer
                0x00000000200046c0      0x110 Core/Src/multiengine/MainLoop.o
 .bss._ZZN8MainLoop15adcStateMachineEvE3chn
                0x00000000200047d0        0x1 Core/Src/multiengine/MainLoop.o
 *fill*         0x00000000200047d1        0x3 
 .bss._ZZN8MainLoop4loopEvE5debug
                0x00000000200047d4        0x4 Core/Src/multiengine/MainLoop.o
 .bss._ZZN8MainLoop4loopEvE6debug2
                0x00000000200047d8        0x4 Core/Src/multiengine/MainLoop.o
 .bss._ZZN8MainLoop6renderEPhmE14previous_pitch
                0x00000000200047dc        0x2 Core/Src/multiengine/MainLoop.o
 .bss._ZZN8MainLoop6renderEPhmE7gain_lp
                0x00000000200047de        0x2 Core/Src/multiengine/MainLoop.o
 .bss._ZL11callbackDMA
                0x00000000200047e0        0x4 Core/Src/multiengine/hal/MultiEngineHAL.o
 .bss._ZL5hi2c1
                0x00000000200047e4       0x54 Core/Src/multiengine/hal/MultiEngineHAL.o
 *(COMMON)
 COMMON         0x0000000020004838        0x4 Drivers/STM32F1xx_HAL_Driver/Src/stm32f1xx_hal.o
                0x0000000020004838                uwTick
                0x000000002000483c                . = ALIGN (0x4)
                0x000000002000483c                _ebss = .
                0x000000002000483c                __bss_end__ = _ebss

._user_heap_stack
                0x000000002000483c      0x604 load address 0x000000000800df3c
                0x0000000020004840                . = ALIGN (0x8)
 *fill*         0x000000002000483c        0x4 
                [!provide]                        PROVIDE (end = .)
                0x0000000020004840                PROVIDE (_end = .)
                0x0000000020004a40                . = (. + _Min_Heap_Size)
 *fill*         0x0000000020004840      0x200 
                0x0000000020004e40                . = (. + _Min_Stack_Size)
 *fill*         0x0000000020004a40      0x400 
                0x0000000020004e40                . = ALIGN (0x8)

/DISCARD/
 libc.a(*)
 libm.a(*)
 libgcc.a(*)

.ARM.attributes
                0x0000000000000000       0x29
 *(.ARM.attributes)
 .ARM.attributes
                0x0000000000000000       0x1d /opt/st/stm32cubeide_1.4.0/plugins/com.st.stm32cube.ide.mcu.externaltools.gnu-tools-for-stm32.7-2018-q2-update.linux64_1.4.0.202007081208/tools/bin/../lib/gcc/arm-none-eabi/7.3.1/thumb/v7-m/crti.o
 .ARM.attributes
                0x000000000000001d       0x2d /opt/st/stm32cubeide_1.4.0/plugins/com.st.stm32cube.ide.mcu.externaltools.gnu-tools-for-stm32.7-2018-q2-update.linux64_1.4.0.202007081208/tools/bin/../lib/gcc/arm-none-eabi/7.3.1/thumb/v7-m/crtbegin.o
 .ARM.attributes
                0x000000000000004a       0x33 Core/Src/braids/analog_oscillator.o
 .ARM.attributes
                0x000000000000007d       0x33 Core/Src/braids/digital_oscillator.o
 .ARM.attributes
                0x00000000000000b0       0x33 Core/Src/braids/macro_oscillator.o
 .ARM.attributes
                0x00000000000000e3       0x33 Core/Src/braids/quantizer.o
 .ARM.attributes
                0x0000000000000116       0x33 Core/Src/braids/resources.o
 .ARM.attributes
                0x0000000000000149       0x33 Core/Src/braids/settings.o
 .ARM.attributes
                0x000000000000017c       0x33 Core/Src/braids/drivers/adc.o
 .ARM.attributes
                0x00000000000001af       0x33 Core/Src/main.o
 .ARM.attributes
                0x00000000000001e2       0x33 Core/Src/stm32f1xx_hal_msp.o
 .ARM.attributes
                0x0000000000000215       0x33 Core/Src/stm32f1xx_it.o
 .ARM.attributes
                0x0000000000000248       0x33 Core/Src/system_stm32f1xx.o
 .ARM.attributes
                0x000000000000027b       0x33 Core/Src/multiengine/MainLoop.o
 .ARM.attributes
                0x00000000000002ae       0x33 Core/Src/multiengine/Ui.o
 .ARM.attributes
                0x00000000000002e1       0x33 Core/Src/multiengine/hal/Display.o
 .ARM.attributes
                0x0000000000000314       0x33 Core/Src/multiengine/hal/Encoder.o
 .ARM.attributes
                0x0000000000000347       0x33 Core/Src/multiengine/hal/Memory.o
 .ARM.attributes
                0x000000000000037a       0x33 Core/Src/multiengine/hal/MultiEngineHAL.o
 .ARM.attributes
                0x00000000000003ad       0x33 Core/Src/stmlib/random.o
 .ARM.attributes
                0x00000000000003e0       0x21 Core/Startup/startup_stm32f103c8tx.o
 .ARM.attributes
                0x0000000000000401       0x33 Drivers/STM32F1xx_HAL_Driver/Src/stm32f1xx_hal.o
 .ARM.attributes
                0x0000000000000434       0x33 Drivers/STM32F1xx_HAL_Driver/Src/stm32f1xx_hal_cortex.o
 .ARM.attributes
                0x0000000000000467       0x33 Drivers/STM32F1xx_HAL_Driver/Src/stm32f1xx_hal_gpio.o
 .ARM.attributes
                0x000000000000049a       0x33 Drivers/STM32F1xx_HAL_Driver/Src/stm32f1xx_hal_i2c.o
 .ARM.attributes
                0x00000000000004cd       0x33 Drivers/STM32F1xx_HAL_Driver/Src/stm32f1xx_hal_rcc.o
 .ARM.attributes
                0x0000000000000500       0x2d /opt/st/stm32cubeide_1.4.0/plugins/com.st.stm32cube.ide.mcu.externaltools.gnu-tools-for-stm32.7-2018-q2-update.linux64_1.4.0.202007081208/tools/bin/../lib/gcc/arm-none-eabi/7.3.1/../../../../arm-none-eabi/lib/thumb/v7-m/libc_nano.a(lib_a-init.o)
 .ARM.attributes
                0x000000000000052d       0x2d /opt/st/stm32cubeide_1.4.0/plugins/com.st.stm32cube.ide.mcu.externaltools.gnu-tools-for-stm32.7-2018-q2-update.linux64_1.4.0.202007081208/tools/bin/../lib/gcc/arm-none-eabi/7.3.1/../../../../arm-none-eabi/lib/thumb/v7-m/libc_nano.a(lib_a-memcpy-stub.o)
 .ARM.attributes
                0x000000000000055a       0x2d /opt/st/stm32cubeide_1.4.0/plugins/com.st.stm32cube.ide.mcu.externaltools.gnu-tools-for-stm32.7-2018-q2-update.linux64_1.4.0.202007081208/tools/bin/../lib/gcc/arm-none-eabi/7.3.1/../../../../arm-none-eabi/lib/thumb/v7-m/libc_nano.a(lib_a-memset.o)
 .ARM.attributes
                0x0000000000000587       0x1b /opt/st/stm32cubeide_1.4.0/plugins/com.st.stm32cube.ide.mcu.externaltools.gnu-tools-for-stm32.7-2018-q2-update.linux64_1.4.0.202007081208/tools/bin/../lib/gcc/arm-none-eabi/7.3.1/../../../../arm-none-eabi/lib/thumb/v7-m/libc_nano.a(lib_a-strcmp.o)
 .ARM.attributes
                0x00000000000005a2       0x1d /opt/st/stm32cubeide_1.4.0/plugins/com.st.stm32cube.ide.mcu.externaltools.gnu-tools-for-stm32.7-2018-q2-update.linux64_1.4.0.202007081208/tools/bin/../lib/gcc/arm-none-eabi/7.3.1/thumb/v7-m/crtn.o
OUTPUT(SoundSource.elf elf32-littlearm)

.debug_info     0x0000000000000000    0x25e15
 .debug_info    0x0000000000000000     0x26e9 Core/Src/braids/analog_oscillator.o
 .debug_info    0x00000000000026e9     0x940b Core/Src/braids/digital_oscillator.o
 .debug_info    0x000000000000baf4     0x5874 Core/Src/braids/macro_oscillator.o
 .debug_info    0x0000000000011368     0x1a45 Core/Src/braids/quantizer.o
 .debug_info    0x0000000000012dad      0x7ae Core/Src/braids/resources.o
 .debug_info    0x000000000001355b     0x1a79 Core/Src/braids/settings.o
 .debug_info    0x0000000000014fd4      0x9cc Core/Src/braids/drivers/adc.o
 .debug_info    0x00000000000159a0      0x735 Core/Src/main.o
 .debug_info    0x00000000000160d5      0x8ba Core/Src/stm32f1xx_hal_msp.o
 .debug_info    0x000000000001698f      0x1fa Core/Src/stm32f1xx_it.o
 .debug_info    0x0000000000016b89      0x433 Core/Src/system_stm32f1xx.o
 .debug_info    0x0000000000016fbc     0x6ab8 Core/Src/multiengine/MainLoop.o
 .debug_info    0x000000000001da74     0x1b7f Core/Src/multiengine/Ui.o
 .debug_info    0x000000000001f5f3      0x35e Core/Src/multiengine/hal/Display.o
 .debug_info    0x000000000001f951      0x3b5 Core/Src/multiengine/hal/Encoder.o
 .debug_info    0x000000000001fd06      0x47d Core/Src/multiengine/hal/Memory.o
 .debug_info    0x0000000000020183     0x15ca Core/Src/multiengine/hal/MultiEngineHAL.o
 .debug_info    0x000000000002174d      0x186 Core/Src/stmlib/random.o
 .debug_info    0x00000000000218d3       0x22 Core/Startup/startup_stm32f103c8tx.o
 .debug_info    0x00000000000218f5      0x6fe Drivers/STM32F1xx_HAL_Driver/Src/stm32f1xx_hal.o
 .debug_info    0x0000000000021ff3      0xb46 Drivers/STM32F1xx_HAL_Driver/Src/stm32f1xx_hal_cortex.o
 .debug_info    0x0000000000022b39      0x681 Drivers/STM32F1xx_HAL_Driver/Src/stm32f1xx_hal_gpio.o
 .debug_info    0x00000000000231ba     0x2457 Drivers/STM32F1xx_HAL_Driver/Src/stm32f1xx_hal_i2c.o
 .debug_info    0x0000000000025611      0x804 Drivers/STM32F1xx_HAL_Driver/Src/stm32f1xx_hal_rcc.o

.debug_abbrev   0x0000000000000000     0x4bac
 .debug_abbrev  0x0000000000000000      0x57f Core/Src/braids/analog_oscillator.o
 .debug_abbrev  0x000000000000057f      0x8c8 Core/Src/braids/digital_oscillator.o
 .debug_abbrev  0x0000000000000e47      0x838 Core/Src/braids/macro_oscillator.o
 .debug_abbrev  0x000000000000167f      0x5f8 Core/Src/braids/quantizer.o
 .debug_abbrev  0x0000000000001c77       0xc1 Core/Src/braids/resources.o
 .debug_abbrev  0x0000000000001d38      0x572 Core/Src/braids/settings.o
 .debug_abbrev  0x00000000000022aa      0x1f6 Core/Src/braids/drivers/adc.o
 .debug_abbrev  0x00000000000024a0      0x28e Core/Src/main.o
 .debug_abbrev  0x000000000000272e      0x18c Core/Src/stm32f1xx_hal_msp.o
 .debug_abbrev  0x00000000000028ba       0xc6 Core/Src/stm32f1xx_it.o
 .debug_abbrev  0x0000000000002980      0x134 Core/Src/system_stm32f1xx.o
 .debug_abbrev  0x0000000000002ab4      0x93a Core/Src/multiengine/MainLoop.o
 .debug_abbrev  0x00000000000033ee      0x4b2 Core/Src/multiengine/Ui.o
 .debug_abbrev  0x00000000000038a0      0x15b Core/Src/multiengine/hal/Display.o
 .debug_abbrev  0x00000000000039fb      0x130 Core/Src/multiengine/hal/Encoder.o
 .debug_abbrev  0x0000000000003b2b      0x11b Core/Src/multiengine/hal/Memory.o
 .debug_abbrev  0x0000000000003c46      0x34b Core/Src/multiengine/hal/MultiEngineHAL.o
 .debug_abbrev  0x0000000000003f91      0x101 Core/Src/stmlib/random.o
 .debug_abbrev  0x0000000000004092       0x12 Core/Startup/startup_stm32f103c8tx.o
 .debug_abbrev  0x00000000000040a4      0x1d8 Drivers/STM32F1xx_HAL_Driver/Src/stm32f1xx_hal.o
 .debug_abbrev  0x000000000000427c      0x2d5 Drivers/STM32F1xx_HAL_Driver/Src/stm32f1xx_hal_cortex.o
 .debug_abbrev  0x0000000000004551      0x1c0 Drivers/STM32F1xx_HAL_Driver/Src/stm32f1xx_hal_gpio.o
 .debug_abbrev  0x0000000000004711      0x258 Drivers/STM32F1xx_HAL_Driver/Src/stm32f1xx_hal_i2c.o
 .debug_abbrev  0x0000000000004969      0x243 Drivers/STM32F1xx_HAL_Driver/Src/stm32f1xx_hal_rcc.o

.debug_loc      0x0000000000000000    0x10440
 .debug_loc     0x0000000000000000     0x2d5f Core/Src/braids/analog_oscillator.o
 .debug_loc     0x0000000000002d5f     0x966b Core/Src/braids/digital_oscillator.o
 .debug_loc     0x000000000000c3ca     0x21aa Core/Src/braids/macro_oscillator.o
 .debug_loc     0x000000000000e574      0x382 Core/Src/braids/quantizer.o
 .debug_loc     0x000000000000e8f6      0x4a5 Core/Src/braids/settings.o
 .debug_loc     0x000000000000ed9b      0xacf Core/Src/multiengine/MainLoop.o
 .debug_loc     0x000000000000f86a      0x4a4 Core/Src/multiengine/Ui.o
 .debug_loc     0x000000000000fd0e      0x233 Core/Src/multiengine/hal/Display.o
 .debug_loc     0x000000000000ff41       0x9f Core/Src/multiengine/hal/Encoder.o
 .debug_loc     0x000000000000ffe0      0x1e9 Core/Src/multiengine/hal/Memory.o
 .debug_loc     0x00000000000101c9      0x277 Core/Src/multiengine/hal/MultiEngineHAL.o

.debug_aranges  0x0000000000000000      0xb90
 .debug_aranges
                0x0000000000000000       0x80 Core/Src/braids/analog_oscillator.o
 .debug_aranges
                0x0000000000000080      0x168 Core/Src/braids/digital_oscillator.o
 .debug_aranges
                0x00000000000001e8       0x70 Core/Src/braids/macro_oscillator.o
 .debug_aranges
                0x0000000000000258       0x30 Core/Src/braids/quantizer.o
 .debug_aranges
                0x0000000000000288       0x18 Core/Src/braids/resources.o
 .debug_aranges
                0x00000000000002a0       0x50 Core/Src/braids/settings.o
 .debug_aranges
                0x00000000000002f0       0x20 Core/Src/braids/drivers/adc.o
 .debug_aranges
                0x0000000000000310       0x30 Core/Src/main.o
 .debug_aranges
                0x0000000000000340       0x30 Core/Src/stm32f1xx_hal_msp.o
 .debug_aranges
                0x0000000000000370       0x60 Core/Src/stm32f1xx_it.o
 .debug_aranges
                0x00000000000003d0       0x28 Core/Src/system_stm32f1xx.o
 .debug_aranges
                0x00000000000003f8       0x58 Core/Src/multiengine/MainLoop.o
 .debug_aranges
                0x0000000000000450       0x48 Core/Src/multiengine/Ui.o
 .debug_aranges
                0x0000000000000498       0x40 Core/Src/multiengine/hal/Display.o
 .debug_aranges
                0x00000000000004d8       0x40 Core/Src/multiengine/hal/Encoder.o
 .debug_aranges
                0x0000000000000518       0x48 Core/Src/multiengine/hal/Memory.o
 .debug_aranges
                0x0000000000000560       0x98 Core/Src/multiengine/hal/MultiEngineHAL.o
 .debug_aranges
                0x00000000000005f8       0x18 Core/Src/stmlib/random.o
 .debug_aranges
                0x0000000000000610       0x28 Core/Startup/startup_stm32f103c8tx.o
 .debug_aranges
                0x0000000000000638       0xe0 Drivers/STM32F1xx_HAL_Driver/Src/stm32f1xx_hal.o
 .debug_aranges
                0x0000000000000718      0x100 Drivers/STM32F1xx_HAL_Driver/Src/stm32f1xx_hal_cortex.o
 .debug_aranges
                0x0000000000000818       0x58 Drivers/STM32F1xx_HAL_Driver/Src/stm32f1xx_hal_gpio.o
 .debug_aranges
                0x0000000000000870      0x290 Drivers/STM32F1xx_HAL_Driver/Src/stm32f1xx_hal_i2c.o
 .debug_aranges
                0x0000000000000b00       0x90 Drivers/STM32F1xx_HAL_Driver/Src/stm32f1xx_hal_rcc.o

.debug_ranges   0x0000000000000000     0x38c0
 .debug_ranges  0x0000000000000000      0x248 Core/Src/braids/analog_oscillator.o
 .debug_ranges  0x0000000000000248     0x24e8 Core/Src/braids/digital_oscillator.o
 .debug_ranges  0x0000000000002730      0x478 Core/Src/braids/macro_oscillator.o
 .debug_ranges  0x0000000000002ba8       0x38 Core/Src/braids/quantizer.o
 .debug_ranges  0x0000000000002be0       0xb0 Core/Src/braids/settings.o
 .debug_ranges  0x0000000000002c90       0x10 Core/Src/braids/drivers/adc.o
 .debug_ranges  0x0000000000002ca0       0x58 Core/Src/main.o
 .debug_ranges  0x0000000000002cf8       0x20 Core/Src/stm32f1xx_hal_msp.o
 .debug_ranges  0x0000000000002d18       0x50 Core/Src/stm32f1xx_it.o
 .debug_ranges  0x0000000000002d68       0x18 Core/Src/system_stm32f1xx.o
 .debug_ranges  0x0000000000002d80      0x340 Core/Src/multiengine/MainLoop.o
 .debug_ranges  0x00000000000030c0      0x168 Core/Src/multiengine/Ui.o
 .debug_ranges  0x0000000000003228       0x30 Core/Src/multiengine/hal/Display.o
 .debug_ranges  0x0000000000003258       0x30 Core/Src/multiengine/hal/Encoder.o
 .debug_ranges  0x0000000000003288       0x38 Core/Src/multiengine/hal/Memory.o
 .debug_ranges  0x00000000000032c0       0xb8 Core/Src/multiengine/hal/MultiEngineHAL.o
 .debug_ranges  0x0000000000003378       0x20 Core/Startup/startup_stm32f103c8tx.o
 .debug_ranges  0x0000000000003398       0xd0 Drivers/STM32F1xx_HAL_Driver/Src/stm32f1xx_hal.o
 .debug_ranges  0x0000000000003468       0xf0 Drivers/STM32F1xx_HAL_Driver/Src/stm32f1xx_hal_cortex.o
 .debug_ranges  0x0000000000003558       0x48 Drivers/STM32F1xx_HAL_Driver/Src/stm32f1xx_hal_gpio.o
 .debug_ranges  0x00000000000035a0      0x2a0 Drivers/STM32F1xx_HAL_Driver/Src/stm32f1xx_hal_i2c.o
 .debug_ranges  0x0000000000003840       0x80 Drivers/STM32F1xx_HAL_Driver/Src/stm32f1xx_hal_rcc.o

.debug_macro    0x0000000000000000    0x1876a
 .debug_macro   0x0000000000000000      0x273 Core/Src/braids/analog_oscillator.o
 .debug_macro   0x0000000000000273      0xb32 Core/Src/braids/analog_oscillator.o
 .debug_macro   0x0000000000000da5       0x22 Core/Src/braids/analog_oscillator.o
 .debug_macro   0x0000000000000dc7       0x40 Core/Src/braids/analog_oscillator.o
 .debug_macro   0x0000000000000e07       0x18 Core/Src/braids/analog_oscillator.o
 .debug_macro   0x0000000000000e1f       0x94 Core/Src/braids/analog_oscillator.o
 .debug_macro   0x0000000000000eb3       0x3c Core/Src/braids/analog_oscillator.o
 .debug_macro   0x0000000000000eef       0xef Core/Src/braids/analog_oscillator.o
 .debug_macro   0x0000000000000fde       0x3a Core/Src/braids/analog_oscillator.o
 .debug_macro   0x0000000000001018       0x1c Core/Src/braids/analog_oscillator.o
 .debug_macro   0x0000000000001034       0x57 Core/Src/braids/analog_oscillator.o
 .debug_macro   0x000000000000108b       0x6a Core/Src/braids/analog_oscillator.o
 .debug_macro   0x00000000000010f5      0x1df Core/Src/braids/analog_oscillator.o
 .debug_macro   0x00000000000012d4       0x82 Core/Src/braids/analog_oscillator.o
 .debug_macro   0x0000000000001356      0x460 Core/Src/braids/analog_oscillator.o
 .debug_macro   0x00000000000017b6      0x10b Core/Src/braids/analog_oscillator.o
 .debug_macro   0x00000000000018c1       0x46 Core/Src/braids/analog_oscillator.o
 .debug_macro   0x0000000000001907      0x168 Core/Src/braids/analog_oscillator.o
 .debug_macro   0x0000000000001a6f       0x10 Core/Src/braids/analog_oscillator.o
 .debug_macro   0x0000000000001a7f      0x3f4 Core/Src/braids/analog_oscillator.o
 .debug_macro   0x0000000000001e73       0x52 Core/Src/braids/analog_oscillator.o
 .debug_macro   0x0000000000001ec5       0x1f Core/Src/braids/analog_oscillator.o
 .debug_macro   0x0000000000001ee4       0x43 Core/Src/braids/analog_oscillator.o
 .debug_macro   0x0000000000001f27       0x20 Core/Src/braids/analog_oscillator.o
 .debug_macro   0x0000000000001f47      0x1a3 Core/Src/braids/analog_oscillator.o
 .debug_macro   0x00000000000020ea      0x353 Core/Src/braids/analog_oscillator.o
 .debug_macro   0x000000000000243d       0x10 Core/Src/braids/analog_oscillator.o
 .debug_macro   0x000000000000244d       0x35 Core/Src/braids/analog_oscillator.o
 .debug_macro   0x0000000000002482       0x20 Core/Src/braids/analog_oscillator.o
 .debug_macro   0x00000000000024a2       0x8e Core/Src/braids/analog_oscillator.o
 .debug_macro   0x0000000000002530       0x1c Core/Src/braids/analog_oscillator.o
 .debug_macro   0x000000000000254c       0x10 Core/Src/braids/analog_oscillator.o
 .debug_macro   0x000000000000255c       0x10 Core/Src/braids/analog_oscillator.o
 .debug_macro   0x000000000000256c       0x1c Core/Src/braids/analog_oscillator.o
 .debug_macro   0x0000000000002588       0x52 Core/Src/braids/analog_oscillator.o
 .debug_macro   0x00000000000025da       0x40 Core/Src/braids/analog_oscillator.o
 .debug_macro   0x000000000000261a       0x10 Core/Src/braids/analog_oscillator.o
 .debug_macro   0x000000000000262a       0x40 Core/Src/braids/analog_oscillator.o
 .debug_macro   0x000000000000266a       0xd7 Core/Src/braids/analog_oscillator.o
 .debug_macro   0x0000000000002741       0x1c Core/Src/braids/analog_oscillator.o
 .debug_macro   0x000000000000275d       0x3d Core/Src/braids/analog_oscillator.o
 .debug_macro   0x000000000000279a       0x16 Core/Src/braids/analog_oscillator.o
 .debug_macro   0x00000000000027b0      0x137 Core/Src/braids/analog_oscillator.o
 .debug_macro   0x00000000000028e7      0x11d Core/Src/braids/analog_oscillator.o
 .debug_macro   0x0000000000002a04      0x271 Core/Src/braids/analog_oscillator.o
 .debug_macro   0x0000000000002c75       0x64 Core/Src/braids/analog_oscillator.o
 .debug_macro   0x0000000000002cd9      0x49c Core/Src/braids/digital_oscillator.o
 .debug_macro   0x0000000000003175       0x28 Core/Src/braids/digital_oscillator.o
 .debug_macro   0x000000000000319d       0x41 Core/Src/braids/digital_oscillator.o
 .debug_macro   0x00000000000031de       0x12 Core/Src/braids/digital_oscillator.o
 .debug_macro   0x00000000000031f0       0x20 Core/Src/braids/digital_oscillator.o
 .debug_macro   0x0000000000003210       0x1c Core/Src/braids/digital_oscillator.o
 .debug_macro   0x000000000000322c       0x18 Core/Src/braids/digital_oscillator.o
 .debug_macro   0x0000000000003244       0x6e Core/Src/braids/digital_oscillator.o
 .debug_macro   0x00000000000032b2       0x2e Core/Src/braids/digital_oscillator.o
 .debug_macro   0x00000000000032e0       0x19 Core/Src/braids/digital_oscillator.o
 .debug_macro   0x00000000000032f9       0x76 Core/Src/braids/digital_oscillator.o
 .debug_macro   0x000000000000336f       0x19 Core/Src/braids/digital_oscillator.o
 .debug_macro   0x0000000000003388       0x10 Core/Src/braids/digital_oscillator.o
 .debug_macro   0x0000000000003398       0x16 Core/Src/braids/digital_oscillator.o
 .debug_macro   0x00000000000033ae       0x16 Core/Src/braids/digital_oscillator.o
 .debug_macro   0x00000000000033c4       0x29 Core/Src/braids/digital_oscillator.o
 .debug_macro   0x00000000000033ed       0x1c Core/Src/braids/digital_oscillator.o
 .debug_macro   0x0000000000003409       0xde Core/Src/braids/digital_oscillator.o
 .debug_macro   0x00000000000034e7       0x10 Core/Src/braids/digital_oscillator.o
 .debug_macro   0x00000000000034f7      0x120 Core/Src/braids/digital_oscillator.o
 .debug_macro   0x0000000000003617      0x4b8 Core/Src/braids/macro_oscillator.o
 .debug_macro   0x0000000000003acf      0x35c Core/Src/braids/quantizer.o
 .debug_macro   0x0000000000003e2b       0xdb Core/Src/braids/resources.o
 .debug_macro   0x0000000000003f06      0x26b Core/Src/braids/resources.o
 .debug_macro   0x0000000000004171      0x197 Core/Src/braids/settings.o
 .debug_macro   0x0000000000004308      0x13d Core/Src/braids/drivers/adc.o
 .debug_macro   0x0000000000004445       0x8e Core/Src/braids/drivers/adc.o
 .debug_macro   0x00000000000044d3       0x51 Core/Src/braids/drivers/adc.o
 .debug_macro   0x0000000000004524       0x28 Core/Src/braids/drivers/adc.o
 .debug_macro   0x000000000000454c       0x46 Core/Src/braids/drivers/adc.o
 .debug_macro   0x0000000000004592       0x34 Core/Src/braids/drivers/adc.o
 .debug_macro   0x00000000000045c6      0x17b Core/Src/braids/drivers/adc.o
 .debug_macro   0x0000000000004741      0x19e Core/Src/main.o
 .debug_macro   0x00000000000048df      0x215 Core/Src/main.o
 .debug_macro   0x0000000000004af4       0x2e Core/Src/main.o
 .debug_macro   0x0000000000004b22       0x22 Core/Src/main.o
 .debug_macro   0x0000000000004b44       0x1c Core/Src/main.o
 .debug_macro   0x0000000000004b60       0x22 Core/Src/main.o
 .debug_macro   0x0000000000004b82       0xc3 Core/Src/main.o
 .debug_macro   0x0000000000004c45      0xd23 Core/Src/main.o
 .debug_macro   0x0000000000005968     0xe09e Core/Src/main.o
 .debug_macro   0x0000000000013a06       0x43 Core/Src/main.o
 .debug_macro   0x0000000000013a49       0x5a Core/Src/main.o
 .debug_macro   0x0000000000013aa3      0x5be Core/Src/main.o
 .debug_macro   0x0000000000014061      0x289 Core/Src/main.o
 .debug_macro   0x00000000000142ea      0x1cb Core/Src/main.o
 .debug_macro   0x00000000000144b5      0x114 Core/Src/main.o
 .debug_macro   0x00000000000145c9      0x1b2 Core/Src/main.o
 .debug_macro   0x000000000001477b       0x27 Core/Src/main.o
 .debug_macro   0x00000000000147a2      0x136 Core/Src/main.o
 .debug_macro   0x00000000000148d8      0x1bc Core/Src/main.o
 .debug_macro   0x0000000000014a94       0x34 Core/Src/main.o
 .debug_macro   0x0000000000014ac8       0x3c Core/Src/main.o
 .debug_macro   0x0000000000014b04       0x57 Core/Src/main.o
 .debug_macro   0x0000000000014b5b       0x88 Core/Src/main.o
 .debug_macro   0x0000000000014be3      0x241 Core/Src/main.o
 .debug_macro   0x0000000000014e24      0x280 Core/Src/main.o
 .debug_macro   0x00000000000150a4      0x141 Core/Src/main.o
 .debug_macro   0x00000000000151e5       0x83 Core/Src/main.o
 .debug_macro   0x0000000000015268      0x18f Core/Src/stm32f1xx_hal_msp.o
 .debug_macro   0x00000000000153f7      0xa5a Core/Src/stm32f1xx_hal_msp.o
 .debug_macro   0x0000000000015e51      0xd23 Core/Src/stm32f1xx_hal_msp.o
 .debug_macro   0x0000000000016b74      0x174 Core/Src/stm32f1xx_hal_msp.o
 .debug_macro   0x0000000000016ce8      0x199 Core/Src/stm32f1xx_it.o
 .debug_macro   0x0000000000016e81      0x18b Core/Src/system_stm32f1xx.o
 .debug_macro   0x000000000001700c      0x3b2 Core/Src/multiengine/MainLoop.o
 .debug_macro   0x00000000000173be       0x2e Core/Src/multiengine/MainLoop.o
 .debug_macro   0x00000000000173ec      0x1da Core/Src/multiengine/MainLoop.o
 .debug_macro   0x00000000000175c6       0x10 Core/Src/multiengine/MainLoop.o
 .debug_macro   0x00000000000175d6       0x10 Core/Src/multiengine/MainLoop.o
 .debug_macro   0x00000000000175e6      0x3c7 Core/Src/multiengine/MainLoop.o
 .debug_macro   0x00000000000179ad      0x14d Core/Src/multiengine/Ui.o
 .debug_macro   0x0000000000017afa       0x7c Core/Src/multiengine/hal/Display.o
 .debug_macro   0x0000000000017b76       0x8e Core/Src/multiengine/hal/Encoder.o
 .debug_macro   0x0000000000017c04       0x7c Core/Src/multiengine/hal/Memory.o
 .debug_macro   0x0000000000017c80      0x19a Core/Src/multiengine/hal/MultiEngineHAL.o
 .debug_macro   0x0000000000017e1a       0xd6 Core/Src/stmlib/random.o
 .debug_macro   0x0000000000017ef0      0x1a9 Drivers/STM32F1xx_HAL_Driver/Src/stm32f1xx_hal.o
 .debug_macro   0x0000000000018099      0x185 Drivers/STM32F1xx_HAL_Driver/Src/stm32f1xx_hal_cortex.o
 .debug_macro   0x000000000001821e      0x1f0 Drivers/STM32F1xx_HAL_Driver/Src/stm32f1xx_hal_gpio.o
 .debug_macro   0x000000000001840e      0x1c5 Drivers/STM32F1xx_HAL_Driver/Src/stm32f1xx_hal_i2c.o
 .debug_macro   0x00000000000185d3      0x197 Drivers/STM32F1xx_HAL_Driver/Src/stm32f1xx_hal_rcc.o

.debug_line     0x0000000000000000     0xe8e3
 .debug_line    0x0000000000000000      0xc1c Core/Src/braids/analog_oscillator.o
 .debug_line    0x0000000000000c1c     0x292e Core/Src/braids/digital_oscillator.o
 .debug_line    0x000000000000354a     0x11d9 Core/Src/braids/macro_oscillator.o
 .debug_line    0x0000000000004723      0xc3b Core/Src/braids/quantizer.o
 .debug_line    0x000000000000535e      0x4a4 Core/Src/braids/resources.o
 .debug_line    0x0000000000005802      0x834 Core/Src/braids/settings.o
 .debug_line    0x0000000000006036      0x4e8 Core/Src/braids/drivers/adc.o
 .debug_line    0x000000000000651e      0x650 Core/Src/main.o
 .debug_line    0x0000000000006b6e      0x60f Core/Src/stm32f1xx_hal_msp.o
 .debug_line    0x000000000000717d      0x684 Core/Src/stm32f1xx_it.o
 .debug_line    0x0000000000007801      0x611 Core/Src/system_stm32f1xx.o
 .debug_line    0x0000000000007e12      0xec3 Core/Src/multiengine/MainLoop.o
 .debug_line    0x0000000000008cd5      0x780 Core/Src/multiengine/Ui.o
 .debug_line    0x0000000000009455      0x41e Core/Src/multiengine/hal/Display.o
 .debug_line    0x0000000000009873      0x41c Core/Src/multiengine/hal/Encoder.o
 .debug_line    0x0000000000009c8f      0x40b Core/Src/multiengine/hal/Memory.o