Encoder.h:65:18:int32_t Encoder::increment() const	0	static
Ui.cpp:147:9:int16_t Ui::validateOscillatorIndex(int16_t)	0	static
Ui.cpp:159:6:void Ui::showMetaOscillator(int16_t)	16	static
Ui.cpp:167:22:braids::MacroOscillatorShape Ui::getOscillatorShapeFromIndex(int16_t)	0	static
Ui.cpp:176:6:void Ui::showUnCalibrated()	8	static
Ui.cpp:185:6:void Ui::showCalibrated()	8	static
Ui.cpp:195:6:void Ui::sysTick()	8	static
Ui.cpp:210:6:void Ui::saveAllSettings()	24	static
Ui.cpp:220:6:void Ui::loadAllSettings()	32	static
Ui.cpp:115:6:void Ui::init(braids::Adc*, Memory*)	24	static
Ui.cpp:234:6:void Ui::justFinishedRender()	0	static
Ui.cpp:239:6:void Ui::loop()	24	static
