analog_oscillator.h:124:18:int32_t braids::AnalogOscillator::ThisBlepSample(uint32_t)	0	static
analog_oscillator.h:131:18:int32_t braids::AnalogOscillator::NextBlepSample(uint32_t)	0	static
analog_oscillator.cc:46:10:uint32_t braids::AnalogOscillator::ComputePhaseIncrement(int16_t)	8	static
analog_oscillator.cc:68:6:void braids::AnalogOscillator::Render(const uint8_t*, int16_t*, uint8_t*, size_t)	40	static
analog_oscillator.cc:91:6:void braids::AnalogOscillator::RenderCSaw(const uint8_t*, int16_t*, uint8_t*, size_t)	72	static
analog_oscillator.cc:188:6:void braids::AnalogOscillator::RenderSquare(const uint8_t*, int16_t*, uint8_t*, size_t)	72	static
analog_oscillator.cc:274:6:void braids::AnalogOscillator::RenderSaw(const uint8_t*, int16_t*, uint8_t*, size_t)	56	static
analog_oscillator.cc:337:6:void braids::AnalogOscillator::RenderVariableSaw(const uint8_t*, int16_t*, uint8_t*, size_t)	72	static
analog_oscillator.cc:424:6:void braids::AnalogOscillator::RenderTriangle(const uint8_t*, int16_t*, uint8_t*, size_t)	28	static
analog_oscillator.cc:457:6:void braids::AnalogOscillator::RenderSine(const uint8_t*, int16_t*, uint8_t*, size_t)	36	static
analog_oscillator.cc:476:6:void braids::AnalogOscillator::RenderTriangleFold(const uint8_t*, int16_t*, uint8_t*, size_t)	64	static
analog_oscillator.cc:522:6:void braids::AnalogOscillator::RenderSineFold(const uint8_t*, int16_t*, uint8_t*, size_t)	56	static
analog_oscillator.cc:563:6:void braids::AnalogOscillator::RenderBuzz(const uint8_t*, int16_t*, uint8_t*, size_t)	32	static
