Archive member included to satisfy reference by file (symbol)

/opt/st/stm32cubeide_1.4.0/plugins/com.st.stm32cube.ide.mcu.externaltools.gnu-tools-for-stm32.7-2018-q2-update.linux64_1.4.0.202007081208/tools/bin/../lib/gcc/arm-none-eabi/7.3.1/../../../../arm-none-eabi/lib/thumb/v7-m/libc_nano.a(lib_a-errno.o)
                              Core/Src/syscalls.o (__errno)
/opt/st/stm32cubeide_1.4.0/plugins/com.st.stm32cube.ide.mcu.externaltools.gnu-tools-for-stm32.7-2018-q2-update.linux64_1.4.0.202007081208/tools/bin/../lib/gcc/arm-none-eabi/7.3.1/../../../../arm-none-eabi/lib/thumb/v7-m/libc_nano.a(lib_a-exit.o)
                              /opt/st/stm32cubeide_1.4.0/plugins/com.st.stm32cube.ide.mcu.externaltools.gnu-tools-for-stm32.7-2018-q2-update.linux64_1.4.0.202007081208/tools/bin/../lib/gcc/arm-none-eabi/7.3.1/../../../../arm-none-eabi/lib/thumb/v7-m/crt0.o (exit)
/opt/st/stm32cubeide_1.4.0/plugins/com.st.stm32cube.ide.mcu.externaltools.gnu-tools-for-stm32.7-2018-q2-update.linux64_1.4.0.202007081208/tools/bin/../lib/gcc/arm-none-eabi/7.3.1/../../../../arm-none-eabi/lib/thumb/v7-m/libc_nano.a(lib_a-impure.o)
                              /opt/st/stm32cubeide_1.4.0/plugins/com.st.stm32cube.ide.mcu.externaltools.gnu-tools-for-stm32.7-2018-q2-update.linux64_1.4.0.202007081208/tools/bin/../lib/gcc/arm-none-eabi/7.3.1/../../../../arm-none-eabi/lib/thumb/v7-m/libc_nano.a(lib_a-exit.o) (_global_impure_ptr)
/opt/st/stm32cubeide_1.4.0/plugins/com.st.stm32cube.ide.mcu.externaltools.gnu-tools-for-stm32.7-2018-q2-update.linux64_1.4.0.202007081208/tools/bin/../lib/gcc/arm-none-eabi/7.3.1/../../../../arm-none-eabi/lib/thumb/v7-m/libc_nano.a(lib_a-init.o)
                              /opt/st/stm32cubeide_1.4.0/plugins/com.st.stm32cube.ide.mcu.externaltools.gnu-tools-for-stm32.7-2018-q2-update.linux64_1.4.0.202007081208/tools/bin/../lib/gcc/arm-none-eabi/7.3.1/../../../../arm-none-eabi/lib/thumb/v7-m/crt0.o (__libc_init_array)
/opt/st/stm32cubeide_1.4.0/plugins/com.st.stm32cube.ide.mcu.externaltools.gnu-tools-for-stm32.7-2018-q2-update.linux64_1.4.0.202007081208/tools/bin/../lib/gcc/arm-none-eabi/7.3.1/../../../../arm-none-eabi/lib/thumb/v7-m/libc_nano.a(lib_a-memcpy-stub.o)
                              Core/Src/braids/settings.o (memcpy)
/opt/st/stm32cubeide_1.4.0/plugins/com.st.stm32cube.ide.mcu.externaltools.gnu-tools-for-stm32.7-2018-q2-update.linux64_1.4.0.202007081208/tools/bin/../lib/gcc/arm-none-eabi/7.3.1/../../../../arm-none-eabi/lib/thumb/v7-m/libc_nano.a(lib_a-memset.o)
                              /opt/st/stm32cubeide_1.4.0/plugins/com.st.stm32cube.ide.mcu.externaltools.gnu-tools-for-stm32.7-2018-q2-update.linux64_1.4.0.202007081208/tools/bin/../lib/gcc/arm-none-eabi/7.3.1/../../../../arm-none-eabi/lib/thumb/v7-m/crt0.o (memset)
/opt/st/stm32cubeide_1.4.0/plugins/com.st.stm32cube.ide.mcu.externaltools.gnu-tools-for-stm32.7-2018-q2-update.linux64_1.4.0.202007081208/tools/bin/../lib/gcc/arm-none-eabi/7.3.1/../../../../arm-none-eabi/lib/thumb/v7-m/libc_nano.a(lib_a-strcmp.o)
                              Core/Src/braids/settings.o (strcmp)

Allocating common symbols
Common symbol       size              file

uwTick              0x4               Drivers/STM32F1xx_HAL_Driver/Src/stm32f1xx_hal.o
pFlash              0x20              Drivers/STM32F1xx_HAL_Driver/Src/stm32f1xx_hal_flash.o

Discarded input sections

 .text          0x0000000000000000        0x0 /opt/st/stm32cubeide_1.4.0/plugins/com.st.stm32cube.ide.mcu.externaltools.gnu-tools-for-stm32.7-2018-q2-update.linux64_1.4.0.202007081208/tools/bin/../lib/gcc/arm-none-eabi/7.3.1/thumb/v7-m/crti.o
 .data          0x0000000000000000        0x0 /opt/st/stm32cubeide_1.4.0/plugins/com.st.stm32cube.ide.mcu.externaltools.gnu-tools-for-stm32.7-2018-q2-update.linux64_1.4.0.202007081208/tools/bin/../lib/gcc/arm-none-eabi/7.3.1/thumb/v7-m/crti.o
 .bss           0x0000000000000000        0x0 /opt/st/stm32cubeide_1.4.0/plugins/com.st.stm32cube.ide.mcu.externaltools.gnu-tools-for-stm32.7-2018-q2-update.linux64_1.4.0.202007081208/tools/bin/../lib/gcc/arm-none-eabi/7.3.1/thumb/v7-m/crti.o
 .data          0x0000000000000000        0x4 /opt/st/stm32cubeide_1.4.0/plugins/com.st.stm32cube.ide.mcu.externaltools.gnu-tools-for-stm32.7-2018-q2-update.linux64_1.4.0.202007081208/tools/bin/../lib/gcc/arm-none-eabi/7.3.1/thumb/v7-m/crtbegin.o
 .text          0x0000000000000000       0x74 /opt/st/stm32cubeide_1.4.0/plugins/com.st.stm32cube.ide.mcu.externaltools.gnu-tools-for-stm32.7-2018-q2-update.linux64_1.4.0.202007081208/tools/bin/../lib/gcc/arm-none-eabi/7.3.1/../../../../arm-none-eabi/lib/thumb/v7-m/crt0.o
 .data          0x0000000000000000        0x0 /opt/st/stm32cubeide_1.4.0/plugins/com.st.stm32cube.ide.mcu.externaltools.gnu-tools-for-stm32.7-2018-q2-update.linux64_1.4.0.202007081208/tools/bin/../lib/gcc/arm-none-eabi/7.3.1/../../../../arm-none-eabi/lib/thumb/v7-m/crt0.o
[...]
Memory Configuration

Name             Origin             Length             Attributes
RAM              0x0000000020000000 0x0000000000005000 xrw
FLASH            0x0000000008000000 0x0000000000010000 xr
*default*        0x0000000000000000 0xffffffffffffffff

Linker script and memory map

LOAD /opt/st/stm32cubeide_1.4.0/plugins/com.st.stm32cube.ide.mcu.externaltools.gnu-tools-for-stm32.7-2018-q2-update.linux64_1.4.0.202007081208/tools/bin/../lib/gcc/arm-none-eabi/7.3.1/thumb/v7-m/crti.o
LOAD /opt/st/stm32cubeide_1.4.0/plugins/com.st.stm32cube.ide.mcu.externaltools.gnu-tools-for-stm32.7-2018-q2-update.linux64_1.4.0.202007081208/tools/bin/../lib/gcc/arm-none-eabi/7.3.1/thumb/v7-m/crtbegin.o
LOAD /opt/st/stm32cubeide_1.4.0/plugins/com.st.stm32cube.ide.mcu.externaltools.gnu-tools-for-stm32.7-2018-q2-update.linux64_1.4.0.202007081208/tools/bin/../lib/gcc/arm-none-eabi/7.3.1/../../../../arm-none-eabi/lib/thumb/v7-m/crt0.o
LOAD Core/Src/braids/analog_oscillator.o
LOAD Core/Src/braids/digital_oscillator.o
LOAD Core/Src/braids/macro_oscillator.o
LOAD Core/Src/braids/quantizer.o
LOAD Core/Src/braids/resources.o
LOAD Core/Src/braids/settings.o
LOAD Core/Src/braids/drivers/adc.o
LOAD Core/Src/main.o
LOAD Core/Src/stm32f1xx_hal_msp.o
LOAD Core/Src/stm32f1xx_it.o
LOAD Core/Src/syscalls.o
LOAD Core/Src/sysmem.o
LOAD Core/Src/system_stm32f1xx.o
LOAD Core/Src/multiengine/ChordManager.o
LOAD Core/Src/multiengine/MainLoop.o
LOAD Core/Src/multiengine/Ui.o
LOAD Core/Src/multiengine/hal/Display.o
LOAD Core/Src/multiengine/hal/Encoder.o
LOAD Core/Src/multiengine/hal/Memory.o
LOAD Core/Src/multiengine/hal/MultiEngineHAL.o
LOAD Core/Src/stmlib/random.o
LOAD Core/Startup/startup_stm32f103c8tx.o
LOAD Drivers/STM32F1xx_HAL_Driver/Src/stm32f1xx_hal.o
LOAD Drivers/STM32F1xx_HAL_Driver/Src/stm32f1xx_hal_cortex.o
LOAD Drivers/STM32F1xx_HAL_Driver/Src/stm32f1xx_hal_dma.o
LOAD Drivers/STM32F1xx_HAL_Driver/Src/stm32f1xx_hal_exti.o
LOAD Drivers/STM32F1xx_HAL_Driver/Src/stm32f1xx_hal_flash.o
LOAD Drivers/STM32F1xx_HAL_Driver/Src/stm32f1xx_hal_flash_ex.o
LOAD Drivers/STM32F1xx_HAL_Driver/Src/stm32f1xx_hal_gpio.o
LOAD Drivers/STM32F1xx_HAL_Driver/Src/stm32f1xx_hal_gpio_ex.o
LOAD Drivers/STM32F1xx_HAL_Driver/Src/stm32f1xx_hal_i2c.o
LOAD Drivers/STM32F1xx_HAL_Driver/Src/stm32f1xx_hal_pwr.o
LOAD Drivers/STM32F1xx_HAL_Driver/Src/stm32f1xx_hal_rcc.o
LOAD Drivers/STM32F1xx_HAL_Driver/Src/stm32f1xx_hal_rcc_ex.o
LOAD Drivers/STM32F1xx_HAL_Driver/Src/stm32f1xx_hal_tim.o
LOAD Drivers/STM32F1xx_HAL_Driver/Src/stm32f1xx_hal_tim_ex.o
START GROUP
LOAD /opt/st/stm32cubeide_1.4.0/plugins/com.st.stm32cube.ide.mcu.externaltools.gnu-tools-for-stm32.7-2018-q2-update.linux64_1.4.0.202007081208/tools/bin/../lib/gcc/arm-none-eabi/7.3.1/../../../../arm-none-eabi/lib/thumb/v7-m/libstdc++_nano.a
LOAD /opt/st/stm32cubeide_1.4.0/plugins/com.st.stm32cube.ide.mcu.externaltools.gnu-tools-for-stm32.7-2018-q2-update.linux64_1.4.0.202007081208/tools/bin/../lib/gcc/arm-none-eabi/7.3.1/../../../../arm-none-eabi/lib/thumb/v7-m/libsupc++_nano.a
END GROUP
LOAD /opt/st/stm32cubeide_1.4.0/plugins/com.st.stm32cube.ide.mcu.externaltools.gnu-tools-for-stm32.7-2018-q2-update.linux64_1.4.0.202007081208/tools/bin/../lib/gcc/arm-none-eabi/7.3.1/../../../../arm-none-eabi/lib/thumb/v7-m/libstdc++_nano.a
LOAD /opt/st/stm32cubeide_1.4.0/plugins/com.st.stm32cube.ide.mcu.externaltools.gnu-tools-for-stm32.7-2018-q2-update.linux64_1.4.0.202007081208/tools/bin/../lib/gcc/arm-none-eabi/7.3.1/../../../../arm-none-eabi/lib/thumb/v7-m/libm.a
LOAD /opt/st/stm32cubeide_1.4.0/plugins/com.st.stm32cube.ide.mcu.externaltools.gnu-tools-for-stm32.7-2018-q2-update.linux64_1.4.0.202007081208/tools/bin/../lib/gcc/arm-none-eabi/7.3.1/../../../../arm-none-eabi/lib/thumb/v7-m/libc_nano.a
START GROUP
LOAD /opt/st/stm32cubeide_1.4.0/plugins/com.st.stm32cube.ide.mcu.externaltools.gnu-tools-for-stm32.7-2018-q2-update.linux64_1.4.0.202007081208/tools/bin/../lib/gcc/arm-none-eabi/7.3.1/thumb/v7-m/libgcc.a
LOAD /opt/st/stm32cubeide_1.4.0/plugins/com.st.stm32cube.ide.mcu.externaltools.gnu-tools-for-stm32.7-2018-q2-update.linux64_1.4.0.202007081208/tools/bin/../lib/gcc/arm-none-eabi/7.3.1/../../../../arm-none-eabi/lib/thumb/v7-m/libc_nano.a
END GROUP
START GROUP
LOAD /opt/st/stm32cubeide_1.4.0/plugins/com.st.stm32cube.ide.mcu.externaltools.gnu-tools-for-stm32.7-2018-q2-update.linux64_1.4.0.202007081208/tools/bin/../lib/gcc/arm-none-eabi/7.3.1/thumb/v7-m/libgcc.a
LOAD /opt/st/stm32cubeide_1.4.0/plugins/com.st.stm32cube.ide.mcu.externaltools.gnu-tools-for-stm32.7-2018-q2-update.linux64_1.4.0.202007081208/tools/bin/../lib/gcc/arm-none-eabi/7.3.1/../../../../arm-none-eabi/lib/thumb/v7-m/libc_nano.a
LOAD /opt/st/stm32cubeide_1.4.0/plugins/com.st.stm32cube.ide.mcu.externaltools.gnu-tools-for-stm32.7-2018-q2-update.linux64_1.4.0.202007081208/tools/bin/../lib/gcc/arm-none-eabi/7.3.1/../../../../arm-none-eabi/lib/thumb/v7-m/libnosys.a
END GROUP
START GROUP
LOAD /opt/st/stm32cubeide_1.4.0/plugins/com.st.stm32cube.ide.mcu.externaltools.gnu-tools-for-stm32.7-2018-q2-update.linux64_1.4.0.202007081208/tools/bin/../lib/gcc/arm-none-eabi/7.3.1/thumb/v7-m/libgcc.a
LOAD /opt/st/stm32cubeide_1.4.0/plugins/com.st.stm32cube.ide.mcu.externaltools.gnu-tools-for-stm32.7-2018-q2-update.linux64_1.4.0.202007081208/tools/bin/../lib/gcc/arm-none-eabi/7.3.1/../../../../arm-none-eabi/lib/thumb/v7-m/libc_nano.a
LOAD /opt/st/stm32cubeide_1.4.0/plugins/com.st.stm32cube.ide.mcu.externaltools.gnu-tools-for-stm32.7-2018-q2-update.linux64_1.4.0.202007081208/tools/bin/../lib/gcc/arm-none-eabi/7.3.1/../../../../arm-none-eabi/lib/thumb/v7-m/libnosys.a
END GROUP
LOAD /opt/st/stm32cubeide_1.4.0/plugins/com.st.stm32cube.ide.mcu.externaltools.gnu-tools-for-stm32.7-2018-q2-update.linux64_1.4.0.202007081208/tools/bin/../lib/gcc/arm-none-eabi/7.3.1/thumb/v7-m/crtend.o
LOAD /opt/st/stm32cubeide_1.4.0/plugins/com.st.stm32cube.ide.mcu.externaltools.gnu-tools-for-stm32.7-2018-q2-update.linux64_1.4.0.202007081208/tools/bin/../lib/gcc/arm-none-eabi/7.3.1/thumb/v7-m/crtn.o
                0x0000000020005000                _estack = (ORIGIN (RAM) + LENGTH (RAM))
                0x0000000000000200                _Min_Heap_Size = 0x200
                0x0000000000000400                _Min_Stack_Size = 0x400

.isr_vector     0x0000000008000000      0x10c
                0x0000000008000000                . = ALIGN (0x4)
 *(.isr_vector)
 .isr_vector    0x0000000008000000      0x10c Core/Startup/startup_stm32f103c8tx.o
                0x0000000008000000                g_pfnVectors
                0x000000000800010c                . = ALIGN (0x4)

.text           0x000000000800010c     0x47f4
                0x000000000800010c                . = ALIGN (0x4)
 *(.text)
 .text          0x000000000800010c       0x40 /opt/st/stm32cubeide_1.4.0/plugins/com.st.stm32cube.ide.mcu.externaltools.gnu-tools-for-stm32.7-2018-q2-update.linux64_1.4.0.202007081208/tools/bin/../lib/gcc/arm-none-eabi/7.3.1/thumb/v7-m/crtbegin.o
 .text          0x000000000800014c       0x14 /opt/st/stm32cubeide_1.4.0/plugins/com.st.stm32cube.ide.mcu.externaltools.gnu-tools-for-stm32.7-2018-q2-update.linux64_1.4.0.202007081208/tools/bin/../lib/gcc/arm-none-eabi/7.3.1/../../../../arm-none-eabi/lib/thumb/v7-m/libc_nano.a(lib_a-strcmp.o)
                0x000000000800014c                strcmp
 *(.text*)
 .text._ZN6braids16AnalogOscillator21ComputePhaseIncrementEs
                0x0000000008000160       0x40 Core/Src/braids/analog_oscillator.o
                0x0000000008000160                braids::AnalogOscillator::ComputePhaseIncrement(short)
 .text._ZN6braids16AnalogOscillator6RenderEPKhPsPhj
                0x00000000080001a0       0x90 Core/Src/braids/analog_oscillator.o
                0x00000000080001a0                braids::AnalogOscillator::Render(unsigned char const*, short*, unsigned char*, unsigned int)
 .text._ZN6braids3Svf4InitEv
                0x0000000008000230       0x1c Core/Src/braids/digital_oscillator.o
                0x0000000008000230                braids::Svf::Init()
 .text._ZN6stmlib6Random7GetWordEv
                0x000000000800024c       0x1c Core/Src/braids/digital_oscillator.o
                0x000000000800024c                stmlib::Random::GetWord()
 .text._ZN6stmlib6Random9GetSampleEv
                0x0000000008000268        0xa Core/Src/braids/digital_oscillator.o
                0x0000000008000268                stmlib::Random::GetSample()
 *fill*         0x0000000008000272        0x2 
 .text._ZN6braids17DigitalOscillator18RenderQuestionMarkEPKhPsj
                0x0000000008000274      0x178 Core/Src/braids/digital_oscillator.o
                0x0000000008000274                braids::DigitalOscillator::RenderQuestionMark(unsigned char const*, short*, unsigned int)
 .text._ZN6braids17DigitalOscillator21ComputePhaseIncrementEs
                0x00000000080003ec       0x40 Core/Src/braids/digital_oscillator.o
                0x00000000080003ec                braids::DigitalOscillator::ComputePhaseIncrement(short)
 .text._ZN6braids17DigitalOscillator20RenderWaveParaphonicEPKhPsj
                0x000000000800042c      0x3c0 Core/Src/braids/digital_oscillator.o
                0x000000000800042c                braids::DigitalOscillator::RenderWaveParaphonic(unsigned char const*, short*, unsigned int)
 .text._ZN6braids17DigitalOscillator12ComputeDelayEs
                0x00000000080007ec       0x44 Core/Src/braids/digital_oscillator.o
                0x00000000080007ec                braids::DigitalOscillator::ComputeDelay(short)
 .text._ZN6braids17DigitalOscillator6RenderEPKhPsj
                0x0000000008000830      0x110 Core/Src/braids/digital_oscillator.o
                0x0000000008000830                braids::DigitalOscillator::Render(unsigned char const*, short*, unsigned int)
 .text._ZN6braids17DigitalOscillator18set_chordIntervalsEsss
                0x0000000008000940        0xe Core/Src/braids/digital_oscillator.o
                0x0000000008000940                braids::DigitalOscillator::set_chordIntervals(short, short, short)
 .text._ZN6braids15MacroOscillator10RenderBuzzEPKhPsj
                0x000000000800094e       0x76 Core/Src/braids/macro_oscillator.o
                0x000000000800094e                braids::MacroOscillator::RenderBuzz(unsigned char const*, short*, unsigned int)
 .text._ZN6braids15MacroOscillator10RenderCSawEPKhPsj
                0x00000000080009c4       0x50 Core/Src/braids/macro_oscillator.o
                0x00000000080009c4                braids::MacroOscillator::RenderCSaw(unsigned char const*, short*, unsigned int)
 .text._ZN6braids15MacroOscillator15RenderSawSquareEPKhPsj
                0x0000000008000a14       0xaa Core/Src/braids/macro_oscillator.o
                0x0000000008000a14                braids::MacroOscillator::RenderSawSquare(unsigned char const*, short*, unsigned int)
 .text._ZN6braids15MacroOscillator9RenderSubEPKhPsj
                0x0000000008000abe       0xda Core/Src/braids/macro_oscillator.o
                0x0000000008000abe                braids::MacroOscillator::RenderSub(unsigned char const*, short*, unsigned int)
 .text._ZN6braids15MacroOscillator14RenderDualSyncEPKhPsj
                0x0000000008000b98       0xba Core/Src/braids/macro_oscillator.o
                0x0000000008000b98                braids::MacroOscillator::RenderDualSync(unsigned char const*, short*, unsigned int)
 .text._ZN6braids15MacroOscillator18RenderSineTriangleEPKhPsj
                0x0000000008000c52       0xd8 Core/Src/braids/macro_oscillator.o
                0x0000000008000c52                braids::MacroOscillator::RenderSineTriangle(unsigned char const*, short*, unsigned int)
 *fill*         0x0000000008000d2a        0x2 
 .text._ZN6braids15MacroOscillator11RenderMorphEPKhPsj
                0x0000000008000d2c      0x1a8 Core/Src/braids/macro_oscillator.o
                0x0000000008000d2c                braids::MacroOscillator::RenderMorph(unsigned char const*, short*, unsigned int)
 .text._ZN6braids15MacroOscillator12RenderTripleEPKhPsj
                0x0000000008000ed4      0x110 Core/Src/braids/macro_oscillator.o
                0x0000000008000ed4                braids::MacroOscillator::RenderTriple(unsigned char const*, short*, unsigned int)
 .text._ZN6braids15MacroOscillator13RenderSawCombEPKhPsj
                0x0000000008000fe4       0x6e Core/Src/braids/macro_oscillator.o
                0x0000000008000fe4                braids::MacroOscillator::RenderSawComb(unsigned char const*, short*, unsigned int)
 .text._ZN6braids15MacroOscillator13RenderDigitalEPKhPsj
                0x0000000008001052       0x4a Core/Src/braids/macro_oscillator.o
                0x0000000008001052                braids::MacroOscillator::RenderDigital(unsigned char const*, short*, unsigned int)
 .text._ZN6braids15MacroOscillator6RenderEPKhPsj
                0x000000000800109c       0x30 Core/Src/braids/macro_oscillator.o
                0x000000000800109c                braids::MacroOscillator::Render(unsigned char const*, short*, unsigned int)
 .text._ZN6braids9Quantizer4InitEv
                0x00000000080010cc       0x28 Core/Src/braids/quantizer.o
                0x00000000080010cc                braids::Quantizer::Init()
 .text._ZN6braids9Quantizer9ConfigureEPKssj
                0x00000000080010f4       0x7c Core/Src/braids/quantizer.o
                0x00000000080010f4                braids::Quantizer::Configure(short const*, short, unsigned int)
 .text._ZN6braids9Quantizer7ProcessEll
                0x0000000008001170       0xb6 Core/Src/braids/quantizer.o
                0x0000000008001170                braids::Quantizer::Process(long, long)
 *fill*         0x0000000008001226        0x2 
 .text._ZN6braids8Settings5ResetEv
                0x0000000008001228       0x18 Core/Src/braids/settings.o
                0x0000000008001228                braids::Settings::Reset()
 .text._ZN6braids8Settings11CheckPaquesEv
                0x0000000008001240       0x1c Core/Src/braids/settings.o
                0x0000000008001240                braids::Settings::CheckPaques()
 .text._ZN6braids8Settings4InitEv
                0x000000000800125c       0x80 Core/Src/braids/settings.o
                0x000000000800125c                braids::Settings::Init()
 .text._ZN6braids8Settings4SaveEv
                0x00000000080012dc        0xa Core/Src/braids/settings.o
                0x00000000080012dc                braids::Settings::Save()
 .text._ZN6braids3Adc4InitEv
                0x00000000080012e6        0x2 Core/Src/braids/drivers/adc.o
                0x00000000080012e6                braids::Adc::Init()
 .text._Z18SystemClock_Configv
                0x00000000080012e8       0x56 Core/Src/main.o
                0x00000000080012e8                SystemClock_Config()
 *fill*         0x000000000800133e        0x2 
 .text.startup.main
                0x0000000008001340       0x8c Core/Src/main.o
                0x0000000008001340                main
 .text.HAL_MspInit
                0x00000000080013cc       0x64 Core/Src/stm32f1xx_hal_msp.o
                0x00000000080013cc                HAL_MspInit
 .text.HAL_I2C_MspInit
                0x0000000008001430       0x7c Core/Src/stm32f1xx_hal_msp.o
                0x0000000008001430                HAL_I2C_MspInit
 .text.NMI_Handler
                0x00000000080014ac        0xc Core/Src/stm32f1xx_it.o
                0x00000000080014ac                NMI_Handler
 .text.HardFault_Handler
                0x00000000080014b8        0x6 Core/Src/stm32f1xx_it.o
                0x00000000080014b8                HardFault_Handler
 .text.MemManage_Handler
                0x00000000080014be        0x6 Core/Src/stm32f1xx_it.o
                0x00000000080014be                MemManage_Handler
 .text.BusFault_Handler
                0x00000000080014c4        0x6 Core/Src/stm32f1xx_it.o
                0x00000000080014c4                BusFault_Handler
 .text.UsageFault_Handler
                0x00000000080014ca        0x6 Core/Src/stm32f1xx_it.o
                0x00000000080014ca                UsageFault_Handler
 .text.SVC_Handler
                0x00000000080014d0        0xc Core/Src/stm32f1xx_it.o
                0x00000000080014d0                SVC_Handler
 .text.DebugMon_Handler
                0x00000000080014dc        0xc Core/Src/stm32f1xx_it.o
                0x00000000080014dc                DebugMon_Handler
 .text.PendSV_Handler
                0x00000000080014e8        0xc Core/Src/stm32f1xx_it.o
                0x00000000080014e8                PendSV_Handler
 .text.SysTick_Handler
                0x00000000080014f4        0xc Core/Src/stm32f1xx_it.o
                0x00000000080014f4                SysTick_Handler
 .text.SystemInit
                0x0000000008001500       0x68 Core/Src/system_stm32f1xx.o
                0x0000000008001500                SystemInit
 .text._ZN12ChordManager4initEv
                0x0000000008001568       0x10 Core/Src/multiengine/ChordManager.o
                0x0000000008001568                ChordManager::init()
 .text._ZN12ChordManager9getChord1Ev
                0x0000000008001578        0x6 Core/Src/multiengine/ChordManager.o
                0x0000000008001578                ChordManager::getChord1()
 .text._ZN12ChordManager9getChord2Ev
                0x000000000800157e        0x6 Core/Src/multiengine/ChordManager.o
                0x000000000800157e                ChordManager::getChord2()
 .text._ZN12ChordManager9getChord3Ev
                0x0000000008001584        0x6 Core/Src/multiengine/ChordManager.o
                0x0000000008001584                ChordManager::getChord3()
 .text._ZN12ChordManager8getPitchEv
                0x000000000800158a        0x4 Core/Src/multiengine/ChordManager.o
                0x000000000800158a                ChordManager::getPitch()
 *fill*         0x000000000800158e        0x2 
 .text._ZN12ChordManager26calculateHarmonizedQualityEll
                0x0000000008001590       0xbc Core/Src/multiengine/ChordManager.o
                0x0000000008001590                ChordManager::calculateHarmonizedQuality(long, long)
 .text._ZN12ChordManager17calculateVoicingsEltttl
                0x000000000800164c      0x30c Core/Src/multiengine/ChordManager.o
                0x000000000800164c                ChordManager::calculateVoicings(long, unsigned short, unsigned short, unsigned short, long)
 .text._ZL14callbackRenderi
                0x0000000008001958       0x20 Core/Src/multiengine/MainLoop.o
 .text._ZN6braids15MacroOscillator4InitEv
                0x0000000008001978      0x12a Core/Src/multiengine/MainLoop.o
                0x0000000008001978                braids::MacroOscillator::Init()
 *fill*         0x0000000008001aa2        0x2 
 .text._ZN8MainLoop4initEv
                0x0000000008001aa4      0x110 Core/Src/multiengine/MainLoop.o
                0x0000000008001aa4                MainLoop::init()
 .text._ZN8MainLoop6renderEPhm
                0x0000000008001bb4      0x318 Core/Src/multiengine/MainLoop.o
                0x0000000008001bb4                MainLoop::render(unsigned char*, unsigned long)
 .text._ZN8MainLoop15adcStateMachineEv
                0x0000000008001ecc       0x30 Core/Src/multiengine/MainLoop.o
                0x0000000008001ecc                MainLoop::adcStateMachine()
 .text._ZN8MainLoop4loopEv
                0x0000000008001efc       0xa8 Core/Src/multiengine/MainLoop.o
                0x0000000008001efc                MainLoop::loop()
 .text.startup._GLOBAL__sub_I__ZN6stmlib11GetUniqueIdEh
                0x0000000008001fa4       0x24 Core/Src/multiengine/MainLoop.o
 .text._ZNK7Encoder9incrementEv.isra.0
                0x0000000008001fc8       0x24 Core/Src/multiengine/Ui.o
 .text._ZN2Ui28getParamFromCurrentWaveTableEv
                0x0000000008001fec        0xc Core/Src/multiengine/Ui.o
                0x0000000008001fec                Ui::getParamFromCurrentWaveTable()
 .text._ZN2Ui7sysTickEv
                0x0000000008001ff8       0x1e Core/Src/multiengine/Ui.o
                0x0000000008001ff8                Ui::sysTick()
 *fill*         0x0000000008002016        0x2 
 .text._ZN2Ui15saveAllSettingsEv
                0x0000000008002018       0x2c Core/Src/multiengine/Ui.o
                0x0000000008002018                Ui::saveAllSettings()
 .text._ZN2Ui15loadAllSettingsEv
                0x0000000008002044       0x58 Core/Src/multiengine/Ui.o
                0x0000000008002044                Ui::loadAllSettings()
 .text._ZN2Ui4initEPN6braids3AdcEP6Memory
                0x000000000800209c       0x84 Core/Src/multiengine/Ui.o
                0x000000000800209c                Ui::init(braids::Adc*, Memory*)
 .text._ZN2Ui18justFinishedRenderEv
                0x0000000008002120        0x8 Core/Src/multiengine/Ui.o
                0x0000000008002120                Ui::justFinishedRender()
 .text._ZN2Ui4loopEv
                0x0000000008002128      0x320 Core/Src/multiengine/Ui.o
                0x0000000008002128                Ui::loop()
 .text._ZN7Display4initEv
                0x0000000008002448        0x6 Core/Src/multiengine/hal/Display.o
                0x0000000008002448                Display::init()
 *fill*         0x000000000800244e        0x2 
 .text._ZN7Display8showCharEa
                0x0000000008002450       0x34 Core/Src/multiengine/hal/Display.o
                0x0000000008002450                Display::showChar(signed char)
 .text._ZN7Display8showBankEh
                0x0000000008002484       0x32 Core/Src/multiengine/hal/Display.o
                0x0000000008002484                Display::showBank(unsigned char)
 .text._ZN7Display10showConfigEh
                0x00000000080024b6        0x6 Core/Src/multiengine/hal/Display.o
                0x00000000080024b6                Display::showConfig(unsigned char)
 .text._ZN7Display9showValueEhh
                0x00000000080024bc       0x56 Core/Src/multiengine/hal/Display.o
                0x00000000080024bc                Display::showValue(unsigned char, unsigned char)
 .text._ZN7Encoder4InitEv
                0x0000000008002512        0xe Core/Src/multiengine/hal/Encoder.o
                0x0000000008002512                Encoder::Init()
 .text._ZN7Encoder7sysTickEv
                0x0000000008002520        0xa Core/Src/multiengine/hal/Encoder.o
                0x0000000008002520                Encoder::sysTick()
 .text._ZN7Encoder4loopEv
                0x000000000800252a       0x84 Core/Src/multiengine/hal/Encoder.o
                0x000000000800252a                Encoder::loop()
 .text._ZN7Encoder11pressedLongEv
                0x00000000080025ae        0xc Core/Src/multiengine/hal/Encoder.o
                0x00000000080025ae                Encoder::pressedLong()
 .text._ZN7Encoder7pressedEv
                0x00000000080025ba        0xa Core/Src/multiengine/hal/Encoder.o
                0x00000000080025ba                Encoder::pressed()
 .text._ZN6Memory10readUInt32Et
                0x00000000080025c4       0x16 Core/Src/multiengine/hal/Memory.o
                0x00000000080025c4                Memory::readUInt32(unsigned short)
 .text._ZN6Memory9readUInt8Et
                0x00000000080025da       0x18 Core/Src/multiengine/hal/Memory.o
                0x00000000080025da                Memory::readUInt8(unsigned short)
 .text._ZN6Memory10readUInt16Et
                0x00000000080025f2       0x18 Core/Src/multiengine/hal/Memory.o
                0x00000000080025f2                Memory::readUInt16(unsigned short)
 .text._ZN6Memory11writeUInt32Etm
                0x000000000800260a       0x18 Core/Src/multiengine/hal/Memory.o
                0x000000000800260a                Memory::writeUInt32(unsigned short, unsigned long)
 .text._ZN6Memory16writeUInt8NoWaitEth
                0x0000000008002622       0x18 Core/Src/multiengine/hal/Memory.o
                0x0000000008002622                Memory::writeUInt8NoWait(unsigned short, unsigned char)
 .text._ZN6Memory11writeUInt16Ett
                0x000000000800263a       0x18 Core/Src/multiengine/hal/Memory.o
                0x000000000800263a                Memory::writeUInt16(unsigned short, unsigned short)
 *fill*         0x0000000008002652        0x2 
 .text.DMA1_Channel5_IRQHandler
                0x0000000008002654       0x38 Core/Src/multiengine/hal/MultiEngineHAL.o
                0x0000000008002654                DMA1_Channel5_IRQHandler
 .text.mehal_init
                0x000000000800268c      0x318 Core/Src/multiengine/hal/MultiEngineHAL.o
                0x000000000800268c                mehal_init
 .text.mehal_readADC
                0x00000000080029a4       0x40 Core/Src/multiengine/hal/MultiEngineHAL.o
                0x00000000080029a4                mehal_readADC
 .text.mehal_i2cMemRead
                0x00000000080029e4       0x24 Core/Src/multiengine/hal/MultiEngineHAL.o
                0x00000000080029e4                mehal_i2cMemRead
 .text.mehal_i2cMemWrite
                0x0000000008002a08       0x30 Core/Src/multiengine/hal/MultiEngineHAL.o
                0x0000000008002a08                mehal_i2cMemWrite
 .text.mehal_debugPinSet
                0x0000000008002a38        0x2 Core/Src/multiengine/hal/MultiEngineHAL.o
                0x0000000008002a38                mehal_debugPinSet
 .text.mehal_debugPinReset
                0x0000000008002a3a        0x2 Core/Src/multiengine/hal/MultiEngineHAL.o
                0x0000000008002a3a                mehal_debugPinReset
 .text.mehal_readEncoderSwitch
                0x0000000008002a3c       0x10 Core/Src/multiengine/hal/MultiEngineHAL.o
                0x0000000008002a3c                mehal_readEncoderSwitch
 .text.mehal_readEncoderA
                0x0000000008002a4c       0x10 Core/Src/multiengine/hal/MultiEngineHAL.o
                0x0000000008002a4c                mehal_readEncoderA
 .text.mehal_readEncoderB
                0x0000000008002a5c       0x10 Core/Src/multiengine/hal/MultiEngineHAL.o
                0x0000000008002a5c                mehal_readEncoderB
 .text.mehal_sendDataTo595
                0x0000000008002a6c       0x68 Core/Src/multiengine/hal/MultiEngineHAL.o
                0x0000000008002a6c                mehal_sendDataTo595
 .text.mehal_setConfigLed
                0x0000000008002ad4       0x18 Core/Src/multiengine/hal/MultiEngineHAL.o
                0x0000000008002ad4                mehal_setConfigLed
 .text.mehal_setBank1Led
                0x0000000008002aec       0x18 Core/Src/multiengine/hal/MultiEngineHAL.o
                0x0000000008002aec                mehal_setBank1Led
 .text.mehal_setBank0Led
                0x0000000008002b04       0x18 Core/Src/multiengine/hal/MultiEngineHAL.o
                0x0000000008002b04                mehal_setBank0Led
 .text.Reset_Handler
                0x0000000008002b1c       0x48 Core/Startup/startup_stm32f103c8tx.o
                0x0000000008002b1c                Reset_Handler
 .text.Default_Handler
                0x0000000008002b64        0x2 Core/Startup/startup_stm32f103c8tx.o
                0x0000000008002b64                RTC_Alarm_IRQHandler
                0x0000000008002b64                EXTI2_IRQHandler
                0x0000000008002b64                TIM1_CC_IRQHandler
                0x0000000008002b64                PVD_IRQHandler
                0x0000000008002b64                EXTI3_IRQHandler
                0x0000000008002b64                EXTI0_IRQHandler
                0x0000000008002b64                I2C2_EV_IRQHandler
                0x0000000008002b64                ADC1_2_IRQHandler
                0x0000000008002b64                SPI1_IRQHandler
                0x0000000008002b64                TAMPER_IRQHandler
                0x0000000008002b64                DMA1_Channel4_IRQHandler
                0x0000000008002b64                USART3_IRQHandler
                0x0000000008002b64                RTC_IRQHandler
                0x0000000008002b64                DMA1_Channel7_IRQHandler
                0x0000000008002b64                CAN1_RX1_IRQHandler
                0x0000000008002b64                TIM4_IRQHandler
                0x0000000008002b64                I2C1_EV_IRQHandler
                0x0000000008002b64                DMA1_Channel6_IRQHandler
                0x0000000008002b64                TIM3_IRQHandler
                0x0000000008002b64                RCC_IRQHandler
                0x0000000008002b64                TIM1_TRG_COM_IRQHandler
                0x0000000008002b64                DMA1_Channel1_IRQHandler
                0x0000000008002b64                Default_Handler
                0x0000000008002b64                EXTI15_10_IRQHandler
                0x0000000008002b64                EXTI9_5_IRQHandler
                0x0000000008002b64                SPI2_IRQHandler
                0x0000000008002b64                EXTI4_IRQHandler
                0x0000000008002b64                USB_LP_CAN1_RX0_IRQHandler
                0x0000000008002b64                USB_HP_CAN1_TX_IRQHandler
                0x0000000008002b64                DMA1_Channel3_IRQHandler
                0x0000000008002b64                TIM1_UP_IRQHandler
                0x0000000008002b64                WWDG_IRQHandler
                0x0000000008002b64                TIM2_IRQHandler
                0x0000000008002b64                TIM1_BRK_IRQHandler
                0x0000000008002b64                EXTI1_IRQHandler
                0x0000000008002b64                USART2_IRQHandler
                0x0000000008002b64                I2C2_ER_IRQHandler
                0x0000000008002b64                DMA1_Channel2_IRQHandler
                0x0000000008002b64                CAN1_SCE_IRQHandler
                0x0000000008002b64                FLASH_IRQHandler
                0x0000000008002b64                USART1_IRQHandler
                0x0000000008002b64                I2C1_ER_IRQHandler
                0x0000000008002b64                USBWakeUp_IRQHandler
 *fill*         0x0000000008002b66        0x2 
 .text.HAL_Init
                0x0000000008002b68       0x2c Drivers/STM32F1xx_HAL_Driver/Src/stm32f1xx_hal.o
                0x0000000008002b68                HAL_Init
 .text.HAL_InitTick
                0x0000000008002b94       0x60 Drivers/STM32F1xx_HAL_Driver/Src/stm32f1xx_hal.o
                0x0000000008002b94                HAL_InitTick
 .text.HAL_IncTick
                0x0000000008002bf4       0x24 Drivers/STM32F1xx_HAL_Driver/Src/stm32f1xx_hal.o
                0x0000000008002bf4                HAL_IncTick
 .text.HAL_GetTick
                0x0000000008002c18       0x14 Drivers/STM32F1xx_HAL_Driver/Src/stm32f1xx_hal.o
                0x0000000008002c18                HAL_GetTick
 .text.HAL_Delay
                0x0000000008002c2c       0x44 Drivers/STM32F1xx_HAL_Driver/Src/stm32f1xx_hal.o
                0x0000000008002c2c                HAL_Delay
 .text.__NVIC_SetPriorityGrouping
                0x0000000008002c70       0x48 Drivers/STM32F1xx_HAL_Driver/Src/stm32f1xx_hal_cortex.o
 .text.__NVIC_GetPriorityGrouping
                0x0000000008002cb8       0x1c Drivers/STM32F1xx_HAL_Driver/Src/stm32f1xx_hal_cortex.o
 .text.__NVIC_SetPriority
                0x0000000008002cd4       0x54 Drivers/STM32F1xx_HAL_Driver/Src/stm32f1xx_hal_cortex.o
 .text.NVIC_EncodePriority
                0x0000000008002d28       0x64 Drivers/STM32F1xx_HAL_Driver/Src/stm32f1xx_hal_cortex.o
 .text.SysTick_Config
                0x0000000008002d8c       0x44 Drivers/STM32F1xx_HAL_Driver/Src/stm32f1xx_hal_cortex.o
 .text.HAL_NVIC_SetPriorityGrouping
                0x0000000008002dd0       0x16 Drivers/STM32F1xx_HAL_Driver/Src/stm32f1xx_hal_cortex.o
                0x0000000008002dd0                HAL_NVIC_SetPriorityGrouping
 .text.HAL_NVIC_SetPriority
                0x0000000008002de6       0x38 Drivers/STM32F1xx_HAL_Driver/Src/stm32f1xx_hal_cortex.o
                0x0000000008002de6                HAL_NVIC_SetPriority
 .text.HAL_SYSTICK_Config
                0x0000000008002e1e       0x18 Drivers/STM32F1xx_HAL_Driver/Src/stm32f1xx_hal_cortex.o
                0x0000000008002e1e                HAL_SYSTICK_Config
 *fill*         0x0000000008002e36        0x2 
 .text.HAL_GPIO_Init
                0x0000000008002e38      0x2b4 Drivers/STM32F1xx_HAL_Driver/Src/stm32f1xx_hal_gpio.o
                0x0000000008002e38                HAL_GPIO_Init
 .text.HAL_GPIO_ReadPin
                0x00000000080030ec       0x2e Drivers/STM32F1xx_HAL_Driver/Src/stm32f1xx_hal_gpio.o
                0x00000000080030ec                HAL_GPIO_ReadPin
 .text.HAL_GPIO_WritePin
                0x000000000800311a       0x30 Drivers/STM32F1xx_HAL_Driver/Src/stm32f1xx_hal_gpio.o
                0x000000000800311a                HAL_GPIO_WritePin
 *fill*         0x000000000800314a        0x2 
 .text.HAL_I2C_Init
                0x000000000800314c      0x250 Drivers/STM32F1xx_HAL_Driver/Src/stm32f1xx_hal_i2c.o
                0x000000000800314c                HAL_I2C_Init
 .text.HAL_I2C_Mem_Write
                0x000000000800339c      0x1f4 Drivers/STM32F1xx_HAL_Driver/Src/stm32f1xx_hal_i2c.o
                0x000000000800339c                HAL_I2C_Mem_Write
 .text.HAL_I2C_Mem_Read
                0x0000000008003590      0x46c Drivers/STM32F1xx_HAL_Driver/Src/stm32f1xx_hal_i2c.o
                0x0000000008003590                HAL_I2C_Mem_Read
 .text.I2C_RequestMemoryWrite
                0x00000000080039fc      0x114 Drivers/STM32F1xx_HAL_Driver/Src/stm32f1xx_hal_i2c.o
 .text.I2C_RequestMemoryRead
                0x0000000008003b10      0x1a0 Drivers/STM32F1xx_HAL_Driver/Src/stm32f1xx_hal_i2c.o
 .text.I2C_WaitOnFlagUntilTimeout
                0x0000000008003cb0       0xae Drivers/STM32F1xx_HAL_Driver/Src/stm32f1xx_hal_i2c.o
 .text.I2C_WaitOnMasterAddressFlagUntilTimeout
                0x0000000008003d5e       0xfe Drivers/STM32F1xx_HAL_Driver/Src/stm32f1xx_hal_i2c.o
 .text.I2C_WaitOnTXEFlagUntilTimeout
                0x0000000008003e5c       0x82 Drivers/STM32F1xx_HAL_Driver/Src/stm32f1xx_hal_i2c.o
 .text.I2C_WaitOnBTFFlagUntilTimeout
                0x0000000008003ede       0x82 Drivers/STM32F1xx_HAL_Driver/Src/stm32f1xx_hal_i2c.o
 .text.I2C_WaitOnRXNEFlagUntilTimeout
                0x0000000008003f60       0xac Drivers/STM32F1xx_HAL_Driver/Src/stm32f1xx_hal_i2c.o
 .text.I2C_IsAcknowledgeFailed
                0x000000000800400c       0x5c Drivers/STM32F1xx_HAL_Driver/Src/stm32f1xx_hal_i2c.o
 .text.HAL_RCC_OscConfig
                0x0000000008004068      0x500 Drivers/STM32F1xx_HAL_Driver/Src/stm32f1xx_hal_rcc.o
                0x0000000008004068                HAL_RCC_OscConfig
 .text.HAL_RCC_ClockConfig
                0x0000000008004568      0x1d4 Drivers/STM32F1xx_HAL_Driver/Src/stm32f1xx_hal_rcc.o
                0x0000000008004568                HAL_RCC_ClockConfig
 .text.HAL_RCC_GetSysClockFreq
                0x000000000800473c       0xc4 Drivers/STM32F1xx_HAL_Driver/Src/stm32f1xx_hal_rcc.o
                0x000000000800473c                HAL_RCC_GetSysClockFreq
 .text.HAL_RCC_GetHCLKFreq
                0x0000000008004800       0x14 Drivers/STM32F1xx_HAL_Driver/Src/stm32f1xx_hal_rcc.o
                0x0000000008004800                HAL_RCC_GetHCLKFreq
 .text.HAL_RCC_GetPCLK1Freq
                0x0000000008004814       0x28 Drivers/STM32F1xx_HAL_Driver/Src/stm32f1xx_hal_rcc.o
                0x0000000008004814                HAL_RCC_GetPCLK1Freq
 .text.RCC_Delay
                0x000000000800483c       0x3c Drivers/STM32F1xx_HAL_Driver/Src/stm32f1xx_hal_rcc.o
 .text.__libc_init_array
                0x0000000008004878       0x48 /opt/st/stm32cubeide_1.4.0/plugins/com.st.stm32cube.ide.mcu.externaltools.gnu-tools-for-stm32.7-2018-q2-update.linux64_1.4.0.202007081208/tools/bin/../lib/gcc/arm-none-eabi/7.3.1/../../../../arm-none-eabi/lib/thumb/v7-m/libc_nano.a(lib_a-init.o)
                0x0000000008004878                __libc_init_array
 .text.memcpy   0x00000000080048c0       0x16 /opt/st/stm32cubeide_1.4.0/plugins/com.st.stm32cube.ide.mcu.externaltools.gnu-tools-for-stm32.7-2018-q2-update.linux64_1.4.0.202007081208/tools/bin/../lib/gcc/arm-none-eabi/7.3.1/../../../../arm-none-eabi/lib/thumb/v7-m/libc_nano.a(lib_a-memcpy-stub.o)
                0x00000000080048c0                memcpy
 .text.memset   0x00000000080048d6       0x10 /opt/st/stm32cubeide_1.4.0/plugins/com.st.stm32cube.ide.mcu.externaltools.gnu-tools-for-stm32.7-2018-q2-update.linux64_1.4.0.202007081208/tools/bin/../lib/gcc/arm-none-eabi/7.3.1/../../../../arm-none-eabi/lib/thumb/v7-m/libc_nano.a(lib_a-memset.o)
                0x00000000080048d6                memset
 *(.glue_7)
 .glue_7        0x00000000080048e6        0x0 linker stubs
 *(.glue_7t)
 .glue_7t       0x00000000080048e6        0x0 linker stubs
 *(.eh_frame)
 *fill*         0x00000000080048e6        0x2 
 .eh_frame      0x00000000080048e8        0x0 /opt/st/stm32cubeide_1.4.0/plugins/com.st.stm32cube.ide.mcu.externaltools.gnu-tools-for-stm32.7-2018-q2-update.linux64_1.4.0.202007081208/tools/bin/../lib/gcc/arm-none-eabi/7.3.1/thumb/v7-m/crtbegin.o
 *(.init)
 .init          0x00000000080048e8        0x4 /opt/st/stm32cubeide_1.4.0/plugins/com.st.stm32cube.ide.mcu.externaltools.gnu-tools-for-stm32.7-2018-q2-update.linux64_1.4.0.202007081208/tools/bin/../lib/gcc/arm-none-eabi/7.3.1/thumb/v7-m/crti.o
                0x00000000080048e8                _init
 .init          0x00000000080048ec        0x8 /opt/st/stm32cubeide_1.4.0/plugins/com.st.stm32cube.ide.mcu.externaltools.gnu-tools-for-stm32.7-2018-q2-update.linux64_1.4.0.202007081208/tools/bin/../lib/gcc/arm-none-eabi/7.3.1/thumb/v7-m/crtn.o
 *(.fini)
 .fini          0x00000000080048f4        0x4 /opt/st/stm32cubeide_1.4.0/plugins/com.st.stm32cube.ide.mcu.externaltools.gnu-tools-for-stm32.7-2018-q2-update.linux64_1.4.0.202007081208/tools/bin/../lib/gcc/arm-none-eabi/7.3.1/thumb/v7-m/crti.o
                0x00000000080048f4                _fini
 .fini          0x00000000080048f8        0x8 /opt/st/stm32cubeide_1.4.0/plugins/com.st.stm32cube.ide.mcu.externaltools.gnu-tools-for-stm32.7-2018-q2-update.linux64_1.4.0.202007081208/tools/bin/../lib/gcc/arm-none-eabi/7.3.1/thumb/v7-m/crtn.o
                0x0000000008004900                . = ALIGN (0x4)
                0x0000000008004900                _etext = .

.vfp11_veneer   0x0000000008004900        0x0
 .vfp11_veneer  0x0000000008004900        0x0 linker stubs

.v4_bx          0x0000000008004900        0x0
 .v4_bx         0x0000000008004900        0x0 linker stubs

.iplt           0x0000000008004900        0x0
 .iplt          0x0000000008004900        0x0 /opt/st/stm32cubeide_1.4.0/plugins/com.st.stm32cube.ide.mcu.externaltools.gnu-tools-for-stm32.7-2018-q2-update.linux64_1.4.0.202007081208/tools/bin/../lib/gcc/arm-none-eabi/7.3.1/thumb/v7-m/crtbegin.o

.rodata         0x0000000008004900     0xa374
                0x0000000008004900                . = ALIGN (0x4)
 *(.rodata)
 .rodata        0x0000000008004900       0x12 Drivers/STM32F1xx_HAL_Driver/Src/stm32f1xx_hal_rcc.o
 *(.rodata*)
 .rodata._ZN6braidsL14mini_wave_lineE
                0x0000000008004912       0x21 Core/Src/braids/digital_oscillator.o
 .rodata.CSWTCH.63
                0x0000000008004933        0x3 Core/Src/braids/macro_oscillator.o
 .rodata._ZN6braidsL9intervalsE
                0x0000000008004936       0x82 Core/Src/braids/macro_oscillator.o
 .rodata._ZN6braids12lut_env_expoE
                0x00000000080049b8      0x202 Core/Src/braids/resources.o
                0x00000000080049b8                braids::lut_env_expo
 .rodata._ZN6braids14lut_svf_cutoffE
                0x0000000008004bba      0x202 Core/Src/braids/resources.o
                0x0000000008004bba                braids::lut_svf_cutoff
 .rodata._ZN6braids20ws_violent_overdriveE
                0x0000000008004dbc      0x202 Core/Src/braids/resources.o
                0x0000000008004dbc                braids::ws_violent_overdrive
 *fill*         0x0000000008004fbe        0x2 
 .rodata._ZN6braids21lut_oscillator_delaysE
                0x0000000008004fc0      0x184 Core/Src/braids/resources.o
                0x0000000008004fc0                braids::lut_oscillator_delays
 .rodata._ZN6braids25lut_oscillator_incrementsE
                0x0000000008005144      0x184 Core/Src/braids/resources.o
                0x0000000008005144                braids::lut_oscillator_increments
 .rodata._ZN6braids26lut_fm_frequency_quantizerE
                0x00000000080052c8      0x102 Core/Src/braids/resources.o
                0x00000000080052c8                braids::lut_fm_frequency_quantizer
 *fill*         0x00000000080053ca        0x2 
 .rodata._ZN6braids29lut_env_portamento_incrementsE
                0x00000000080053cc      0x200 Core/Src/braids/resources.o
                0x00000000080053cc                braids::lut_env_portamento_increments
 .rodata._ZN6braids7wt_codeE
                0x00000000080055cc      0x428 Core/Src/braids/resources.o
                0x00000000080055cc                braids::wt_code
 .rodata._ZN6braids8wav_sineE
                0x00000000080059f4      0x202 Core/Src/braids/resources.o
                0x00000000080059f4                braids::wav_sine
 .rodata._ZN6braids8wt_wavesE
                0x0000000008005bf6     0x8100 Core/Src/braids/resources.o
                0x0000000008005bf6                braids::wt_waves
 .rodata._ZN6braids8Settings11CheckPaquesEv.str1.1
                0x000000000800dcf6        0x3 Core/Src/braids/settings.o
 *fill*         0x000000000800dcf9        0x3 
 .rodata._ZN6braids8Settings9metadata_E
                0x000000000800dcfc      0x120 Core/Src/braids/settings.o
                0x000000000800dcfc                braids::Settings::metadata_
 .rodata._ZN6braidsL11algo_valuesE
                0x000000000800de1c       0xbc Core/Src/braids/settings.o
 .rodata._ZN6braidsL11bits_valuesE
                0x000000000800ded8       0x1c Core/Src/braids/settings.o
 .rodata._ZN6braidsL11note_valuesE
                0x000000000800def4       0x30 Core/Src/braids/settings.o
 .rodata._ZN6braidsL12rates_valuesE
                0x000000000800df24       0x1c Core/Src/braids/settings.o
 .rodata._ZN6braidsL13kInitSettingsE
                0x000000000800df40       0x60 Core/Src/braids/settings.o
 .rodata._ZN6braidsL13octave_valuesE
                0x000000000800dfa0       0x14 Core/Src/braids/settings.o
 .rodata._ZN6braidsL14boolean_valuesE
                0x000000000800dfb4        0x8 Core/Src/braids/settings.o
 .rodata._ZN6braidsL16intensity_valuesE
                0x000000000800dfbc       0x14 Core/Src/braids/settings.o
 .rodata._ZN6braidsL17brightness_valuesE
                0x000000000800dfd0        0xc Core/Src/braids/settings.o
 .rodata._ZN6braidsL17trig_delay_valuesE
                0x000000000800dfdc       0x1c Core/Src/braids/settings.o
 .rodata._ZN6braidsL18pitch_range_valuesE
                0x000000000800dff8       0x14 Core/Src/braids/settings.o
 .rodata._ZN6braidsL18trig_source_valuesE
                0x000000000800e00c        0x8 Core/Src/braids/settings.o
 .rodata._ZN6braidsL19quantization_valuesE
                0x000000000800e014       0xc4 Core/Src/braids/settings.o
 .rodata._ZN6braidsL22zero_to_fifteen_valuesE
                0x000000000800e0d8       0x40 Core/Src/braids/settings.o
 .rodata.str1.1
                0x000000000800e118      0x2e3 Core/Src/braids/settings.o
                                        0x2f7 (size before relaxing)
 *fill*         0x000000000800e3fb        0x1 
 .rodata.AHBPrescTable
                0x000000000800e3fc       0x10 Core/Src/system_stm32f1xx.o
                0x000000000800e3fc                AHBPrescTable
 .rodata.APBPrescTable
                0x000000000800e40c        0x8 Core/Src/system_stm32f1xx.o
                0x000000000800e40c                APBPrescTable
 .rodata._ZL18decimation_factors
                0x000000000800e414        0xe Core/Src/multiengine/MainLoop.o
 .rodata._ZL19bit_reduction_masks
                0x000000000800e422        0xe Core/Src/multiengine/MainLoop.o
 .rodata._ZN6braidsL6scalesE
                0x000000000800e430      0x7a8 Core/Src/multiengine/MainLoop.o
 .rodata._ZL12CONFIG_ITEMS
                0x000000000800ebd8       0x16 Core/Src/multiengine/Ui.o
 .rodata._ZL19LIMITED_OSCILLATORS
                0x000000000800ebee       0x60 Core/Src/multiengine/Ui.o
 .rodata._ZL11CHARS_TABLE
                0x000000000800ec4e       0x1a Core/Src/multiengine/hal/Display.o
 .rodata._ZL13NUMBERS_TABLE
                0x000000000800ec68        0xa Core/Src/multiengine/hal/Display.o
                0x000000000800ec74                . = ALIGN (0x4)
 *fill*         0x000000000800ec72        0x2 

.rel.dyn        0x000000000800ec74        0x0
 .rel.iplt      0x000000000800ec74        0x0 /opt/st/stm32cubeide_1.4.0/plugins/com.st.stm32cube.ide.mcu.externaltools.gnu-tools-for-stm32.7-2018-q2-update.linux64_1.4.0.202007081208/tools/bin/../lib/gcc/arm-none-eabi/7.3.1/thumb/v7-m/crtbegin.o

.ARM.extab      0x000000000800ec74        0x0
                0x000000000800ec74                . = ALIGN (0x4)
 *(.ARM.extab* .gnu.linkonce.armextab.*)
                0x000000000800ec74                . = ALIGN (0x4)

.ARM            0x000000000800ec74        0x0
                0x000000000800ec74                . = ALIGN (0x4)
                0x000000000800ec74                __exidx_start = .
 *(.ARM.exidx*)
                0x000000000800ec74                __exidx_end = .
                0x000000000800ec74                . = ALIGN (0x4)

.preinit_array  0x000000000800ec74        0x0
                0x000000000800ec74                . = ALIGN (0x4)
                0x000000000800ec74                PROVIDE (__preinit_array_start = .)
 *(.preinit_array*)
                0x000000000800ec74                PROVIDE (__preinit_array_end = .)
                0x000000000800ec74                . = ALIGN (0x4)

.init_array     0x000000000800ec74        0x8
                0x000000000800ec74                . = ALIGN (0x4)
                0x000000000800ec74                PROVIDE (__init_array_start = .)
 *(SORT_BY_NAME(.init_array.*))
 *(.init_array*)
 .init_array    0x000000000800ec74        0x4 /opt/st/stm32cubeide_1.4.0/plugins/com.st.stm32cube.ide.mcu.externaltools.gnu-tools-for-stm32.7-2018-q2-update.linux64_1.4.0.202007081208/tools/bin/../lib/gcc/arm-none-eabi/7.3.1/thumb/v7-m/crtbegin.o
 .init_array    0x000000000800ec78        0x4 Core/Src/multiengine/MainLoop.o
                0x000000000800ec7c                PROVIDE (__init_array_end = .)
                0x000000000800ec7c                . = ALIGN (0x4)

.fini_array     0x000000000800ec7c        0x4
                0x000000000800ec7c                . = ALIGN (0x4)
                [!provide]                        PROVIDE (__fini_array_start = .)
 *(SORT_BY_NAME(.fini_array.*))
 *(.fini_array*)
 .fini_array    0x000000000800ec7c        0x4 /opt/st/stm32cubeide_1.4.0/plugins/com.st.stm32cube.ide.mcu.externaltools.gnu-tools-for-stm32.7-2018-q2-update.linux64_1.4.0.202007081208/tools/bin/../lib/gcc/arm-none-eabi/7.3.1/thumb/v7-m/crtbegin.o
                [!provide]                        PROVIDE (__fini_array_end = .)
                0x000000000800ec80                . = ALIGN (0x4)
                0x000000000800ec80                _sidata = LOADADDR (.data)

.data           0x0000000020000000      0x2ac load address 0x000000000800ec80
                0x0000000020000000                . = ALIGN (0x4)
                0x0000000020000000                _sdata = .
 *(.data)
 *(.data*)
 .data._ZN6braids17DigitalOscillator9fn_table_E
                0x0000000020000000      0x118 Core/Src/braids/digital_oscillator.o
                0x0000000020000000                braids::DigitalOscillator::fn_table_
 .data._ZN6braids15MacroOscillator9fn_table_E
                0x0000000020000118      0x180 Core/Src/braids/macro_oscillator.o
                0x0000000020000118                braids::MacroOscillator::fn_table_
 .data.SystemCoreClock
                0x0000000020000298        0x4 Core/Src/system_stm32f1xx.o
                0x0000000020000298                SystemCoreClock
 .data._ZL13current_scale
                0x000000002000029c        0x1 Core/Src/multiengine/MainLoop.o
 *fill*         0x000000002000029d        0x3 
 .data._ZN6stmlib6Random10rng_state_E
                0x00000000200002a0        0x4 Core/Src/stmlib/random.o
                0x00000000200002a0                stmlib::Random::rng_state_
 .data.uwTickPrio
                0x00000000200002a4        0x4 Drivers/STM32F1xx_HAL_Driver/Src/stm32f1xx_hal.o
                0x00000000200002a4                uwTickPrio
 .data.uwTickFreq
                0x00000000200002a8        0x1 Drivers/STM32F1xx_HAL_Driver/Src/stm32f1xx_hal.o
                0x00000000200002a8                uwTickFreq
                0x00000000200002ac                . = ALIGN (0x4)
 *fill*         0x00000000200002a9        0x3 
                0x00000000200002ac                _edata = .

.igot.plt       0x00000000200002ac        0x0 load address 0x000000000800ef2c
 .igot.plt      0x00000000200002ac        0x0 /opt/st/stm32cubeide_1.4.0/plugins/com.st.stm32cube.ide.mcu.externaltools.gnu-tools-for-stm32.7-2018-q2-update.linux64_1.4.0.202007081208/tools/bin/../lib/gcc/arm-none-eabi/7.3.1/thumb/v7-m/crtbegin.o
                0x00000000200002ac                . = ALIGN (0x4)

.bss            0x00000000200002ac     0x4568 load address 0x000000000800ef2c
                0x00000000200002ac                _sbss = .
                0x00000000200002ac                __bss_start__ = _sbss
 *(.bss)
 .bss           0x00000000200002ac       0x1c /opt/st/stm32cubeide_1.4.0/plugins/com.st.stm32cube.ide.mcu.externaltools.gnu-tools-for-stm32.7-2018-q2-update.linux64_1.4.0.202007081208/tools/bin/../lib/gcc/arm-none-eabi/7.3.1/thumb/v7-m/crtbegin.o
 *(.bss*)
 .bss._ZN6braids16AnalogOscillator9fn_table_E
                0x00000000200002c8       0x48 Core/Src/braids/analog_oscillator.o
                0x00000000200002c8                braids::AnalogOscillator::fn_table_
 .bss._ZN6braids8settingsE
                0x0000000020000310       0x64 Core/Src/braids/settings.o
                0x0000000020000310                braids::settings
 .bss._ZZL16calculateQualitytE7prevRet
                0x0000000020000374        0x1 Core/Src/multiengine/ChordManager.o
 .bss._ZZL16calculateVoicingtE7prevRet
                0x0000000020000375        0x1 Core/Src/multiengine/ChordManager.o
 .bss._ZZL18calculateVariationthE8prevRet4
                0x0000000020000376        0x1 Core/Src/multiengine/ChordManager.o
 .bss._ZZL18calculateVariationthE9prevRet01
                0x0000000020000377        0x1 Core/Src/multiengine/ChordManager.o
 .bss._ZZL18calculateVariationthE9prevRet35
                0x0000000020000378        0x1 Core/Src/multiengine/ChordManager.o
 .bss._ZL10flagRender
                0x0000000020000379        0x1 Core/Src/multiengine/MainLoop.o
 *fill*         0x000000002000037a        0x2 
 .bss._ZL12chordManager
                0x000000002000037c       0x10 Core/Src/multiengine/MainLoop.o
 .bss._ZL12sync_samples
                0x000000002000038c       0x18 Core/Src/multiengine/MainLoop.o
 .bss._ZL12trigger_flag
                0x00000000200003a4        0x1 Core/Src/multiengine/MainLoop.o
 .bss._ZL13samplesBuffer
                0x00000000200003a5       0x30 Core/Src/multiengine/MainLoop.o
 *fill*         0x00000000200003d5        0x3 
 .bss._ZL13userInterface
                0x00000000200003d8       0x34 Core/Src/multiengine/MainLoop.o
 .bss._ZL14sysTickDivisor
                0x000000002000040c        0x1 Core/Src/multiengine/MainLoop.o
 .bss._ZL17indexBufferRender
                0x000000002000040d        0x1 Core/Src/multiengine/MainLoop.o
 *fill*         0x000000002000040e        0x2 
 .bss._ZL18flagTriggerInEvent
                0x0000000020000410        0x4 Core/Src/multiengine/MainLoop.o
 .bss._ZL3adc   0x0000000020000414        0xa Core/Src/multiengine/MainLoop.o
 *fill*         0x000000002000041e        0x2 
 .bss._ZL3osc   0x0000000020000420     0x4258 Core/Src/multiengine/MainLoop.o
 .bss._ZL6memory
                0x0000000020004678        0x1 Core/Src/multiengine/MainLoop.o
 *fill*         0x0000000020004679        0x3 
 .bss._ZL8envelope
                0x000000002000467c       0x24 Core/Src/multiengine/MainLoop.o
 .bss._ZL9quantizer
                0x00000000200046a0      0x110 Core/Src/multiengine/MainLoop.o
 .bss._ZZN8MainLoop15adcStateMachineEvE3chn
                0x00000000200047b0        0x1 Core/Src/multiengine/MainLoop.o
 *fill*         0x00000000200047b1        0x1 
 .bss._ZZN8MainLoop6renderEPhmE14previous_pitch
                0x00000000200047b2        0x2 Core/Src/multiengine/MainLoop.o
 .bss._ZZN8MainLoop6renderEPhmE7gain_lp
                0x00000000200047b4        0x2 Core/Src/multiengine/MainLoop.o
 *fill*         0x00000000200047b6        0x2 
 .bss._ZL11callbackDMA
                0x00000000200047b8        0x4 Core/Src/multiengine/hal/MultiEngineHAL.o
 .bss._ZL5hi2c1
                0x00000000200047bc       0x54 Core/Src/multiengine/hal/MultiEngineHAL.o
 *(COMMON)
 COMMON         0x0000000020004810        0x4 Drivers/STM32F1xx_HAL_Driver/Src/stm32f1xx_hal.o
                0x0000000020004810                uwTick
                0x0000000020004814                . = ALIGN (0x4)
                0x0000000020004814                _ebss = .
                0x0000000020004814                __bss_end__ = _ebss

._user_heap_stack
                0x0000000020004814      0x604 load address 0x000000000800ef2c
                0x0000000020004818                . = ALIGN (0x8)
 *fill*         0x0000000020004814        0x4 
                [!provide]                        PROVIDE (end = .)
                0x0000000020004818                PROVIDE (_end = .)
                0x0000000020004a18                . = (. + _Min_Heap_Size)
 *fill*         0x0000000020004818      0x200 
                0x0000000020004e18                . = (. + _Min_Stack_Size)
 *fill*         0x0000000020004a18      0x400 
                0x0000000020004e18                . = ALIGN (0x8)

/DISCARD/
 libc.a(*)
 libm.a(*)
 libgcc.a(*)

.ARM.attributes
                0x0000000000000000       0x29
 *(.ARM.attributes)
 .ARM.attributes
                0x0000000000000000       0x1d /opt/st/stm32cubeide_1.4.0/plugins/com.st.stm32cube.ide.mcu.externaltools.gnu-tools-for-stm32.7-2018-q2-update.linux64_1.4.0.202007081208/tools/bin/../lib/gcc/arm-none-eabi/7.3.1/thumb/v7-m/crti.o
 .ARM.attributes
                0x000000000000001d       0x2d /opt/st/stm32cubeide_1.4.0/plugins/com.st.stm32cube.ide.mcu.externaltools.gnu-tools-for-stm32.7-2018-q2-update.linux64_1.4.0.202007081208/tools/bin/../lib/gcc/arm-none-eabi/7.3.1/thumb/v7-m/crtbegin.o
 .ARM.attributes
                0x000000000000004a       0x33 Core/Src/braids/analog_oscillator.o
 .ARM.attributes
                0x000000000000007d       0x33 Core/Src/braids/digital_oscillator.o
 .ARM.attributes
                0x00000000000000b0       0x33 Core/Src/braids/macro_oscillator.o
 .ARM.attributes
                0x00000000000000e3       0x33 Core/Src/braids/quantizer.o
 .ARM.attributes
                0x0000000000000116       0x33 Core/Src/braids/resources.o
 .ARM.attributes
                0x0000000000000149       0x33 Core/Src/braids/settings.o
 .ARM.attributes
                0x000000000000017c       0x33 Core/Src/braids/drivers/adc.o
 .ARM.attributes
                0x00000000000001af       0x33 Core/Src/main.o
 .ARM.attributes
                0x00000000000001e2       0x33 Core/Src/stm32f1xx_hal_msp.o
 .ARM.attributes
                0x0000000000000215       0x33 Core/Src/stm32f1xx_it.o
 .ARM.attributes
                0x0000000000000248       0x33 Core/Src/system_stm32f1xx.o
 .ARM.attributes
                0x000000000000027b       0x33 Core/Src/multiengine/ChordManager.o
 .ARM.attributes
                0x00000000000002ae       0x33 Core/Src/multiengine/MainLoop.o
 .ARM.attributes
                0x00000000000002e1       0x33 Core/Src/multiengine/Ui.o
 .ARM.attributes
                0x0000000000000314       0x33 Core/Src/multiengine/hal/Display.o
 .ARM.attributes
                0x0000000000000347       0x33 Core/Src/multiengine/hal/Encoder.o
 .ARM.attributes
                0x000000000000037a       0x33 Core/Src/multiengine/hal/Memory.o
 .ARM.attributes
                0x00000000000003ad       0x33 Core/Src/multiengine/hal/MultiEngineHAL.o
 .ARM.attributes
                0x00000000000003e0       0x33 Core/Src/stmlib/random.o
 .ARM.attributes
                0x0000000000000413       0x21 Core/Startup/startup_stm32f103c8tx.o
 .ARM.attributes
                0x0000000000000434       0x33 Drivers/STM32F1xx_HAL_Driver/Src/stm32f1xx_hal.o
 .ARM.attributes
                0x0000000000000467       0x33 Drivers/STM32F1xx_HAL_Driver/Src/stm32f1xx_hal_cortex.o
 .ARM.attributes
                0x000000000000049a       0x33 Drivers/STM32F1xx_HAL_Driver/Src/stm32f1xx_hal_gpio.o
 .ARM.attributes
                0x00000000000004cd       0x33 Drivers/STM32F1xx_HAL_Driver/Src/stm32f1xx_hal_i2c.o
 .ARM.attributes
                0x0000000000000500       0x33 Drivers/STM32F1xx_HAL_Driver/Src/stm32f1xx_hal_rcc.o
 .ARM.attributes
                0x0000000000000533       0x2d /opt/st/stm32cubeide_1.4.0/plugins/com.st.stm32cube.ide.mcu.externaltools.gnu-tools-for-stm32.7-2018-q2-update.linux64_1.4.0.202007081208/tools/bin/../lib/gcc/arm-none-eabi/7.3.1/../../../../arm-none-eabi/lib/thumb/v7-m/libc_nano.a(lib_a-init.o)
 .ARM.attributes
                0x0000000000000560       0x2d /opt/st/stm32cubeide_1.4.0/plugins/com.st.stm32cube.ide.mcu.externaltools.gnu-tools-for-stm32.7-2018-q2-update.linux64_1.4.0.202007081208/tools/bin/../lib/gcc/arm-none-eabi/7.3.1/../../../../arm-none-eabi/lib/thumb/v7-m/libc_nano.a(lib_a-memcpy-stub.o)
 .ARM.attributes
                0x000000000000058d       0x2d /opt/st/stm32cubeide_1.4.0/plugins/com.st.stm32cube.ide.mcu.externaltools.gnu-tools-for-stm32.7-2018-q2-update.linux64_1.4.0.202007081208/tools/bin/../lib/gcc/arm-none-eabi/7.3.1/../../../../arm-none-eabi/lib/thumb/v7-m/libc_nano.a(lib_a-memset.o)
 .ARM.attributes
                0x00000000000005ba       0x1b /opt/st/stm32cubeide_1.4.0/plugins/com.st.stm32cube.ide.mcu.externaltools.gnu-tools-for-stm32.7-2018-q2-update.linux64_1.4.0.202007081208/tools/bin/../lib/gcc/arm-none-eabi/7.3.1/../../../../arm-none-eabi/lib/thumb/v7-m/libc_nano.a(lib_a-strcmp.o)
 .ARM.attributes
                0x00000000000005d5       0x1d /opt/st/stm32cubeide_1.4.0/plugins/com.st.stm32cube.ide.mcu.externaltools.gnu-tools-for-stm32.7-2018-q2-update.linux64_1.4.0.202007081208/tools/bin/../lib/gcc/arm-none-eabi/7.3.1/thumb/v7-m/crtn.o
OUTPUT(ChordMaster.elf elf32-littlearm)

.debug_info     0x0000000000000000    0x26b84
 .debug_info    0x0000000000000000     0x26e9 Core/Src/braids/analog_oscillator.o
 .debug_info    0x00000000000026e9     0x93ca Core/Src/braids/digital_oscillator.o
 .debug_info    0x000000000000bab3     0x58e5 Core/Src/braids/macro_oscillator.o
 .debug_info    0x0000000000011398     0x1a45 Core/Src/braids/quantizer.o
 .debug_info    0x0000000000012ddd      0x7ae Core/Src/braids/resources.o
 .debug_info    0x000000000001358b     0x1a79 Core/Src/braids/settings.o
 .debug_info    0x0000000000015004      0x9cc Core/Src/braids/drivers/adc.o
 .debug_info    0x00000000000159d0      0x735 Core/Src/main.o
 .debug_info    0x0000000000016105      0x8ba Core/Src/stm32f1xx_hal_msp.o
 .debug_info    0x00000000000169bf      0x1fa Core/Src/stm32f1xx_it.o
 .debug_info    0x0000000000016bb9      0x433 Core/Src/system_stm32f1xx.o
 .debug_info    0x0000000000016fec      0x58f Core/Src/multiengine/ChordManager.o
 .debug_info    0x000000000001757b     0x6dc9 Core/Src/multiengine/MainLoop.o
 .debug_info    0x000000000001e344     0x1eda Core/Src/multiengine/Ui.o
 .debug_info    0x000000000002021e      0x3f8 Core/Src/multiengine/hal/Display.o
 .debug_info    0x0000000000020616      0x3b5 Core/Src/multiengine/hal/Encoder.o
 .debug_info    0x00000000000209cb      0x517 Core/Src/multiengine/hal/Memory.o
 .debug_info    0x0000000000020ee2     0x15da Core/Src/multiengine/hal/MultiEngineHAL.o
 .debug_info    0x00000000000224bc      0x186 Core/Src/stmlib/random.o
 .debug_info    0x0000000000022642       0x22 Core/Startup/startup_stm32f103c8tx.o
 .debug_info    0x0000000000022664      0x6fe Drivers/STM32F1xx_HAL_Driver/Src/stm32f1xx_hal.o
 .debug_info    0x0000000000022d62      0xb46 Drivers/STM32F1xx_HAL_Driver/Src/stm32f1xx_hal_cortex.o
 .debug_info    0x00000000000238a8      0x681 Drivers/STM32F1xx_HAL_Driver/Src/stm32f1xx_hal_gpio.o
 .debug_info    0x0000000000023f29     0x2457 Drivers/STM32F1xx_HAL_Driver/Src/stm32f1xx_hal_i2c.o
 .debug_info    0x0000000000026380      0x804 Drivers/STM32F1xx_HAL_Driver/Src/stm32f1xx_hal_rcc.o

.debug_abbrev   0x0000000000000000     0x4e02
 .debug_abbrev  0x0000000000000000      0x57f Core/Src/braids/analog_oscillator.o
 .debug_abbrev  0x000000000000057f      0x8c8 Core/Src/braids/digital_oscillator.o
 .debug_abbrev  0x0000000000000e47      0x838 Core/Src/braids/macro_oscillator.o
 .debug_abbrev  0x000000000000167f      0x5f8 Core/Src/braids/quantizer.o
 .debug_abbrev  0x0000000000001c77       0xc1 Core/Src/braids/resources.o
 .debug_abbrev  0x0000000000001d38      0x572 Core/Src/braids/settings.o
 .debug_abbrev  0x00000000000022aa      0x1f6 Core/Src/braids/drivers/adc.o
 .debug_abbrev  0x00000000000024a0      0x28e Core/Src/main.o
 .debug_abbrev  0x000000000000272e      0x18c Core/Src/stm32f1xx_hal_msp.o
 .debug_abbrev  0x00000000000028ba       0xc6 Core/Src/stm32f1xx_it.o
 .debug_abbrev  0x0000000000002980      0x134 Core/Src/system_stm32f1xx.o
 .debug_abbrev  0x0000000000002ab4      0x1f9 Core/Src/multiengine/ChordManager.o
 .debug_abbrev  0x0000000000002cad      0x906 Core/Src/multiengine/MainLoop.o
 .debug_abbrev  0x00000000000035b3      0x4e8 Core/Src/multiengine/Ui.o
 .debug_abbrev  0x0000000000003a9b      0x1b6 Core/Src/multiengine/hal/Display.o
 .debug_abbrev  0x0000000000003c51      0x130 Core/Src/multiengine/hal/Encoder.o
 .debug_abbrev  0x0000000000003d81      0x11b Core/Src/multiengine/hal/Memory.o
 .debug_abbrev  0x0000000000003e9c      0x34b Core/Src/multiengine/hal/MultiEngineHAL.o
 .debug_abbrev  0x00000000000041e7      0x101 Core/Src/stmlib/random.o
 .debug_abbrev  0x00000000000042e8       0x12 Core/Startup/startup_stm32f103c8tx.o
 .debug_abbrev  0x00000000000042fa      0x1d8 Drivers/STM32F1xx_HAL_Driver/Src/stm32f1xx_hal.o
 .debug_abbrev  0x00000000000044d2      0x2d5 Drivers/STM32F1xx_HAL_Driver/Src/stm32f1xx_hal_cortex.o
 .debug_abbrev  0x00000000000047a7      0x1c0 Drivers/STM32F1xx_HAL_Driver/Src/stm32f1xx_hal_gpio.o
 .debug_abbrev  0x0000000000004967      0x258 Drivers/STM32F1xx_HAL_Driver/Src/stm32f1xx_hal_i2c.o
 .debug_abbrev  0x0000000000004bbf      0x243 Drivers/STM32F1xx_HAL_Driver/Src/stm32f1xx_hal_rcc.o

.debug_loc      0x0000000000000000    0x10a53
 .debug_loc     0x0000000000000000     0x2d5f Core/Src/braids/analog_oscillator.o
 .debug_loc     0x0000000000002d5f     0x94d5 Core/Src/braids/digital_oscillator.o
 .debug_loc     0x000000000000c234     0x21aa Core/Src/braids/macro_oscillator.o
 .debug_loc     0x000000000000e3de      0x382 Core/Src/braids/quantizer.o
 .debug_loc     0x000000000000e760      0x4a5 Core/Src/braids/settings.o
 .debug_loc     0x000000000000ec05      0x78d Core/Src/multiengine/ChordManager.o
 .debug_loc     0x000000000000f392      0x884 Core/Src/multiengine/MainLoop.o
 .debug_loc     0x000000000000fc16      0x670 Core/Src/multiengine/Ui.o
 .debug_loc     0x0000000000010286      0x24c Core/Src/multiengine/hal/Display.o
 .debug_loc     0x00000000000104d2       0x9f Core/Src/multiengine/hal/Encoder.o
 .debug_loc     0x0000000000010571      0x24a Core/Src/multiengine/hal/Memory.o
 .debug_loc     0x00000000000107bb      0x298 Core/Src/multiengine/hal/MultiEngineHAL.o

.debug_aranges  0x0000000000000000      0xc30
 .debug_aranges
                0x0000000000000000       0x80 Core/Src/braids/analog_oscillator.o
 .debug_aranges
                0x0000000000000080      0x170 Core/Src/braids/digital_oscillator.o
 .debug_aranges
                0x00000000000001f0       0x70 Core/Src/braids/macro_oscillator.o
 .debug_aranges
                0x0000000000000260       0x30 Core/Src/braids/quantizer.o
 .debug_aranges
                0x0000000000000290       0x18 Core/Src/braids/resources.o
 .debug_aranges
                0x00000000000002a8       0x50 Core/Src/braids/settings.o
 .debug_aranges
                0x00000000000002f8       0x20 Core/Src/braids/drivers/adc.o
 .debug_aranges
                0x0000000000000318       0x30 Core/Src/main.o
 .debug_aranges
                0x0000000000000348       0x30 Core/Src/stm32f1xx_hal_msp.o
 .debug_aranges
                0x0000000000000378       0x60 Core/Src/stm32f1xx_it.o
 .debug_aranges
                0x00000000000003d8       0x28 Core/Src/system_stm32f1xx.o
 .debug_aranges
                0x0000000000000400       0x50 Core/Src/multiengine/ChordManager.o
 .debug_aranges
                0x0000000000000450       0x58 Core/Src/multiengine/MainLoop.o
 .debug_aranges
                0x00000000000004a8       0x80 Core/Src/multiengine/Ui.o
 .debug_aranges
                0x0000000000000528       0x48 Core/Src/multiengine/hal/Display.o
 .debug_aranges
                0x0000000000000570       0x40 Core/Src/multiengine/hal/Encoder.o
 .debug_aranges
                0x00000000000005b0       0x50 Core/Src/multiengine/hal/Memory.o
 .debug_aranges
                0x0000000000000600       0x98 Core/Src/multiengine/hal/MultiEngineHAL.o
 .debug_aranges
                0x0000000000000698       0x18 Core/Src/stmlib/random.o
 .debug_aranges
                0x00000000000006b0       0x28 Core/Startup/startup_stm32f103c8tx.o
 .debug_aranges
                0x00000000000006d8       0xe0 Drivers/STM32F1xx_HAL_Driver/Src/stm32f1xx_hal.o
 .debug_aranges
                0x00000000000007b8      0x100 Drivers/STM32F1xx_HAL_Driver/Src/stm32f1xx_hal_cortex.o
 .debug_aranges
                0x00000000000008b8       0x58 Drivers/STM32F1xx_HAL_Driver/Src/stm32f1xx_hal_gpio.o
 .debug_aranges
                0x0000000000000910      0x290 Drivers/STM32F1xx_HAL_Driver/Src/stm32f1xx_hal_i2c.o
 .debug_aranges
                0x0000000000000ba0       0x90 Drivers/STM32F1xx_HAL_Driver/Src/stm32f1xx_hal_rcc.o

.debug_ranges   0x0000000000000000     0x39e0
 .debug_ranges  0x0000000000000000      0x248 Core/Src/braids/analog_oscillator.o
 .debug_ranges  0x0000000000000248     0x2538 Core/Src/braids/digital_oscillator.o
 .debug_ranges  0x0000000000002780      0x478 Core/Src/braids/macro_oscillator.o
 .debug_ranges  0x0000000000002bf8       0x38 Core/Src/braids/quantizer.o
 .debug_ranges  0x0000000000002c30       0xb0 Core/Src/braids/settings.o
 .debug_ranges  0x0000000000002ce0       0x10 Core/Src/braids/drivers/adc.o
 .debug_ranges  0x0000000000002cf0       0x58 Core/Src/main.o
 .debug_ranges  0x0000000000002d48       0x20 Core/Src/stm32f1xx_hal_msp.o
 .debug_ranges  0x0000000000002d68       0x50 Core/Src/stm32f1xx_it.o
 .debug_ranges  0x0000000000002db8       0x18 Core/Src/system_stm32f1xx.o
 .debug_ranges  0x0000000000002dd0       0xa0 Core/Src/multiengine/ChordManager.o
 .debug_ranges  0x0000000000002e70      0x330 Core/Src/multiengine/MainLoop.o
 .debug_ranges  0x00000000000031a0      0x198 Core/Src/multiengine/Ui.o
 .debug_ranges  0x0000000000003338       0x38 Core/Src/multiengine/hal/Display.o
 .debug_ranges  0x0000000000003370       0x30 Core/Src/multiengine/hal/Encoder.o
 .debug_ranges  0x00000000000033a0       0x40 Core/Src/multiengine/hal/Memory.o
 .debug_ranges  0x00000000000033e0       0xb8 Core/Src/multiengine/hal/MultiEngineHAL.o
 .debug_ranges  0x0000000000003498       0x20 Core/Startup/startup_stm32f103c8tx.o
 .debug_ranges  0x00000000000034b8       0xd0 Drivers/STM32F1xx_HAL_Driver/Src/stm32f1xx_hal.o
 .debug_ranges  0x0000000000003588       0xf0 Drivers/STM32F1xx_HAL_Driver/Src/stm32f1xx_hal_cortex.o
 .debug_ranges  0x0000000000003678       0x48 Drivers/STM32F1xx_HAL_Driver/Src/stm32f1xx_hal_gpio.o
 .debug_ranges  0x00000000000036c0      0x2a0 Drivers/STM32F1xx_HAL_Driver/Src/stm32f1xx_hal_i2c.o
 .debug_ranges  0x0000000000003960       0x80 Drivers/STM32F1xx_HAL_Driver/Src/stm32f1xx_hal_rcc.o

.debug_macro    0x0000000000000000    0x18840
 .debug_macro   0x0000000000000000      0x273 Core/Src/braids/analog_oscillator.o
 .debug_macro   0x0000000000000273      0xb32 Core/Src/braids/analog_oscillator.o
 .debug_macro   0x0000000000000da5       0x22 Core/Src/braids/analog_oscillator.o
 .debug_macro   0x0000000000000dc7       0x40 Core/Src/braids/analog_oscillator.o
 .debug_macro   0x0000000000000e07       0x18 Core/Src/braids/analog_oscillator.o
 .debug_macro   0x0000000000000e1f       0x94 Core/Src/braids/analog_oscillator.o
 .debug_macro   0x0000000000000eb3       0x3c Core/Src/braids/analog_oscillator.o
 .debug_macro   0x0000000000000eef       0xef Core/Src/braids/analog_oscillator.o
 .debug_macro   0x0000000000000fde       0x3a Core/Src/braids/analog_oscillator.o
 .debug_macro   0x0000000000001018       0x1c Core/Src/braids/analog_oscillator.o
 .debug_macro   0x0000000000001034       0x57 Core/Src/braids/analog_oscillator.o
 .debug_macro   0x000000000000108b       0x6a Core/Src/braids/analog_oscillator.o
 .debug_macro   0x00000000000010f5      0x1df Core/Src/braids/analog_oscillator.o
 .debug_macro   0x00000000000012d4       0x82 Core/Src/braids/analog_oscillator.o
 .debug_macro   0x0000000000001356      0x460 Core/Src/braids/analog_oscillator.o
 .debug_macro   0x00000000000017b6      0x10b Core/Src/braids/analog_oscillator.o
 .debug_macro   0x00000000000018c1       0x46 Core/Src/braids/analog_oscillator.o
 .debug_macro   0x0000000000001907      0x168 Core/Src/braids/analog_oscillator.o
 .debug_macro   0x0000000000001a6f       0x10 Core/Src/braids/analog_oscillator.o
 .debug_macro   0x0000000000001a7f      0x3f4 Core/Src/braids/analog_oscillator.o
 .debug_macro   0x0000000000001e73       0x52 Core/Src/braids/analog_oscillator.o
 .debug_macro   0x0000000000001ec5       0x1f Core/Src/braids/analog_oscillator.o
 .debug_macro   0x0000000000001ee4       0x43 Core/Src/braids/analog_oscillator.o
 .debug_macro   0x0000000000001f27       0x20 Core/Src/braids/analog_oscillator.o
 .debug_macro   0x0000000000001f47      0x1a3 Core/Src/braids/analog_oscillator.o
 .debug_macro   0x00000000000020ea      0x353 Core/Src/braids/analog_oscillator.o
 .debug_macro   0x000000000000243d       0x10 Core/Src/braids/analog_oscillator.o
 .debug_macro   0x000000000000244d       0x35 Core/Src/braids/analog_oscillator.o
 .debug_macro   0x0000000000002482       0x20 Core/Src/braids/analog_oscillator.o
 .debug_macro   0x00000000000024a2       0x8e Core/Src/braids/analog_oscillator.o
 .debug_macro   0x0000000000002530       0x1c Core/Src/braids/analog_oscillator.o
 .debug_macro   0x000000000000254c       0x10 Core/Src/braids/analog_oscillator.o
 .debug_macro   0x000000000000255c       0x10 Core/Src/braids/analog_oscillator.o
 .debug_macro   0x000000000000256c       0x1c Core/Src/braids/analog_oscillator.o
 .debug_macro   0x0000000000002588       0x52 Core/Src/braids/analog_oscillator.o
 .debug_macro   0x00000000000025da       0x40 Core/Src/braids/analog_oscillator.o
 .debug_macro   0x000000000000261a       0x10 Core/Src/braids/analog_oscillator.o
 .debug_macro   0x000000000000262a       0x40 Core/Src/braids/analog_oscillator.o
 .debug_macro   0x000000000000266a       0xd7 Core/Src/braids/analog_oscillator.o
 .debug_macro   0x0000000000002741       0x1c Core/Src/braids/analog_oscillator.o
 .debug_macro   0x000000000000275d       0x3d Core/Src/braids/analog_oscillator.o
 .debug_macro   0x000000000000279a       0x16 Core/Src/braids/analog_oscillator.o
 .debug_macro   0x00000000000027b0      0x137 Core/Src/braids/analog_oscillator.o
 .debug_macro   0x00000000000028e7      0x11d Core/Src/braids/analog_oscillator.o
 .debug_macro   0x0000000000002a04      0x271 Core/Src/braids/analog_oscillator.o
 .debug_macro   0x0000000000002c75       0x64 Core/Src/braids/analog_oscillator.o
 .debug_macro   0x0000000000002cd9      0x49c Core/Src/braids/digital_oscillator.o
 .debug_macro   0x0000000000003175       0x28 Core/Src/braids/digital_oscillator.o
 .debug_macro   0x000000000000319d       0x41 Core/Src/braids/digital_oscillator.o
 .debug_macro   0x00000000000031de       0x12 Core/Src/braids/digital_oscillator.o
 .debug_macro   0x00000000000031f0       0x20 Core/Src/braids/digital_oscillator.o
 .debug_macro   0x0000000000003210       0x1c Core/Src/braids/digital_oscillator.o
 .debug_macro   0x000000000000322c       0x18 Core/Src/braids/digital_oscillator.o
 .debug_macro   0x0000000000003244       0x6e Core/Src/braids/digital_oscillator.o
 .debug_macro   0x00000000000032b2       0x2e Core/Src/braids/digital_oscillator.o
 .debug_macro   0x00000000000032e0       0x19 Core/Src/braids/digital_oscillator.o
 .debug_macro   0x00000000000032f9       0x76 Core/Src/braids/digital_oscillator.o
 .debug_macro   0x000000000000336f       0x19 Core/Src/braids/digital_oscillator.o
 .debug_macro   0x0000000000003388       0x10 Core/Src/braids/digital_oscillator.o
 .debug_macro   0x0000000000003398       0x16 Core/Src/braids/digital_oscillator.o
 .debug_macro   0x00000000000033ae       0x16 Core/Src/braids/digital_oscillator.o
 .debug_macro   0x00000000000033c4       0x29 Core/Src/braids/digital_oscillator.o
 .debug_macro   0x00000000000033ed       0x1c Core/Src/braids/digital_oscillator.o
 .debug_macro   0x0000000000003409       0xde Core/Src/braids/digital_oscillator.o
 .debug_macro   0x00000000000034e7       0x10 Core/Src/braids/digital_oscillator.o
 .debug_macro   0x00000000000034f7      0x120 Core/Src/braids/digital_oscillator.o
 .debug_macro   0x0000000000003617      0x4b8 Core/Src/braids/macro_oscillator.o
 .debug_macro   0x0000000000003acf      0x35c Core/Src/braids/quantizer.o
 .debug_macro   0x0000000000003e2b       0xdb Core/Src/braids/resources.o
 .debug_macro   0x0000000000003f06      0x26b Core/Src/braids/resources.o
 .debug_macro   0x0000000000004171      0x197 Core/Src/braids/settings.o
 .debug_macro   0x0000000000004308      0x13d Core/Src/braids/drivers/adc.o
 .debug_macro   0x0000000000004445       0x8e Core/Src/braids/drivers/adc.o
 .debug_macro   0x00000000000044d3       0x51 Core/Src/braids/drivers/adc.o
 .debug_macro   0x0000000000004524       0x28 Core/Src/braids/drivers/adc.o
 .debug_macro   0x000000000000454c       0x46 Core/Src/braids/drivers/adc.o
 .debug_macro   0x0000000000004592       0x34 Core/Src/braids/drivers/adc.o
 .debug_macro   0x00000000000045c6      0x17b Core/Src/braids/drivers/adc.o
 .debug_macro   0x0000000000004741      0x19e Core/Src/main.o
 .debug_macro   0x00000000000048df      0x215 Core/Src/main.o
 .debug_macro   0x0000000000004af4       0x2e Core/Src/main.o
 .debug_macro   0x0000000000004b22       0x22 Core/Src/main.o
 .debug_macro   0x0000000000004b44       0x1c Core/Src/main.o
 .debug_macro   0x0000000000004b60       0x22 Core/Src/main.o
 .debug_macro   0x0000000000004b82       0xc3 Core/Src/main.o
 .debug_macro   0x0000000000004c45      0xd23 Core/Src/main.o
 .debug_macro   0x0000000000005968     0xe09e Core/Src/main.o
 .debug_macro   0x0000000000013a06       0x43 Core/Src/main.o
 .debug_macro   0x0000000000013a49       0x5a Core/Src/main.o
 .debug_macro   0x0000000000013aa3      0x5be Core/Src/main.o
 .debug_macro   0x0000000000014061      0x289 Core/Src/main.o
 .debug_macro   0x00000000000142ea      0x1cb Core/Src/main.o
 .debug_macro   0x00000000000144b5      0x114 Core/Src/main.o
 .debug_macro   0x00000000000145c9      0x1b2 Core/Src/main.o
 .debug_macro   0x000000000001477b       0x27 Core/Src/main.o
 .debug_macro   0x00000000000147a2      0x136 Core/Src/main.o
 .debug_macro   0x00000000000148d8      0x1bc Core/Src/main.o
 .debug_macro   0x0000000000014a94       0x34 Core/Src/main.o
 .debug_macro   0x0000000000014ac8       0x3c Core/Src/main.o
 .debug_macro   0x0000000000014b04       0x57 Core/Src/main.o
 .debug_macro   0x0000000000014b5b       0x88 Core/Src/main.o
 .debug_macro   0x0000000000014be3      0x241 Core/Src/main.o
 .debug_macro   0x0000000000014e24      0x280 Core/Src/main.o
 .debug_macro   0x00000000000150a4      0x141 Core/Src/main.o
 .debug_macro   0x00000000000151e5       0x83 Core/Src/main.o
 .debug_macro   0x0000000000015268      0x18f Core/Src/stm32f1xx_hal_msp.o
 .debug_macro   0x00000000000153f7      0xa5a Core/Src/stm32f1xx_hal_msp.o
 .debug_macro   0x0000000000015e51      0xd23 Core/Src/stm32f1xx_hal_msp.o
 .debug_macro   0x0000000000016b74      0x174 Core/Src/stm32f1xx_hal_msp.o
 .debug_macro   0x0000000000016ce8      0x199 Core/Src/stm32f1xx_it.o
 .debug_macro   0x0000000000016e81      0x18b Core/Src/system_stm32f1xx.o
 .debug_macro   0x000000000001700c       0xae Core/Src/multiengine/ChordManager.o
 .debug_macro   0x00000000000170ba      0x3da Core/Src/multiengine/MainLoop.o
 .debug_macro   0x0000000000017494       0x2e Core/Src/multiengine/MainLoop.o
 .debug_macro   0x00000000000174c2      0x1da Core/Src/multiengine/MainLoop.o
 .debug_macro   0x000000000001769c       0x10 Core/Src/multiengine/MainLoop.o
 .debug_macro   0x00000000000176ac       0x10 Core/Src/multiengine/MainLoop.o
 .debug_macro   0x00000000000176bc      0x3c7 Core/Src/multiengine/MainLoop.o
 .debug_macro   0x0000000000017a83      0x14d Core/Src/multiengine/Ui.o
 .debug_macro   0x0000000000017bd0       0x7c Core/Src/multiengine/hal/Display.o
 .debug_macro   0x0000000000017c4c       0x8e Core/Src/multiengine/hal/Encoder.o
 .debug_macro   0x0000000000017cda       0x7c Core/Src/multiengine/hal/Memory.o
 .debug_macro   0x0000000000017d56      0x19a Core/Src/multiengine/hal/MultiEngineHAL.o
 .debug_macro   0x0000000000017ef0       0xd6 Core/Src/stmlib/random.o
 .debug_macro   0x0000000000017fc6      0x1a9 Drivers/STM32F1xx_HAL_Driver/Src/stm32f1xx_hal.o
 .debug_macro   0x000000000001816f      0x185 Drivers/STM32F1xx_HAL_Driver/Src/stm32f1xx_hal_cortex.o
 .debug_macro   0x00000000000182f4      0x1f0 Drivers/STM32F1xx_HAL_Driver/Src/stm32f1xx_hal_gpio.o
 .debug_macro   0x00000000000184e4      0x1c5 Drivers/STM32F1xx_HAL_Driver/Src/stm32f1xx_hal_i2c.o
 .debug_macro   0x00000000000186a9      0x197 Drivers/STM32F1xx_HAL_Driver/Src/stm32f1xx_hal_rcc.o

.debug_line     0x0000000000000000     0xef6b
 .debug_line    0x0000000000000000      0xc2e Core/Src/braids/analog_oscillator.o
 .debug_line    0x0000000000000c2e     0x2975 Core/Src/braids/digital_oscillator.o
 .debug_line    0x00000000000035a3     0x11d9 Core/Src/braids/macro_oscillator.o
 .debug_line    0x000000000000477c      0xc3b Core/Src/braids/quantizer.o
 .debug_line    0x00000000000053b7      0x4a4 Core/Src/braids/resources.o
 .debug_line    0x000000000000585b      0x834 Core/Src/braids/settings.o
 .debug_line    0x000000000000608f      0x4e8 Core/Src/braids/drivers/adc.o
 .debug_line    0x0000000000006577      0x650 Core/Src/main.o
 .debug_line    0x0000000000006bc7      0x60f Core/Src/stm32f1xx_hal_msp.o
 .debug_line    0x00000000000071d6      0x684 Core/Src/stm32f1xx_it.o
 .debug_line    0x000000000000785a      0x611 Core/Src/system_stm32f1xx.o
 .debug_line    0x0000000000007e6b      0x538 Core/Src/multiengine/ChordManager.o
 .debug_line    0x00000000000083a3      0xef0 Core/Src/multiengine/MainLoop.o
 .debug_line    0x0000000000009293      0x81d Core/Src/multiengine/Ui.o
 .debug_line    0x0000000000009ab0      0x434 Core/Src/multiengine/hal/Display.o
 .debug_line    0x0000000000009ee4      0x41c Core/Src/multiengine/hal/Encoder.o
 .debug_line    0x000000000000a300      0x41f Core/Src/multiengine/hal/Memory.o
 .debug_line    0x000000000000a71f      0x829 Core/Src/multiengine/hal/MultiEngineHAL.o
 .debug_line    0x000000000000af48      0x4a4 Core/Src/stmlib/random.o
 .debug_line    0x000000000000b3ec       0x84 Core/Startup/startup_stm32f103c8tx.o
 .debug_line    0x000000000000b470      0x7b9 Drivers/STM32F1xx_HAL_Driver/Src/stm32f1xx_hal.o
 .debug_line    0x000000000000bc29      0x892 Drivers/STM32F1xx_HAL_Driver/Src/stm32f1xx_hal_cortex.o
 .debug_line    0x000000000000c4bb      0x7b9 Drivers/STM32F1xx_HAL_Driver/Src/stm32f1xx_hal_gpio.o
 .debug_line    0x000000000000cc74     0x1a7c Drivers/STM32F1xx_HAL_Driver/Src/stm32f1xx_hal_i2c.o
 .debug_line    0x000000000000e6f0      0x87b Drivers/STM32F1xx_HAL_Driver/Src/stm32f1xx_hal_rcc.o

.debug_str      0x0000000000000000    0x7943a
 .debug_str     0x0000000000000000     0xd50a Core/Src/braids/analog_oscillator.o
                                       0xd8e6 (size before relaxing)
 .debug_str     0x000000000000d50a     0x5199 Core/Src/braids/digital_oscillator.o
                                      0x12773 (size before relaxing)
 .debug_str     0x00000000000126a3     0x16e6 Core/Src/braids/macro_oscillator.o
                                      0x1366d (size before relaxing)
 .debug_str     0x0000000000013d89      0x5e0 Core/Src/braids/quantizer.o
                                       0xd4e3 (size before relaxing)
 .debug_str     0x0000000000014369       0x2a Core/Src/braids/resources.o
                                       0x6de7 (size before relaxing)
 .debug_str     0x0000000000014393      0x311 Core/Src/braids/settings.o
                                       0xb223 (size before relaxing)
 .debug_str     0x00000000000146a4      0x159 Core/Src/braids/drivers/adc.o
                                       0x7522 (size before relaxing)
 .debug_str     0x00000000000147fd    0x607cf Core/Src/main.o
                                      0x64d10 (size before relaxing)
 .debug_str     0x0000000000074fcc      0x5c8 Core/Src/stm32f1xx_hal_msp.o
                                      0x649f4 (size before relaxing)
 .debug_str     0x0000000000075594       0xbd Core/Src/stm32f1xx_it.o
                                      0x64529 (size before relaxing)
 .debug_str     0x0000000000075651       0xc2 Core/Src/system_stm32f1xx.o
                                      0x64573 (size before relaxing)
 .debug_str     0x0000000000075713      0x360 Core/Src/multiengine/ChordManager.o
                                       0x440b (size before relaxing)
 .debug_str     0x0000000000075a73     0x1adf Core/Src/multiengine/MainLoop.o
                                      0x11e2c (size before relaxing)
 .debug_str     0x0000000000077552      0x112 Core/Src/multiengine/Ui.o
                                       0x74e8 (size before relaxing)
 .debug_str     0x0000000000077664       0xab Core/Src/multiengine/hal/Display.o
                                       0x4255 (size before relaxing)
 .debug_str     0x000000000007770f       0xb9 Core/Src/multiengine/hal/Encoder.o
                                       0x4317 (size before relaxing)
 .debug_str     0x00000000000777c8       0x4a Core/Src/multiengine/hal/Memory.o
                                       0x42c1 (size before relaxing)
 .debug_str     0x0000000000077812      0x59d Core/Src/multiengine/hal/MultiEngineHAL.o
                                      0x656a2 (size before relaxing)
 .debug_str     0x0000000000077daf       0x3c Core/Src/stmlib/random.o
                                       0x5b59 (size before relaxing)
 .debug_str     0x0000000000077deb       0x36 Core/Startup/startup_stm32f103c8tx.o
                                         0x73 (size before relaxing)
 .debug_str     0x0000000000077e21      0x3a0 Drivers/STM32F1xx_HAL_Driver/Src/stm32f1xx_hal.o
                                      0x64b84 (size before relaxing)
 .debug_str     0x00000000000781c1      0x25c Drivers/STM32F1xx_HAL_Driver/Src/stm32f1xx_hal_cortex.o
                                      0x64b92 (size before relaxing)
 .debug_str     0x000000000007841d      0x2cd Drivers/STM32F1xx_HAL_Driver/Src/stm32f1xx_hal_gpio.o
                                      0x648bd (size before relaxing)
 .debug_str     0x00000000000786ea      0xb1e Drivers/STM32F1xx_HAL_Driver/Src/stm32f1xx_hal_i2c.o
                                      0x654e9 (size before relaxing)
 .debug_str     0x0000000000079208      0x232 Drivers/STM32F1xx_HAL_Driver/Src/stm32f1xx_hal_rcc.o
                                      0x648f6 (size before relaxing)

.comment        0x0000000000000000       0x7b
 .comment       0x0000000000000000       0x7b Core/Src/braids/analog_oscillator.o
                                         0x7c (size before relaxing)
 .comment       0x000000000000007b       0x7c Core/Src/braids/digital_oscillator.o
 .comment       0x000000000000007b       0x7c Core/Src/braids/macro_oscillator.o
 .comment       0x000000000000007b       0x7c Core/Src/braids/quantizer.o
 .comment       0x000000000000007b       0x7c Core/Src/braids/resources.o
 .comment       0x000000000000007b       0x7c Core/Src/braids/settings.o
 .comment       0x000000000000007b       0x7c Core/Src/braids/drivers/adc.o
 .comment       0x000000000000007b       0x7c Core/Src/main.o
 .comment       0x000000000000007b       0x7c Core/Src/stm32f1xx_hal_msp.o
 .comment       0x000000000000007b       0x7c Core/Src/stm32f1xx_it.o
 .comment       0x000000000000007b       0x7c Core/Src/system_stm32f1xx.o
 .comment       0x000000000000007b       0x7c Core/Src/multiengine/ChordManager.o
 .comment       0x000000000000007b       0x7c Core/Src/multiengine/MainLoop.o
 .comment       0x000000000000007b       0x7c Core/Src/multiengine/Ui.o
 .comment       0x000000000000007b       0x7c Core/Src/multiengine/hal/Display.o
 .comment       0x000000000000007b       0x7c Core/Src/multiengine/hal/Encoder.o
 .comment       0x000000000000007b       0x7c Core/Src/multiengine/hal/Memory.o
 .comment       0x000000000000007b       0x7c Core/Src/multiengine/hal/MultiEngineHAL.o
 .comment       0x000000000000007b       0x7c Core/Src/stmlib/random.o
 .comment       0x000000000000007b       0x7c Drivers/STM32F1xx_HAL_Driver/Src/stm32f1xx_hal.o
 .comment       0x000000000000007b       0x7c Drivers/STM32F1xx_HAL_Driver/Src/stm32f1xx_hal_cortex.o
 .comment       0x000000000000007b       0x7c Drivers/STM32F1xx_HAL_Driver/Src/stm32f1xx_hal_gpio.o
 .comment       0x000000000000007b       0x7c Drivers/STM32F1xx_HAL_Driver/Src/stm32f1xx_hal_i2c.o
 .comment       0x000000000000007b       0x7c Drivers/STM32F1xx_HAL_Driver/Src/stm32f1xx_hal_rcc.o

.debug_frame    0x0000000000000000     0x2b80
 .debug_frame   0x0000000000000000      0x208 Core/Src/braids/analog_oscillator.o
 .debug_frame   0x0000000000000208      0x6b0 Core/Src/braids/digital_oscillator.o
 .debug_frame   0x00000000000008b8      0x1c0 Core/Src/braids/macro_oscillator.o
 .debug_frame   0x0000000000000a78       0x68 Core/Src/braids/quantizer.o
 .debug_frame   0x0000000000000ae0       0xb8 Core/Src/braids/settings.o
 .debug_frame   0x0000000000000b98       0x20 Core/Src/braids/drivers/adc.o
 .debug_frame   0x0000000000000bb8       0x58 Core/Src/main.o
 .debug_frame   0x0000000000000c10       0x80 Core/Src/stm32f1xx_hal_msp.o
 .debug_frame   0x0000000000000c90      0x10c Core/Src/stm32f1xx_it.o
 .debug_frame   0x0000000000000d9c       0x58 Core/Src/system_stm32f1xx.o
 .debug_frame   0x0000000000000df4       0x9c Core/Src/multiengine/ChordManager.o
 .debug_frame   0x0000000000000e90       0xe8 Core/Src/multiengine/MainLoop.o
 .debug_frame   0x0000000000000f78      0x180 Core/Src/multiengine/Ui.o
 .debug_frame   0x00000000000010f8       0x90 Core/Src/multiengine/hal/Display.o
 .debug_frame   0x0000000000001188       0x6c Core/Src/multiengine/hal/Encoder.o
 .debug_frame   0x00000000000011f4       0xb8 Core/Src/multiengine/hal/Memory.o
 .debug_frame   0x00000000000012ac      0x174 Core/Src/multiengine/hal/MultiEngineHAL.o
 .debug_frame   0x0000000000001420      0x334 Drivers/STM32F1xx_HAL_Driver/Src/stm32f1xx_hal.o
 .debug_frame   0x0000000000001754      0x428 Drivers/STM32F1xx_HAL_Driver/Src/stm32f1xx_hal_cortex.o
 .debug_frame   0x0000000000001b7c      0x14c Drivers/STM32F1xx_HAL_Driver/Src/stm32f1xx_hal_gpio.o
 .debug_frame   0x0000000000001cc8      0xc08 Drivers/STM32F1xx_HAL_Driver/Src/stm32f1xx_hal_i2c.o
 .debug_frame   0x00000000000028d0      0x21c Drivers/STM32F1xx_HAL_Driver/Src/stm32f1xx_hal_rcc.o
 .debug_frame   0x0000000000002aec       0x2c /opt/st/stm32cubeide_1.4.0/plugins/com.st.stm32cube.ide.mcu.externaltools.gnu-tools-for-stm32.7-2018-q2-update.linux64_1.4.0.202007081208/tools/bin/../lib/gcc/arm-none-eabi/7.3.1/../../../../arm-none-eabi/lib/thumb/v7-m/libc_nano.a(lib_a-init.o)
 .debug_frame   0x0000000000002b18       0x28 /opt/st/stm32cubeide_1.4.0/plugins/com.st.stm32cube.ide.mcu.externaltools.gnu-tools-for-stm32.7-2018-q2-update.linux64_1.4.0.202007081208/tools/bin/../lib/gcc/arm-none-eabi/7.3.1/../../../../arm-none-eabi/lib/thumb/v7-m/libc_nano.a(lib_a-memcpy-stub.o)
 .debug_frame   0x0000000000002b40       0x20 /opt/st/stm32cubeide_1.4.0/plugins/com.st.stm32cube.ide.mcu.externaltools.gnu-tools-for-stm32.7-2018-q2-update.linux64_1.4.0.202007081208/tools/bin/../lib/gcc/arm-none-eabi/7.3.1/../../../../arm-none-eabi/lib/thumb/v7-m/libc_nano.a(lib_a-memset.o)
 .debug_frame   0x0000000000002b60       0x20 /opt/st/stm32cubeide_1.4.0/plugins/com.st.stm32cube.ide.mcu.externaltools.gnu-tools-for-stm32.7-2018-q2-update.linux64_1.4.0.202007081208/tools/bin/../lib/gcc/arm-none-eabi/7.3.1/../../../../arm-none-eabi/lib/thumb/v7-m/libc_nano.a(lib_a-strcmp.o)
