Archive member included to satisfy reference by file (symbol)

/opt/st/stm32cubeide_1.4.0/plugins/com.st.stm32cube.ide.mcu.externaltools.gnu-tools-for-stm32.7-2018-q2-update.linux64_1.4.0.202007081208/tools/bin/../lib/gcc/arm-none-eabi/7.3.1/../../../../arm-none-eabi/lib/thumb/v7-m/libc_nano.a(lib_a-errno.o)
                              Core/Src/syscalls.o (__errno)
/opt/st/stm32cubeide_1.4.0/plugins/com.st.stm32cube.ide.mcu.externaltools.gnu-tools-for-stm32.7-2018-q2-update.linux64_1.4.0.202007081208/tools/bin/../lib/gcc/arm-none-eabi/7.3.1/../../../../arm-none-eabi/lib/thumb/v7-m/libc_nano.a(lib_a-exit.o)
                              /opt/st/stm32cubeide_1.4.0/plugins/com.st.stm32cube.ide.mcu.externaltools.gnu-tools-for-stm32.7-2018-q2-update.linux64_1.4.0.202007081208/tools/bin/../lib/gcc/arm-none-eabi/7.3.1/../../../../arm-none-eabi/lib/thumb/v7-m/crt0.o (exit)
/opt/st/stm32cubeide_1.4.0/plugins/com.st.stm32cube.ide.mcu.externaltools.gnu-tools-for-stm32.7-2018-q2-update.linux64_1.4.0.202007081208/tools/bin/../lib/gcc/arm-none-eabi/7.3.1/../../../../arm-none-eabi/lib/thumb/v7-m/libc_nano.a(lib_a-impure.o)
                              /opt/st/stm32cubeide_1.4.0/plugins/com.st.stm32cube.ide.mcu.externaltools.gnu-tools-for-stm32.7-2018-q2-update.linux64_1.4.0.202007081208/tools/bin/../lib/gcc/arm-none-eabi/7.3.1/../../../../arm-none-eabi/lib/thumb/v7-m/libc_nano.a(lib_a-exit.o) (_global_impure_ptr)
/opt/st/stm32cubeide_1.4.0/plugins/com.st.stm32cube.ide.mcu.externaltools.gnu-tools-for-stm32.7-2018-q2-update.linux64_1.4.0.202007081208/tools/bin/../lib/gcc/arm-none-eabi/7.3.1/../../../../arm-none-eabi/lib/thumb/v7-m/libc_nano.a(lib_a-init.o)
                              /opt/st/stm32cubeide_1.4.0/plugins/com.st.stm32cube.ide.mcu.externaltools.gnu-tools-for-stm32.7-2018-q2-update.linux64_1.4.0.202007081208/tools/bin/../lib/gcc/arm-none-eabi/7.3.1/../../../../arm-none-eabi/lib/thumb/v7-m/crt0.o (__libc_init_array)
/opt/st/stm32cubeide_1.4.0/plugins/com.st.stm32cube.ide.mcu.externaltools.gnu-tools-for-stm32.7-2018-q2-update.linux64_1.4.0.202007081208/tools/bin/../lib/gcc/arm-none-eabi/7.3.1/../../../../arm-none-eabi/lib/thumb/v7-m/libc_nano.a(lib_a-memcpy-stub.o)
                              Core/Src/braids/settings.o (memcpy)
/opt/st/stm32cubeide_1.4.0/plugins/com.st.stm32cube.ide.mcu.externaltools.gnu-tools-for-stm32.7-2018-q2-update.linux64_1.4.0.202007081208/tools/bin/../lib/gcc/arm-none-eabi/7.3.1/../../../../arm-none-eabi/lib/thumb/v7-m/libc_nano.a(lib_a-memset.o)
                              /opt/st/stm32cubeide_1.4.0/plugins/com.st.stm32cube.ide.mcu.externaltools.gnu-tools-for-stm32.7-2018-q2-update.linux64_1.4.0.202007081208/tools/bin/../lib/gcc/arm-none-eabi/7.3.1/../../../../arm-none-eabi/lib/thumb/v7-m/crt0.o (memset)
/opt/st/stm32cubeide_1.4.0/plugins/com.st.stm32cube.ide.mcu.externaltools.gnu-tools-for-stm32.7-2018-q2-update.linux64_1.4.0.202007081208/tools/bin/../lib/gcc/arm-none-eabi/7.3.1/../../../../arm-none-eabi/lib/thumb/v7-m/libc_nano.a(lib_a-strcmp.o)
                              Core/Src/braids/settings.o (strcmp)

Allocating common symbols
Common symbol       size              file

uwTick              0x4               Drivers/STM32F1xx_HAL_Driver/Src/stm32f1xx_hal.o
pFlash              0x20              Drivers/STM32F1xx_HAL_Driver/Src/stm32f1xx_hal_flash.o

Discarded input sections

 .text          0x0000000000000000        0x0 /opt/st/stm32cubeide_1.4.0/plugins/com.st.stm32cube.ide.mcu.externaltools.gnu-tools-for-stm32.7-2018-q2-update.linux64_1.4.0.202007081208/tools/bin/../lib/gcc/arm-none-eabi/7.3.1/thumb/v7-m/crti.o
 .data          0x0000000000000000        0x0 /opt/st/stm32cubeide_1.4.0/plugins/com.st.stm32cube.ide.mcu.externaltools.gnu-tools-for-stm32.7-2018-q2-update.linux64_1.4.0.202007081208/tools/bin/../lib/gcc/arm-none-eabi/7.3.1/thumb/v7-m/crti.o
 .bss           0x0000000000000000        0x0 /opt/st/stm32cubeide_1.4.0/plugins/com.st.stm32cube.ide.mcu.externaltools.gnu-tools-for-stm32.7-2018-q2-update.linux64_1.4.0.202007081208/tools/bin/../lib/gcc/arm-none-eabi/7.3.1/thumb/v7-m/crti.o
 .data          0x0000000000000000        0x4 /opt/st/stm32cubeide_1.4.0/plugins/com.st.stm32cube.ide.mcu.externaltools.gnu-tools-for-stm32.7-2018-q2-update.linux64_1.4.0.202007081208/tools/bin/../lib/gcc/arm-none-eabi/7.3.1/thumb/v7-m/crtbegin.o
 .text          0x0000000000000000       0x74 /opt/st/stm32cubeide_1.4.0/plugins/com.st.stm32cube.ide.mcu.externaltools.gnu-tools-for-stm32.7-2018-q2-update.linux64_1.4.0.202007081208/tools/bin/../lib/gcc/arm-none-eabi/7.3.1/../../../../arm-none-eabi/lib/thumb/v7-m/crt0.o
 .data          0x0000000000000000        0x0 /opt/st/stm32cubeide_1.4.0/plugins/com.st.stm32cube.ide.mcu.externaltools.gnu-tools-for-stm32.7-2018-q2-update.linux64_1.4.0.202007081208/tools/bin/../lib/gcc/arm-none-eabi/7.3.1/../../../../arm-none-eabi/lib/thumb/v7-m/crt0.o
[...]
Memory Configuration

Name             Origin             Length             Attributes
RAM              0x0000000020000000 0x0000000000005000 xrw
FLASH            0x0000000008000000 0x0000000000010000 xr
*default*        0x0000000000000000 0xffffffffffffffff

Linker script and memory map

LOAD /opt/st/stm32cubeide_1.4.0/plugins/com.st.stm32cube.ide.mcu.externaltools.gnu-tools-for-stm32.7-2018-q2-update.linux64_1.4.0.202007081208/tools/bin/../lib/gcc/arm-none-eabi/7.3.1/thumb/v7-m/crti.o
LOAD /opt/st/stm32cubeide_1.4.0/plugins/com.st.stm32cube.ide.mcu.externaltools.gnu-tools-for-stm32.7-2018-q2-update.linux64_1.4.0.202007081208/tools/bin/../lib/gcc/arm-none-eabi/7.3.1/thumb/v7-m/crtbegin.o
LOAD /opt/st/stm32cubeide_1.4.0/plugins/com.st.stm32cube.ide.mcu.externaltools.gnu-tools-for-stm32.7-2018-q2-update.linux64_1.4.0.202007081208/tools/bin/../lib/gcc/arm-none-eabi/7.3.1/../../../../arm-none-eabi/lib/thumb/v7-m/crt0.o
LOAD Core/Src/braids/analog_oscillator.o
LOAD Core/Src/braids/digital_oscillator.o
LOAD Core/Src/braids/macro_oscillator.o
LOAD Core/Src/braids/quantizer.o
LOAD Core/Src/braids/resources.o
LOAD Core/Src/braids/settings.o
LOAD Core/Src/braids/drivers/adc.o
LOAD Core/Src/main.o
LOAD Core/Src/stm32f1xx_hal_msp.o
LOAD Core/Src/stm32f1xx_it.o
LOAD Core/Src/syscalls.o
LOAD Core/Src/sysmem.o
LOAD Core/Src/system_stm32f1xx.o
LOAD Core/Src/multiengine/MainLoop.o
LOAD Core/Src/multiengine/Ui.o
LOAD Core/Src/multiengine/hal/Display.o
LOAD Core/Src/multiengine/hal/Encoder.o
LOAD Core/Src/multiengine/hal/Memory.o
LOAD Core/Src/multiengine/hal/MultiEngineHAL.o
LOAD Core/Src/stmlib/random.o
LOAD Core/Startup/startup_stm32f103c8tx.o
LOAD Drivers/STM32F1xx_HAL_Driver/Src/stm32f1xx_hal.o
LOAD Drivers/STM32F1xx_HAL_Driver/Src/stm32f1xx_hal_cortex.o
LOAD Drivers/STM32F1xx_HAL_Driver/Src/stm32f1xx_hal_dma.o
LOAD Drivers/STM32F1xx_HAL_Driver/Src/stm32f1xx_hal_exti.o
LOAD Drivers/STM32F1xx_HAL_Driver/Src/stm32f1xx_hal_flash.o
LOAD Drivers/STM32F1xx_HAL_Driver/Src/stm32f1xx_hal_flash_ex.o
LOAD Drivers/STM32F1xx_HAL_Driver/Src/stm32f1xx_hal_gpio.o
LOAD Drivers/STM32F1xx_HAL_Driver/Src/stm32f1xx_hal_gpio_ex.o
LOAD Drivers/STM32F1xx_HAL_Driver/Src/stm32f1xx_hal_i2c.o
LOAD Drivers/STM32F1xx_HAL_Driver/Src/stm32f1xx_hal_pwr.o
LOAD Drivers/STM32F1xx_HAL_Driver/Src/stm32f1xx_hal_rcc.o
LOAD Drivers/STM32F1xx_HAL_Driver/Src/stm32f1xx_hal_rcc_ex.o
LOAD Drivers/STM32F1xx_HAL_Driver/Src/stm32f1xx_hal_tim.o
LOAD Drivers/STM32F1xx_HAL_Driver/Src/stm32f1xx_hal_tim_ex.o
START GROUP
LOAD /opt/st/stm32cubeide_1.4.0/plugins/com.st.stm32cube.ide.mcu.externaltools.gnu-tools-for-stm32.7-2018-q2-update.linux64_1.4.0.202007081208/tools/bin/../lib/gcc/arm-none-eabi/7.3.1/../../../../arm-none-eabi/lib/thumb/v7-m/libstdc++_nano.a
LOAD /opt/st/stm32cubeide_1.4.0/plugins/com.st.stm32cube.ide.mcu.externaltools.gnu-tools-for-stm32.7-2018-q2-update.linux64_1.4.0.202007081208/tools/bin/../lib/gcc/arm-none-eabi/7.3.1/../../../../arm-none-eabi/lib/thumb/v7-m/libsupc++_nano.a
END GROUP
LOAD /opt/st/stm32cubeide_1.4.0/plugins/com.st.stm32cube.ide.mcu.externaltools.gnu-tools-for-stm32.7-2018-q2-update.linux64_1.4.0.202007081208/tools/bin/../lib/gcc/arm-none-eabi/7.3.1/../../../../arm-none-eabi/lib/thumb/v7-m/libstdc++_nano.a
LOAD /opt/st/stm32cubeide_1.4.0/plugins/com.st.stm32cube.ide.mcu.externaltools.gnu-tools-for-stm32.7-2018-q2-update.linux64_1.4.0.202007081208/tools/bin/../lib/gcc/arm-none-eabi/7.3.1/../../../../arm-none-eabi/lib/thumb/v7-m/libm.a
LOAD /opt/st/stm32cubeide_1.4.0/plugins/com.st.stm32cube.ide.mcu.externaltools.gnu-tools-for-stm32.7-2018-q2-update.linux64_1.4.0.202007081208/tools/bin/../lib/gcc/arm-none-eabi/7.3.1/../../../../arm-none-eabi/lib/thumb/v7-m/libc_nano.a
START GROUP
LOAD /opt/st/stm32cubeide_1.4.0/plugins/com.st.stm32cube.ide.mcu.externaltools.gnu-tools-for-stm32.7-2018-q2-update.linux64_1.4.0.202007081208/tools/bin/../lib/gcc/arm-none-eabi/7.3.1/thumb/v7-m/libgcc.a
LOAD /opt/st/stm32cubeide_1.4.0/plugins/com.st.stm32cube.ide.mcu.externaltools.gnu-tools-for-stm32.7-2018-q2-update.linux64_1.4.0.202007081208/tools/bin/../lib/gcc/arm-none-eabi/7.3.1/../../../../arm-none-eabi/lib/thumb/v7-m/libc_nano.a
END GROUP
START GROUP
LOAD /opt/st/stm32cubeide_1.4.0/plugins/com.st.stm32cube.ide.mcu.externaltools.gnu-tools-for-stm32.7-2018-q2-update.linux64_1.4.0.202007081208/tools/bin/../lib/gcc/arm-none-eabi/7.3.1/thumb/v7-m/libgcc.a
LOAD /opt/st/stm32cubeide_1.4.0/plugins/com.st.stm32cube.ide.mcu.externaltools.gnu-tools-for-stm32.7-2018-q2-update.linux64_1.4.0.202007081208/tools/bin/../lib/gcc/arm-none-eabi/7.3.1/../../../../arm-none-eabi/lib/thumb/v7-m/libc_nano.a
LOAD /opt/st/stm32cubeide_1.4.0/plugins/com.st.stm32cube.ide.mcu.externaltools.gnu-tools-for-stm32.7-2018-q2-update.linux64_1.4.0.202007081208/tools/bin/../lib/gcc/arm-none-eabi/7.3.1/../../../../arm-none-eabi/lib/thumb/v7-m/libnosys.a
END GROUP
START GROUP
LOAD /opt/st/stm32cubeide_1.4.0/plugins/com.st.stm32cube.ide.mcu.externaltools.gnu-tools-for-stm32.7-2018-q2-update.linux64_1.4.0.202007081208/tools/bin/../lib/gcc/arm-none-eabi/7.3.1/thumb/v7-m/libgcc.a
LOAD /opt/st/stm32cubeide_1.4.0/plugins/com.st.stm32cube.ide.mcu.externaltools.gnu-tools-for-stm32.7-2018-q2-update.linux64_1.4.0.202007081208/tools/bin/../lib/gcc/arm-none-eabi/7.3.1/../../../../arm-none-eabi/lib/thumb/v7-m/libc_nano.a
LOAD /opt/st/stm32cubeide_1.4.0/plugins/com.st.stm32cube.ide.mcu.externaltools.gnu-tools-for-stm32.7-2018-q2-update.linux64_1.4.0.202007081208/tools/bin/../lib/gcc/arm-none-eabi/7.3.1/../../../../arm-none-eabi/lib/thumb/v7-m/libnosys.a
END GROUP
LOAD /opt/st/stm32cubeide_1.4.0/plugins/com.st.stm32cube.ide.mcu.externaltools.gnu-tools-for-stm32.7-2018-q2-update.linux64_1.4.0.202007081208/tools/bin/../lib/gcc/arm-none-eabi/7.3.1/thumb/v7-m/crtend.o
LOAD /opt/st/stm32cubeide_1.4.0/plugins/com.st.stm32cube.ide.mcu.externaltools.gnu-tools-for-stm32.7-2018-q2-update.linux64_1.4.0.202007081208/tools/bin/../lib/gcc/arm-none-eabi/7.3.1/thumb/v7-m/crtn.o
                0x0000000020005000                _estack = (ORIGIN (RAM) + LENGTH (RAM))
                0x0000000000000200                _Min_Heap_Size = 0x200
                0x0000000000000400                _Min_Stack_Size = 0x400

.isr_vector     0x0000000008000000      0x10c
                0x0000000008000000                . = ALIGN (0x4)
 *(.isr_vector)
 .isr_vector    0x0000000008000000      0x10c Core/Startup/startup_stm32f103c8tx.o
                0x0000000008000000                g_pfnVectors
                0x000000000800010c                . = ALIGN (0x4)

.text           0x000000000800010c     0x448c
                0x000000000800010c                . = ALIGN (0x4)
 *(.text)
 .text          0x000000000800010c       0x40 /opt/st/stm32cubeide_1.4.0/plugins/com.st.stm32cube.ide.mcu.externaltools.gnu-tools-for-stm32.7-2018-q2-update.linux64_1.4.0.202007081208/tools/bin/../lib/gcc/arm-none-eabi/7.3.1/thumb/v7-m/crtbegin.o
 .text          0x000000000800014c       0x14 /opt/st/stm32cubeide_1.4.0/plugins/com.st.stm32cube.ide.mcu.externaltools.gnu-tools-for-stm32.7-2018-q2-update.linux64_1.4.0.202007081208/tools/bin/../lib/gcc/arm-none-eabi/7.3.1/../../../../arm-none-eabi/lib/thumb/v7-m/libc_nano.a(lib_a-strcmp.o)
                0x000000000800014c                strcmp
 *(.text*)
 .text._ZN6braids16AnalogOscillator21ComputePhaseIncrementEs
                0x0000000008000160       0x40 Core/Src/braids/analog_oscillator.o
                0x0000000008000160                braids::AnalogOscillator::ComputePhaseIncrement(short)
 .text._ZN6braids16AnalogOscillator6RenderEPKhPsPhj
                0x00000000080001a0       0x90 Core/Src/braids/analog_oscillator.o
                0x00000000080001a0                braids::AnalogOscillator::Render(unsigned char const*, short*, unsigned char*, unsigned int)
 .text._ZN6braids3Svf4InitEv
                0x0000000008000230       0x1c Core/Src/braids/digital_oscillator.o
                0x0000000008000230                braids::Svf::Init()
 .text._ZN6stmlib6Random7GetWordEv
                0x000000000800024c       0x1c Core/Src/braids/digital_oscillator.o
                0x000000000800024c                stmlib::Random::GetWord()
 .text._ZN6stmlib6Random9GetSampleEv
                0x0000000008000268        0xa Core/Src/braids/digital_oscillator.o
                0x0000000008000268                stmlib::Random::GetSample()
 *fill*         0x0000000008000272        0x2 
 .text._ZN6braids17DigitalOscillator18RenderQuestionMarkEPKhPsj
                0x0000000008000274      0x178 Core/Src/braids/digital_oscillator.o
                0x0000000008000274                braids::DigitalOscillator::RenderQuestionMark(unsigned char const*, short*, unsigned int)
 .text._ZN6braids17DigitalOscillator21ComputePhaseIncrementEs
                0x00000000080003ec       0x40 Core/Src/braids/digital_oscillator.o
                0x00000000080003ec                braids::DigitalOscillator::ComputePhaseIncrement(short)
 .text._ZN6braids17DigitalOscillator20RenderWaveParaphonicEPKhPsj
                0x000000000800042c      0x3e0 Core/Src/braids/digital_oscillator.o
                0x000000000800042c                braids::DigitalOscillator::RenderWaveParaphonic(unsigned char const*, short*, unsigned int)
 .text._ZN6braids17DigitalOscillator12ComputeDelayEs
                0x000000000800080c       0x44 Core/Src/braids/digital_oscillator.o
                0x000000000800080c                braids::DigitalOscillator::ComputeDelay(short)
 .text._ZN6braids17DigitalOscillator6RenderEPKhPsj
                0x0000000008000850      0x110 Core/Src/braids/digital_oscillator.o
                0x0000000008000850                braids::DigitalOscillator::Render(unsigned char const*, short*, unsigned int)
 .text._ZN6braids15MacroOscillator10RenderBuzzEPKhPsj
                0x0000000008000960       0x76 Core/Src/braids/macro_oscillator.o
                0x0000000008000960                braids::MacroOscillator::RenderBuzz(unsigned char const*, short*, unsigned int)
 .text._ZN6braids15MacroOscillator10RenderCSawEPKhPsj
                0x00000000080009d6       0x50 Core/Src/braids/macro_oscillator.o
                0x00000000080009d6                braids::MacroOscillator::RenderCSaw(unsigned char const*, short*, unsigned int)
 .text._ZN6braids15MacroOscillator15RenderSawSquareEPKhPsj
                0x0000000008000a26       0xaa Core/Src/braids/macro_oscillator.o
                0x0000000008000a26                braids::MacroOscillator::RenderSawSquare(unsigned char const*, short*, unsigned int)
 .text._ZN6braids15MacroOscillator9RenderSubEPKhPsj
                0x0000000008000ad0       0xda Core/Src/braids/macro_oscillator.o
                0x0000000008000ad0                braids::MacroOscillator::RenderSub(unsigned char const*, short*, unsigned int)
 .text._ZN6braids15MacroOscillator14RenderDualSyncEPKhPsj
                0x0000000008000baa       0xba Core/Src/braids/macro_oscillator.o
                0x0000000008000baa                braids::MacroOscillator::RenderDualSync(unsigned char const*, short*, unsigned int)
 .text._ZN6braids15MacroOscillator18RenderSineTriangleEPKhPsj
                0x0000000008000c64       0xd8 Core/Src/braids/macro_oscillator.o
                0x0000000008000c64                braids::MacroOscillator::RenderSineTriangle(unsigned char const*, short*, unsigned int)
 .text._ZN6braids15MacroOscillator11RenderMorphEPKhPsj
                0x0000000008000d3c      0x1a8 Core/Src/braids/macro_oscillator.o
                0x0000000008000d3c                braids::MacroOscillator::RenderMorph(unsigned char const*, short*, unsigned int)
 .text._ZN6braids15MacroOscillator12RenderTripleEPKhPsj
                0x0000000008000ee4      0x110 Core/Src/braids/macro_oscillator.o
                0x0000000008000ee4                braids::MacroOscillator::RenderTriple(unsigned char const*, short*, unsigned int)
 .text._ZN6braids15MacroOscillator13RenderSawCombEPKhPsj
                0x0000000008000ff4       0x6e Core/Src/braids/macro_oscillator.o
                0x0000000008000ff4                braids::MacroOscillator::RenderSawComb(unsigned char const*, short*, unsigned int)
 .text._ZN6braids15MacroOscillator13RenderDigitalEPKhPsj
                0x0000000008001062       0x4a Core/Src/braids/macro_oscillator.o
                0x0000000008001062                braids::MacroOscillator::RenderDigital(unsigned char const*, short*, unsigned int)
 .text._ZN6braids15MacroOscillator6RenderEPKhPsj
                0x00000000080010ac       0x30 Core/Src/braids/macro_oscillator.o
                0x00000000080010ac                braids::MacroOscillator::Render(unsigned char const*, short*, unsigned int)
 .text._ZN6braids9Quantizer4InitEv
                0x00000000080010dc       0x28 Core/Src/braids/quantizer.o
                0x00000000080010dc                braids::Quantizer::Init()
 .text._ZN6braids9Quantizer9ConfigureEPKssj
                0x0000000008001104       0x7c Core/Src/braids/quantizer.o
                0x0000000008001104                braids::Quantizer::Configure(short const*, short, unsigned int)
 .text._ZN6braids9Quantizer7ProcessEll
                0x0000000008001180       0xb6 Core/Src/braids/quantizer.o
                0x0000000008001180                braids::Quantizer::Process(long, long)
 *fill*         0x0000000008001236        0x2 
 .text._ZN6braids8Settings5ResetEv
                0x0000000008001238       0x18 Core/Src/braids/settings.o
                0x0000000008001238                braids::Settings::Reset()
 .text._ZN6braids8Settings11CheckPaquesEv
                0x0000000008001250       0x1c Core/Src/braids/settings.o
                0x0000000008001250                braids::Settings::CheckPaques()
 .text._ZN6braids8Settings4InitEv
                0x000000000800126c       0x80 Core/Src/braids/settings.o
                0x000000000800126c                braids::Settings::Init()
 .text._ZN6braids8Settings4SaveEv
                0x00000000080012ec        0xa Core/Src/braids/settings.o
                0x00000000080012ec                braids::Settings::Save()
 .text._ZN6braids3Adc4InitEv
                0x00000000080012f6        0x2 Core/Src/braids/drivers/adc.o
                0x00000000080012f6                braids::Adc::Init()
 .text._Z18SystemClock_Configv
                0x00000000080012f8       0x56 Core/Src/main.o
                0x00000000080012f8                SystemClock_Config()
 *fill*         0x000000000800134e        0x2 
 .text.startup.main
                0x0000000008001350       0x8c Core/Src/main.o
                0x0000000008001350                main
 .text.HAL_MspInit
                0x00000000080013dc       0x64 Core/Src/stm32f1xx_hal_msp.o
                0x00000000080013dc                HAL_MspInit
 .text.HAL_I2C_MspInit
                0x0000000008001440       0x7c Core/Src/stm32f1xx_hal_msp.o
                0x0000000008001440                HAL_I2C_MspInit
 .text.NMI_Handler
                0x00000000080014bc        0xc Core/Src/stm32f1xx_it.o
                0x00000000080014bc                NMI_Handler
 .text.HardFault_Handler
                0x00000000080014c8        0x6 Core/Src/stm32f1xx_it.o
                0x00000000080014c8                HardFault_Handler
 .text.MemManage_Handler
                0x00000000080014ce        0x6 Core/Src/stm32f1xx_it.o
                0x00000000080014ce                MemManage_Handler
 .text.BusFault_Handler
                0x00000000080014d4        0x6 Core/Src/stm32f1xx_it.o
                0x00000000080014d4                BusFault_Handler
 .text.UsageFault_Handler
                0x00000000080014da        0x6 Core/Src/stm32f1xx_it.o
                0x00000000080014da                UsageFault_Handler
 .text.SVC_Handler
                0x00000000080014e0        0xc Core/Src/stm32f1xx_it.o
                0x00000000080014e0                SVC_Handler
 .text.DebugMon_Handler
                0x00000000080014ec        0xc Core/Src/stm32f1xx_it.o
                0x00000000080014ec                DebugMon_Handler
 .text.PendSV_Handler
                0x00000000080014f8        0xc Core/Src/stm32f1xx_it.o
                0x00000000080014f8                PendSV_Handler
 .text.SysTick_Handler
                0x0000000008001504        0xc Core/Src/stm32f1xx_it.o
                0x0000000008001504                SysTick_Handler
 .text.SystemInit
                0x0000000008001510       0x68 Core/Src/system_stm32f1xx.o
                0x0000000008001510                SystemInit
 .text._ZL14callbackRenderi
                0x0000000008001578       0x20 Core/Src/multiengine/MainLoop.o
 .text._ZN6braids15MacroOscillator4InitEv
                0x0000000008001598      0x12a Core/Src/multiengine/MainLoop.o
                0x0000000008001598                braids::MacroOscillator::Init()
 *fill*         0x00000000080016c2        0x2 
 .text._ZN8MainLoop4initEv
                0x00000000080016c4      0x104 Core/Src/multiengine/MainLoop.o
                0x00000000080016c4                MainLoop::init()
 .text._ZN8MainLoop6renderEPhm
                0x00000000080017c8      0x320 Core/Src/multiengine/MainLoop.o
                0x00000000080017c8                MainLoop::render(unsigned char*, unsigned long)
 .text._ZN8MainLoop15adcStateMachineEv
                0x0000000008001ae8       0x30 Core/Src/multiengine/MainLoop.o
                0x0000000008001ae8                MainLoop::adcStateMachine()
 .text._ZN8MainLoop4loopEv
                0x0000000008001b18       0xcc Core/Src/multiengine/MainLoop.o
                0x0000000008001b18                MainLoop::loop()
 .text.startup._GLOBAL__sub_I__ZN6stmlib11GetUniqueIdEh
                0x0000000008001be4       0x24 Core/Src/multiengine/MainLoop.o
 .text._ZNK7Encoder9incrementEv.isra.0
                0x0000000008001c08       0x24 Core/Src/multiengine/Ui.o
 .text._ZN2Ui24getParamFromCurrentChordEv
                0x0000000008001c2c        0xc Core/Src/multiengine/Ui.o
                0x0000000008001c2c                Ui::getParamFromCurrentChord()
 .text._ZN2Ui28getParamFromCurrentWaveTableEv
                0x0000000008001c38        0xc Core/Src/multiengine/Ui.o
                0x0000000008001c38                Ui::getParamFromCurrentWaveTable()
 .text._ZN2Ui16showUnCalibratedEv
                0x0000000008001c44       0x18 Core/Src/multiengine/Ui.o
                0x0000000008001c44                Ui::showUnCalibrated()
 .text._ZN2Ui14showCalibratedEv
                0x0000000008001c5c       0x16 Core/Src/multiengine/Ui.o
                0x0000000008001c5c                Ui::showCalibrated()
 .text._ZN2Ui7sysTickEv
                0x0000000008001c72       0x1e Core/Src/multiengine/Ui.o
                0x0000000008001c72                Ui::sysTick()
 .text._ZN2Ui15saveAllSettingsEv
                0x0000000008001c90       0x2c Core/Src/multiengine/Ui.o
                0x0000000008001c90                Ui::saveAllSettings()
 .text._ZN2Ui15loadAllSettingsEv
                0x0000000008001cbc       0x58 Core/Src/multiengine/Ui.o
                0x0000000008001cbc                Ui::loadAllSettings()
 .text._ZN2Ui4initEPN6braids3AdcEP6Memory
                0x0000000008001d14       0x88 Core/Src/multiengine/Ui.o
                0x0000000008001d14                Ui::init(braids::Adc*, Memory*)
 .text._ZN2Ui18justFinishedRenderEv
                0x0000000008001d9c        0x8 Core/Src/multiengine/Ui.o
                0x0000000008001d9c                Ui::justFinishedRender()
 .text._ZN2Ui4loopEv
                0x0000000008001da4      0x320 Core/Src/multiengine/Ui.o
                0x0000000008001da4                Ui::loop()
 .text._ZN7Display4initEv
                0x00000000080020c4        0x6 Core/Src/multiengine/hal/Display.o
                0x00000000080020c4                Display::init()
 *fill*         0x00000000080020ca        0x2 
 .text._ZN7Display8showCharEa
                0x00000000080020cc       0x34 Core/Src/multiengine/hal/Display.o
                0x00000000080020cc                Display::showChar(signed char)
 .text._ZN7Display8showBankEh
                0x0000000008002100       0x32 Core/Src/multiengine/hal/Display.o
                0x0000000008002100                Display::showBank(unsigned char)
 .text._ZN7Display10showConfigEh
                0x0000000008002132        0x6 Core/Src/multiengine/hal/Display.o
                0x0000000008002132                Display::showConfig(unsigned char)
 .text._ZN7Display9showValueEhh
                0x0000000008002138       0x56 Core/Src/multiengine/hal/Display.o
                0x0000000008002138                Display::showValue(unsigned char, unsigned char)
 .text._ZN7Display12showDigitDotEv
                0x000000000800218e        0x6 Core/Src/multiengine/hal/Display.o
                0x000000000800218e                Display::showDigitDot()
 .text._ZN7Display12hideDigitDotEv
                0x0000000008002194        0x6 Core/Src/multiengine/hal/Display.o
                0x0000000008002194                Display::hideDigitDot()
 .text._ZN7Encoder4InitEv
                0x000000000800219a        0xe Core/Src/multiengine/hal/Encoder.o
                0x000000000800219a                Encoder::Init()
 .text._ZN7Encoder7sysTickEv
                0x00000000080021a8        0xa Core/Src/multiengine/hal/Encoder.o
                0x00000000080021a8                Encoder::sysTick()
 .text._ZN7Encoder4loopEv
                0x00000000080021b2       0x84 Core/Src/multiengine/hal/Encoder.o
                0x00000000080021b2                Encoder::loop()
 .text._ZN7Encoder11pressedLongEv
                0x0000000008002236        0xc Core/Src/multiengine/hal/Encoder.o
                0x0000000008002236                Encoder::pressedLong()
 .text._ZN7Encoder7pressedEv
                0x0000000008002242        0xa Core/Src/multiengine/hal/Encoder.o
                0x0000000008002242                Encoder::pressed()
 .text._ZN6Memory10readUInt32Et
                0x000000000800224c       0x16 Core/Src/multiengine/hal/Memory.o
                0x000000000800224c                Memory::readUInt32(unsigned short)
 .text._ZN6Memory9readUInt8Et
                0x0000000008002262       0x18 Core/Src/multiengine/hal/Memory.o
                0x0000000008002262                Memory::readUInt8(unsigned short)
 .text._ZN6Memory10readUInt16Et
                0x000000000800227a       0x18 Core/Src/multiengine/hal/Memory.o
                0x000000000800227a                Memory::readUInt16(unsigned short)
 .text._ZN6Memory11writeUInt32Etm
                0x0000000008002292       0x18 Core/Src/multiengine/hal/Memory.o
                0x0000000008002292                Memory::writeUInt32(unsigned short, unsigned long)
 .text._ZN6Memory16writeUInt8NoWaitEth
                0x00000000080022aa       0x18 Core/Src/multiengine/hal/Memory.o
                0x00000000080022aa                Memory::writeUInt8NoWait(unsigned short, unsigned char)
 .text._ZN6Memory11writeUInt16Ett
                0x00000000080022c2       0x18 Core/Src/multiengine/hal/Memory.o
                0x00000000080022c2                Memory::writeUInt16(unsigned short, unsigned short)
 *fill*         0x00000000080022da        0x2 
 .text.DMA1_Channel5_IRQHandler
                0x00000000080022dc       0x38 Core/Src/multiengine/hal/MultiEngineHAL.o
                0x00000000080022dc                DMA1_Channel5_IRQHandler
 .text.mehal_init
                0x0000000008002314      0x318 Core/Src/multiengine/hal/MultiEngineHAL.o
                0x0000000008002314                mehal_init
 .text.mehal_readADC
                0x000000000800262c       0x40 Core/Src/multiengine/hal/MultiEngineHAL.o
                0x000000000800262c                mehal_readADC
 .text.mehal_i2cMemRead
                0x000000000800266c       0x24 Core/Src/multiengine/hal/MultiEngineHAL.o
                0x000000000800266c                mehal_i2cMemRead
 .text.mehal_i2cMemWrite
                0x0000000008002690       0x30 Core/Src/multiengine/hal/MultiEngineHAL.o
                0x0000000008002690                mehal_i2cMemWrite
 .text.mehal_debugPinSet
                0x00000000080026c0        0x2 Core/Src/multiengine/hal/MultiEngineHAL.o
                0x00000000080026c0                mehal_debugPinSet
 .text.mehal_debugPinReset
                0x00000000080026c2        0x2 Core/Src/multiengine/hal/MultiEngineHAL.o
                0x00000000080026c2                mehal_debugPinReset
 .text.mehal_readGateInput
                0x00000000080026c4       0x10 Core/Src/multiengine/hal/MultiEngineHAL.o
                0x00000000080026c4                mehal_readGateInput
 .text.mehal_readEncoderSwitch
                0x00000000080026d4       0x10 Core/Src/multiengine/hal/MultiEngineHAL.o
                0x00000000080026d4                mehal_readEncoderSwitch
 .text.mehal_readEncoderA
                0x00000000080026e4       0x10 Core/Src/multiengine/hal/MultiEngineHAL.o
                0x00000000080026e4                mehal_readEncoderA
 .text.mehal_readEncoderB
                0x00000000080026f4       0x10 Core/Src/multiengine/hal/MultiEngineHAL.o
                0x00000000080026f4                mehal_readEncoderB
 .text.mehal_sendDataTo595
                0x0000000008002704       0x68 Core/Src/multiengine/hal/MultiEngineHAL.o
                0x0000000008002704                mehal_sendDataTo595
 .text.mehal_setConfigLed
                0x000000000800276c       0x18 Core/Src/multiengine/hal/MultiEngineHAL.o
                0x000000000800276c                mehal_setConfigLed
 .text.mehal_setBank1Led
                0x0000000008002784       0x18 Core/Src/multiengine/hal/MultiEngineHAL.o
                0x0000000008002784                mehal_setBank1Led
 .text.mehal_setBank0Led
                0x000000000800279c       0x18 Core/Src/multiengine/hal/MultiEngineHAL.o
                0x000000000800279c                mehal_setBank0Led
 .text.Reset_Handler
                0x00000000080027b4       0x48 Core/Startup/startup_stm32f103c8tx.o
                0x00000000080027b4                Reset_Handler
 .text.Default_Handler
                0x00000000080027fc        0x2 Core/Startup/startup_stm32f103c8tx.o
                0x00000000080027fc                RTC_Alarm_IRQHandler
                0x00000000080027fc                EXTI2_IRQHandler
                0x00000000080027fc                TIM1_CC_IRQHandler
                0x00000000080027fc                PVD_IRQHandler
                0x00000000080027fc                EXTI3_IRQHandler
                0x00000000080027fc                EXTI0_IRQHandler
                0x00000000080027fc                I2C2_EV_IRQHandler
                0x00000000080027fc                ADC1_2_IRQHandler
                0x00000000080027fc                SPI1_IRQHandler
                0x00000000080027fc                TAMPER_IRQHandler
                0x00000000080027fc                DMA1_Channel4_IRQHandler
                0x00000000080027fc                USART3_IRQHandler
                0x00000000080027fc                RTC_IRQHandler
                0x00000000080027fc                DMA1_Channel7_IRQHandler
                0x00000000080027fc                CAN1_RX1_IRQHandler
                0x00000000080027fc                TIM4_IRQHandler
                0x00000000080027fc                I2C1_EV_IRQHandler
                0x00000000080027fc                DMA1_Channel6_IRQHandler
                0x00000000080027fc                TIM3_IRQHandler
                0x00000000080027fc                RCC_IRQHandler
                0x00000000080027fc                TIM1_TRG_COM_IRQHandler
                0x00000000080027fc                DMA1_Channel1_IRQHandler
                0x00000000080027fc                Default_Handler
                0x00000000080027fc                EXTI15_10_IRQHandler
                0x00000000080027fc                EXTI9_5_IRQHandler
                0x00000000080027fc                SPI2_IRQHandler
                0x00000000080027fc                EXTI4_IRQHandler
                0x00000000080027fc                USB_LP_CAN1_RX0_IRQHandler
                0x00000000080027fc                USB_HP_CAN1_TX_IRQHandler
                0x00000000080027fc                DMA1_Channel3_IRQHandler
                0x00000000080027fc                TIM1_UP_IRQHandler
                0x00000000080027fc                WWDG_IRQHandler
                0x00000000080027fc                TIM2_IRQHandler
                0x00000000080027fc                TIM1_BRK_IRQHandler
                0x00000000080027fc                EXTI1_IRQHandler
                0x00000000080027fc                USART2_IRQHandler
                0x00000000080027fc                I2C2_ER_IRQHandler
                0x00000000080027fc                DMA1_Channel2_IRQHandler
                0x00000000080027fc                CAN1_SCE_IRQHandler
                0x00000000080027fc                FLASH_IRQHandler
                0x00000000080027fc                USART1_IRQHandler
                0x00000000080027fc                I2C1_ER_IRQHandler
                0x00000000080027fc                USBWakeUp_IRQHandler
 *fill*         0x00000000080027fe        0x2 
 .text.HAL_Init
                0x0000000008002800       0x2c Drivers/STM32F1xx_HAL_Driver/Src/stm32f1xx_hal.o
                0x0000000008002800                HAL_Init
 .text.HAL_InitTick
                0x000000000800282c       0x60 Drivers/STM32F1xx_HAL_Driver/Src/stm32f1xx_hal.o
                0x000000000800282c                HAL_InitTick
 .text.HAL_IncTick
                0x000000000800288c       0x24 Drivers/STM32F1xx_HAL_Driver/Src/stm32f1xx_hal.o
                0x000000000800288c                HAL_IncTick
 .text.HAL_GetTick
                0x00000000080028b0       0x14 Drivers/STM32F1xx_HAL_Driver/Src/stm32f1xx_hal.o
                0x00000000080028b0                HAL_GetTick
 .text.HAL_Delay
                0x00000000080028c4       0x44 Drivers/STM32F1xx_HAL_Driver/Src/stm32f1xx_hal.o
                0x00000000080028c4                HAL_Delay
 .text.__NVIC_SetPriorityGrouping
                0x0000000008002908       0x48 Drivers/STM32F1xx_HAL_Driver/Src/stm32f1xx_hal_cortex.o
 .text.__NVIC_GetPriorityGrouping
                0x0000000008002950       0x1c Drivers/STM32F1xx_HAL_Driver/Src/stm32f1xx_hal_cortex.o
 .text.__NVIC_SetPriority
                0x000000000800296c       0x54 Drivers/STM32F1xx_HAL_Driver/Src/stm32f1xx_hal_cortex.o
 .text.NVIC_EncodePriority
                0x00000000080029c0       0x64 Drivers/STM32F1xx_HAL_Driver/Src/stm32f1xx_hal_cortex.o
 .text.SysTick_Config
                0x0000000008002a24       0x44 Drivers/STM32F1xx_HAL_Driver/Src/stm32f1xx_hal_cortex.o
 .text.HAL_NVIC_SetPriorityGrouping
                0x0000000008002a68       0x16 Drivers/STM32F1xx_HAL_Driver/Src/stm32f1xx_hal_cortex.o
                0x0000000008002a68                HAL_NVIC_SetPriorityGrouping
 .text.HAL_NVIC_SetPriority
                0x0000000008002a7e       0x38 Drivers/STM32F1xx_HAL_Driver/Src/stm32f1xx_hal_cortex.o
                0x0000000008002a7e                HAL_NVIC_SetPriority
 .text.HAL_SYSTICK_Config
                0x0000000008002ab6       0x18 Drivers/STM32F1xx_HAL_Driver/Src/stm32f1xx_hal_cortex.o
                0x0000000008002ab6                HAL_SYSTICK_Config
 *fill*         0x0000000008002ace        0x2 
 .text.HAL_GPIO_Init
                0x0000000008002ad0      0x2b4 Drivers/STM32F1xx_HAL_Driver/Src/stm32f1xx_hal_gpio.o
                0x0000000008002ad0                HAL_GPIO_Init
 .text.HAL_GPIO_ReadPin
                0x0000000008002d84       0x2e Drivers/STM32F1xx_HAL_Driver/Src/stm32f1xx_hal_gpio.o
                0x0000000008002d84                HAL_GPIO_ReadPin
 .text.HAL_GPIO_WritePin
                0x0000000008002db2       0x30 Drivers/STM32F1xx_HAL_Driver/Src/stm32f1xx_hal_gpio.o
                0x0000000008002db2                HAL_GPIO_WritePin
 *fill*         0x0000000008002de2        0x2 
 .text.HAL_I2C_Init
                0x0000000008002de4      0x250 Drivers/STM32F1xx_HAL_Driver/Src/stm32f1xx_hal_i2c.o
                0x0000000008002de4                HAL_I2C_Init
 .text.HAL_I2C_Mem_Write
                0x0000000008003034      0x1f4 Drivers/STM32F1xx_HAL_Driver/Src/stm32f1xx_hal_i2c.o
                0x0000000008003034                HAL_I2C_Mem_Write
 .text.HAL_I2C_Mem_Read
                0x0000000008003228      0x46c Drivers/STM32F1xx_HAL_Driver/Src/stm32f1xx_hal_i2c.o
                0x0000000008003228                HAL_I2C_Mem_Read
 .text.I2C_RequestMemoryWrite
                0x0000000008003694      0x114 Drivers/STM32F1xx_HAL_Driver/Src/stm32f1xx_hal_i2c.o
 .text.I2C_RequestMemoryRead
                0x00000000080037a8      0x1a0 Drivers/STM32F1xx_HAL_Driver/Src/stm32f1xx_hal_i2c.o
 .text.I2C_WaitOnFlagUntilTimeout
                0x0000000008003948       0xae Drivers/STM32F1xx_HAL_Driver/Src/stm32f1xx_hal_i2c.o
 .text.I2C_WaitOnMasterAddressFlagUntilTimeout
                0x00000000080039f6       0xfe Drivers/STM32F1xx_HAL_Driver/Src/stm32f1xx_hal_i2c.o
 .text.I2C_WaitOnTXEFlagUntilTimeout
                0x0000000008003af4       0x82 Drivers/STM32F1xx_HAL_Driver/Src/stm32f1xx_hal_i2c.o
 .text.I2C_WaitOnBTFFlagUntilTimeout
                0x0000000008003b76       0x82 Drivers/STM32F1xx_HAL_Driver/Src/stm32f1xx_hal_i2c.o
 .text.I2C_WaitOnRXNEFlagUntilTimeout
                0x0000000008003bf8       0xac Drivers/STM32F1xx_HAL_Driver/Src/stm32f1xx_hal_i2c.o
 .text.I2C_IsAcknowledgeFailed
                0x0000000008003ca4       0x5c Drivers/STM32F1xx_HAL_Driver/Src/stm32f1xx_hal_i2c.o
 .text.HAL_RCC_OscConfig
                0x0000000008003d00      0x500 Drivers/STM32F1xx_HAL_Driver/Src/stm32f1xx_hal_rcc.o
                0x0000000008003d00                HAL_RCC_OscConfig
 .text.HAL_RCC_ClockConfig
                0x0000000008004200      0x1d4 Drivers/STM32F1xx_HAL_Driver/Src/stm32f1xx_hal_rcc.o
                0x0000000008004200                HAL_RCC_ClockConfig
 .text.HAL_RCC_GetSysClockFreq
                0x00000000080043d4       0xc4 Drivers/STM32F1xx_HAL_Driver/Src/stm32f1xx_hal_rcc.o
                0x00000000080043d4                HAL_RCC_GetSysClockFreq
 .text.HAL_RCC_GetHCLKFreq
                0x0000000008004498       0x14 Drivers/STM32F1xx_HAL_Driver/Src/stm32f1xx_hal_rcc.o
                0x0000000008004498                HAL_RCC_GetHCLKFreq
 .text.HAL_RCC_GetPCLK1Freq
                0x00000000080044ac       0x28 Drivers/STM32F1xx_HAL_Driver/Src/stm32f1xx_hal_rcc.o
                0x00000000080044ac                HAL_RCC_GetPCLK1Freq
 .text.RCC_Delay
                0x00000000080044d4       0x3c Drivers/STM32F1xx_HAL_Driver/Src/stm32f1xx_hal_rcc.o
 .text.__libc_init_array
                0x0000000008004510       0x48 /opt/st/stm32cubeide_1.4.0/plugins/com.st.stm32cube.ide.mcu.externaltools.gnu-tools-for-stm32.7-2018-q2-update.linux64_1.4.0.202007081208/tools/bin/../lib/gcc/arm-none-eabi/7.3.1/../../../../arm-none-eabi/lib/thumb/v7-m/libc_nano.a(lib_a-init.o)
                0x0000000008004510                __libc_init_array
 .text.memcpy   0x0000000008004558       0x16 /opt/st/stm32cubeide_1.4.0/plugins/com.st.stm32cube.ide.mcu.externaltools.gnu-tools-for-stm32.7-2018-q2-update.linux64_1.4.0.202007081208/tools/bin/../lib/gcc/arm-none-eabi/7.3.1/../../../../arm-none-eabi/lib/thumb/v7-m/libc_nano.a(lib_a-memcpy-stub.o)
                0x0000000008004558                memcpy
 .text.memset   0x000000000800456e       0x10 /opt/st/stm32cubeide_1.4.0/plugins/com.st.stm32cube.ide.mcu.externaltools.gnu-tools-for-stm32.7-2018-q2-update.linux64_1.4.0.202007081208/tools/bin/../lib/gcc/arm-none-eabi/7.3.1/../../../../arm-none-eabi/lib/thumb/v7-m/libc_nano.a(lib_a-memset.o)
                0x000000000800456e                memset
 *(.glue_7)
 .glue_7        0x000000000800457e        0x0 linker stubs
 *(.glue_7t)
 .glue_7t       0x000000000800457e        0x0 linker stubs
 *(.eh_frame)
 *fill*         0x000000000800457e        0x2 
 .eh_frame      0x0000000008004580        0x0 /opt/st/stm32cubeide_1.4.0/plugins/com.st.stm32cube.ide.mcu.externaltools.gnu-tools-for-stm32.7-2018-q2-update.linux64_1.4.0.202007081208/tools/bin/../lib/gcc/arm-none-eabi/7.3.1/thumb/v7-m/crtbegin.o
 *(.init)
 .init          0x0000000008004580        0x4 /opt/st/stm32cubeide_1.4.0/plugins/com.st.stm32cube.ide.mcu.externaltools.gnu-tools-for-stm32.7-2018-q2-update.linux64_1.4.0.202007081208/tools/bin/../lib/gcc/arm-none-eabi/7.3.1/thumb/v7-m/crti.o
                0x0000000008004580                _init
 .init          0x0000000008004584        0x8 /opt/st/stm32cubeide_1.4.0/plugins/com.st.stm32cube.ide.mcu.externaltools.gnu-tools-for-stm32.7-2018-q2-update.linux64_1.4.0.202007081208/tools/bin/../lib/gcc/arm-none-eabi/7.3.1/thumb/v7-m/crtn.o
 *(.fini)
 .fini          0x000000000800458c        0x4 /opt/st/stm32cubeide_1.4.0/plugins/com.st.stm32cube.ide.mcu.externaltools.gnu-tools-for-stm32.7-2018-q2-update.linux64_1.4.0.202007081208/tools/bin/../lib/gcc/arm-none-eabi/7.3.1/thumb/v7-m/crti.o
                0x000000000800458c                _fini
 .fini          0x0000000008004590        0x8 /opt/st/stm32cubeide_1.4.0/plugins/com.st.stm32cube.ide.mcu.externaltools.gnu-tools-for-stm32.7-2018-q2-update.linux64_1.4.0.202007081208/tools/bin/../lib/gcc/arm-none-eabi/7.3.1/thumb/v7-m/crtn.o
                0x0000000008004598                . = ALIGN (0x4)
                0x0000000008004598                _etext = .

.vfp11_veneer   0x0000000008004598        0x0
 .vfp11_veneer  0x0000000008004598        0x0 linker stubs

.v4_bx          0x0000000008004598        0x0
 .v4_bx         0x0000000008004598        0x0 linker stubs

.iplt           0x0000000008004598        0x0
 .iplt          0x0000000008004598        0x0 /opt/st/stm32cubeide_1.4.0/plugins/com.st.stm32cube.ide.mcu.externaltools.gnu-tools-for-stm32.7-2018-q2-update.linux64_1.4.0.202007081208/tools/bin/../lib/gcc/arm-none-eabi/7.3.1/thumb/v7-m/crtbegin.o

.rodata         0x0000000008004598     0xa5e8
                0x0000000008004598                . = ALIGN (0x4)
 *(.rodata)
 .rodata        0x0000000008004598       0x12 Drivers/STM32F1xx_HAL_Driver/Src/stm32f1xx_hal_rcc.o
 *(.rodata*)
 .rodata._ZN6braidsL14mini_wave_lineE
                0x00000000080045aa       0x21 Core/Src/braids/digital_oscillator.o
 *fill*         0x00000000080045cb        0x1 
 .rodata._ZN6braidsL6chordsE
                0x00000000080045cc       0x72 Core/Src/braids/digital_oscillator.o
 .rodata.CSWTCH.63
                0x000000000800463e        0x3 Core/Src/braids/macro_oscillator.o
 *fill*         0x0000000008004641        0x1 
 .rodata._ZN6braidsL9intervalsE
                0x0000000008004642       0x82 Core/Src/braids/macro_oscillator.o
 .rodata._ZN6braids12lut_env_expoE
                0x00000000080046c4      0x202 Core/Src/braids/resources.o
                0x00000000080046c4                braids::lut_env_expo
 .rodata._ZN6braids14lut_svf_cutoffE
                0x00000000080048c6      0x202 Core/Src/braids/resources.o
                0x00000000080048c6                braids::lut_svf_cutoff
 .rodata._ZN6braids14lut_vco_detuneE
                0x0000000008004ac8      0x202 Core/Src/braids/resources.o
                0x0000000008004ac8                braids::lut_vco_detune
 .rodata._ZN6braids20ws_violent_overdriveE
                0x0000000008004cca      0x202 Core/Src/braids/resources.o
                0x0000000008004cca                braids::ws_violent_overdrive
 .rodata._ZN6braids21lut_oscillator_delaysE
                0x0000000008004ecc      0x184 Core/Src/braids/resources.o
                0x0000000008004ecc                braids::lut_oscillator_delays
 .rodata._ZN6braids25lut_oscillator_incrementsE
                0x0000000008005050      0x184 Core/Src/braids/resources.o
                0x0000000008005050                braids::lut_oscillator_increments
 .rodata._ZN6braids26lut_fm_frequency_quantizerE
                0x00000000080051d4      0x102 Core/Src/braids/resources.o
                0x00000000080051d4                braids::lut_fm_frequency_quantizer
 *fill*         0x00000000080052d6        0x2 
 .rodata._ZN6braids29lut_env_portamento_incrementsE
                0x00000000080052d8      0x200 Core/Src/braids/resources.o
                0x00000000080052d8                braids::lut_env_portamento_increments
 .rodata._ZN6braids7wt_codeE
                0x00000000080054d8      0x428 Core/Src/braids/resources.o
                0x00000000080054d8                braids::wt_code
 .rodata._ZN6braids8wav_sineE
                0x0000000008005900      0x202 Core/Src/braids/resources.o
                0x0000000008005900                braids::wav_sine
 .rodata._ZN6braids8wt_wavesE
                0x0000000008005b02     0x8100 Core/Src/braids/resources.o
                0x0000000008005b02                braids::wt_waves
 .rodata._ZN6braids8Settings11CheckPaquesEv.str1.1
                0x000000000800dc02        0x3 Core/Src/braids/settings.o
 *fill*         0x000000000800dc05        0x3 
 .rodata._ZN6braids8Settings9metadata_E
                0x000000000800dc08      0x120 Core/Src/braids/settings.o
                0x000000000800dc08                braids::Settings::metadata_
 .rodata._ZN6braidsL11algo_valuesE
                0x000000000800dd28       0xbc Core/Src/braids/settings.o
 .rodata._ZN6braidsL11bits_valuesE
                0x000000000800dde4       0x1c Core/Src/braids/settings.o
 .rodata._ZN6braidsL11note_valuesE
                0x000000000800de00       0x30 Core/Src/braids/settings.o
 .rodata._ZN6braidsL12rates_valuesE
                0x000000000800de30       0x1c Core/Src/braids/settings.o
 .rodata._ZN6braidsL13kInitSettingsE
                0x000000000800de4c       0x60 Core/Src/braids/settings.o
 .rodata._ZN6braidsL13octave_valuesE
                0x000000000800deac       0x14 Core/Src/braids/settings.o
 .rodata._ZN6braidsL14boolean_valuesE
                0x000000000800dec0        0x8 Core/Src/braids/settings.o
 .rodata._ZN6braidsL16intensity_valuesE
                0x000000000800dec8       0x14 Core/Src/braids/settings.o
 .rodata._ZN6braidsL17brightness_valuesE
                0x000000000800dedc        0xc Core/Src/braids/settings.o
 .rodata._ZN6braidsL17trig_delay_valuesE
                0x000000000800dee8       0x1c Core/Src/braids/settings.o
 .rodata._ZN6braidsL18pitch_range_valuesE
                0x000000000800df04       0x14 Core/Src/braids/settings.o
 .rodata._ZN6braidsL18trig_source_valuesE
                0x000000000800df18        0x8 Core/Src/braids/settings.o
 .rodata._ZN6braidsL19quantization_valuesE
                0x000000000800df20       0xc4 Core/Src/braids/settings.o
 .rodata._ZN6braidsL22zero_to_fifteen_valuesE
                0x000000000800dfe4       0x40 Core/Src/braids/settings.o
 .rodata.str1.1
                0x000000000800e024      0x2e3 Core/Src/braids/settings.o
                                        0x2f7 (size before relaxing)
 *fill*         0x000000000800e307        0x1 
 .rodata.AHBPrescTable
                0x000000000800e308       0x10 Core/Src/system_stm32f1xx.o
                0x000000000800e308                AHBPrescTable
 .rodata.APBPrescTable
                0x000000000800e318        0x8 Core/Src/system_stm32f1xx.o
                0x000000000800e318                APBPrescTable
 .rodata._ZL18decimation_factors
                0x000000000800e320        0xe Core/Src/multiengine/MainLoop.o
 .rodata._ZL19bit_reduction_masks
                0x000000000800e32e        0xe Core/Src/multiengine/MainLoop.o
 .rodata._ZN6braidsL6scalesE
                0x000000000800e33c      0x7a8 Core/Src/multiengine/MainLoop.o
 .rodata._ZL12CONFIG_ITEMS
                0x000000000800eae4       0x16 Core/Src/multiengine/Ui.o
 .rodata._ZL19LIMITED_OSCILLATORS
                0x000000000800eafa       0x60 Core/Src/multiengine/Ui.o
 .rodata._ZL11CHARS_TABLE
                0x000000000800eb5a       0x1a Core/Src/multiengine/hal/Display.o
 .rodata._ZL13NUMBERS_TABLE
                0x000000000800eb74        0xa Core/Src/multiengine/hal/Display.o
                0x000000000800eb80                . = ALIGN (0x4)
 *fill*         0x000000000800eb7e        0x2 

.rel.dyn        0x000000000800eb80        0x0
 .rel.iplt      0x000000000800eb80        0x0 /opt/st/stm32cubeide_1.4.0/plugins/com.st.stm32cube.ide.mcu.externaltools.gnu-tools-for-stm32.7-2018-q2-update.linux64_1.4.0.202007081208/tools/bin/../lib/gcc/arm-none-eabi/7.3.1/thumb/v7-m/crtbegin.o

.ARM.extab      0x000000000800eb80        0x0
                0x000000000800eb80                . = ALIGN (0x4)
 *(.ARM.extab* .gnu.linkonce.armextab.*)
                0x000000000800eb80                . = ALIGN (0x4)

.ARM            0x000000000800eb80        0x0
                0x000000000800eb80                . = ALIGN (0x4)
                0x000000000800eb80                __exidx_start = .
 *(.ARM.exidx*)
                0x000000000800eb80                __exidx_end = .
                0x000000000800eb80                . = ALIGN (0x4)

.preinit_array  0x000000000800eb80        0x0
                0x000000000800eb80                . = ALIGN (0x4)
                0x000000000800eb80                PROVIDE (__preinit_array_start = .)
 *(.preinit_array*)
                0x000000000800eb80                PROVIDE (__preinit_array_end = .)
                0x000000000800eb80                . = ALIGN (0x4)

.init_array     0x000000000800eb80        0x8
                0x000000000800eb80                . = ALIGN (0x4)
                0x000000000800eb80                PROVIDE (__init_array_start = .)
 *(SORT_BY_NAME(.init_array.*))
 *(.init_array*)
 .init_array    0x000000000800eb80        0x4 /opt/st/stm32cubeide_1.4.0/plugins/com.st.stm32cube.ide.mcu.externaltools.gnu-tools-for-stm32.7-2018-q2-update.linux64_1.4.0.202007081208/tools/bin/../lib/gcc/arm-none-eabi/7.3.1/thumb/v7-m/crtbegin.o
 .init_array    0x000000000800eb84        0x4 Core/Src/multiengine/MainLoop.o
                0x000000000800eb88                PROVIDE (__init_array_end = .)
                0x000000000800eb88                . = ALIGN (0x4)

.fini_array     0x000000000800eb88        0x4
                0x000000000800eb88                . = ALIGN (0x4)
                [!provide]                        PROVIDE (__fini_array_start = .)
 *(SORT_BY_NAME(.fini_array.*))
 *(.fini_array*)
 .fini_array    0x000000000800eb88        0x4 /opt/st/stm32cubeide_1.4.0/plugins/com.st.stm32cube.ide.mcu.externaltools.gnu-tools-for-stm32.7-2018-q2-update.linux64_1.4.0.202007081208/tools/bin/../lib/gcc/arm-none-eabi/7.3.1/thumb/v7-m/crtbegin.o
                [!provide]                        PROVIDE (__fini_array_end = .)
                0x000000000800eb8c                . = ALIGN (0x4)
                0x000000000800eb8c                _sidata = LOADADDR (.data)

.data           0x0000000020000000      0x2ac load address 0x000000000800eb8c
                0x0000000020000000                . = ALIGN (0x4)
                0x0000000020000000                _sdata = .
 *(.data)
 *(.data*)
 .data._ZN6braids17DigitalOscillator9fn_table_E
                0x0000000020000000      0x118 Core/Src/braids/digital_oscillator.o
                0x0000000020000000                braids::DigitalOscillator::fn_table_
 .data._ZN6braids15MacroOscillator9fn_table_E
                0x0000000020000118      0x180 Core/Src/braids/macro_oscillator.o
                0x0000000020000118                braids::MacroOscillator::fn_table_
 .data.SystemCoreClock
                0x0000000020000298        0x4 Core/Src/system_stm32f1xx.o
                0x0000000020000298                SystemCoreClock
 .data._ZL13current_scale
                0x000000002000029c        0x1 Core/Src/multiengine/MainLoop.o
 .data._ZZN8MainLoop4loopEvE8prevGate
                0x000000002000029d        0x1 Core/Src/multiengine/MainLoop.o
 *fill*         0x000000002000029e        0x2 
 .data._ZN6stmlib6Random10rng_state_E
                0x00000000200002a0        0x4 Core/Src/stmlib/random.o
                0x00000000200002a0                stmlib::Random::rng_state_
 .data.uwTickPrio
                0x00000000200002a4        0x4 Drivers/STM32F1xx_HAL_Driver/Src/stm32f1xx_hal.o
                0x00000000200002a4                uwTickPrio
 .data.uwTickFreq
                0x00000000200002a8        0x1 Drivers/STM32F1xx_HAL_Driver/Src/stm32f1xx_hal.o
                0x00000000200002a8                uwTickFreq
                0x00000000200002ac                . = ALIGN (0x4)
 *fill*         0x00000000200002a9        0x3 
                0x00000000200002ac                _edata = .

.igot.plt       0x00000000200002ac        0x0 load address 0x000000000800ee38
 .igot.plt      0x00000000200002ac        0x0 /opt/st/stm32cubeide_1.4.0/plugins/com.st.stm32cube.ide.mcu.externaltools.gnu-tools-for-stm32.7-2018-q2-update.linux64_1.4.0.202007081208/tools/bin/../lib/gcc/arm-none-eabi/7.3.1/thumb/v7-m/crtbegin.o
                0x00000000200002ac                . = ALIGN (0x4)

.bss            0x00000000200002ac     0x4548 load address 0x000000000800ee38
                0x00000000200002ac                _sbss = .
                0x00000000200002ac                __bss_start__ = _sbss
 *(.bss)
 .bss           0x00000000200002ac       0x1c /opt/st/stm32cubeide_1.4.0/plugins/com.st.stm32cube.ide.mcu.externaltools.gnu-tools-for-stm32.7-2018-q2-update.linux64_1.4.0.202007081208/tools/bin/../lib/gcc/arm-none-eabi/7.3.1/thumb/v7-m/crtbegin.o
 *(.bss*)
 .bss._ZN6braids16AnalogOscillator9fn_table_E
                0x00000000200002c8       0x48 Core/Src/braids/analog_oscillator.o
                0x00000000200002c8                braids::AnalogOscillator::fn_table_
 .bss._ZN6braids8settingsE
                0x0000000020000310       0x64 Core/Src/braids/settings.o
                0x0000000020000310                braids::settings
 .bss._ZL10flagRender
                0x0000000020000374        0x1 Core/Src/multiengine/MainLoop.o
 .bss._ZL12sync_samples
                0x0000000020000375       0x18 Core/Src/multiengine/MainLoop.o
 .bss._ZL12trigger_flag
                0x000000002000038d        0x1 Core/Src/multiengine/MainLoop.o
 .bss._ZL13samplesBuffer
                0x000000002000038e       0x30 Core/Src/multiengine/MainLoop.o
 *fill*         0x00000000200003be        0x2 
 .bss._ZL13userInterface
                0x00000000200003c0       0x34 Core/Src/multiengine/MainLoop.o
 .bss._ZL14sysTickDivisor
                0x00000000200003f4        0x1 Core/Src/multiengine/MainLoop.o
 .bss._ZL17indexBufferRender
                0x00000000200003f5        0x1 Core/Src/multiengine/MainLoop.o
 *fill*         0x00000000200003f6        0x2 
 .bss._ZL18flagTriggerInEvent
                0x00000000200003f8        0x4 Core/Src/multiengine/MainLoop.o
 .bss._ZL3adc   0x00000000200003fc        0xa Core/Src/multiengine/MainLoop.o
 *fill*         0x0000000020000406        0x2 
 .bss._ZL3osc   0x0000000020000408     0x4250 Core/Src/multiengine/MainLoop.o
 .bss._ZL6memory
                0x0000000020004658        0x1 Core/Src/multiengine/MainLoop.o
 *fill*         0x0000000020004659        0x3 
 .bss._ZL8envelope
                0x000000002000465c       0x24 Core/Src/multiengine/MainLoop.o
 .bss._ZL9quantizer
                0x0000000020004680      0x110 Core/Src/multiengine/MainLoop.o
 .bss._ZZN8MainLoop15adcStateMachineEvE3chn
                0x0000000020004790        0x1 Core/Src/multiengine/MainLoop.o
 *fill*         0x0000000020004791        0x1 
 .bss._ZZN8MainLoop6renderEPhmE14previous_pitch
                0x0000000020004792        0x2 Core/Src/multiengine/MainLoop.o
 .bss._ZZN8MainLoop6renderEPhmE7gain_lp
                0x0000000020004794        0x2 Core/Src/multiengine/MainLoop.o
 *fill*         0x0000000020004796        0x2 
 .bss._ZL11callbackDMA
                0x0000000020004798        0x4 Core/Src/multiengine/hal/MultiEngineHAL.o
 .bss._ZL5hi2c1
                0x000000002000479c       0x54 Core/Src/multiengine/hal/MultiEngineHAL.o
 *(COMMON)
 COMMON         0x00000000200047f0        0x4 Drivers/STM32F1xx_HAL_Driver/Src/stm32f1xx_hal.o
                0x00000000200047f0                uwTick
                0x00000000200047f4                . = ALIGN (0x4)
                0x00000000200047f4                _ebss = .
                0x00000000200047f4                __bss_end__ = _ebss

._user_heap_stack
                0x00000000200047f4      0x604 load address 0x000000000800ee38
                0x00000000200047f8                . = ALIGN (0x8)
 *fill*         0x00000000200047f4        0x4 
                [!provide]                        PROVIDE (end = .)
                0x00000000200047f8                PROVIDE (_end = .)
                0x00000000200049f8                . = (. + _Min_Heap_Size)
 *fill*         0x00000000200047f8      0x200 
                0x0000000020004df8                . = (. + _Min_Stack_Size)
 *fill*         0x00000000200049f8      0x400 
                0x0000000020004df8                . = ALIGN (0x8)

/DISCARD/
 libc.a(*)
 libm.a(*)
 libgcc.a(*)

.ARM.attributes
                0x0000000000000000       0x29
 *(.ARM.attributes)
 .ARM.attributes
                0x0000000000000000       0x1d /opt/st/stm32cubeide_1.4.0/plugins/com.st.stm32cube.ide.mcu.externaltools.gnu-tools-for-stm32.7-2018-q2-update.linux64_1.4.0.202007081208/tools/bin/../lib/gcc/arm-none-eabi/7.3.1/thumb/v7-m/crti.o
 .ARM.attributes
                0x000000000000001d       0x2d /opt/st/stm32cubeide_1.4.0/plugins/com.st.stm32cube.ide.mcu.externaltools.gnu-tools-for-stm32.7-2018-q2-update.linux64_1.4.0.202007081208/tools/bin/../lib/gcc/arm-none-eabi/7.3.1/thumb/v7-m/crtbegin.o
 .ARM.attributes
                0x000000000000004a       0x33 Core/Src/braids/analog_oscillator.o
 .ARM.attributes
                0x000000000000007d       0x33 Core/Src/braids/digital_oscillator.o
 .ARM.attributes
                0x00000000000000b0       0x33 Core/Src/braids/macro_oscillator.o
 .ARM.attributes
                0x00000000000000e3       0x33 Core/Src/braids/quantizer.o
 .ARM.attributes
                0x0000000000000116       0x33 Core/Src/braids/resources.o
 .ARM.attributes
                0x0000000000000149       0x33 Core/Src/braids/settings.o
 .ARM.attributes
                0x000000000000017c       0x33 Core/Src/braids/drivers/adc.o
 .ARM.attributes
                0x00000000000001af       0x33 Core/Src/main.o
 .ARM.attributes
                0x00000000000001e2       0x33 Core/Src/stm32f1xx_hal_msp.o
 .ARM.attributes
                0x0000000000000215       0x33 Core/Src/stm32f1xx_it.o
 .ARM.attributes
                0x0000000000000248       0x33 Core/Src/system_stm32f1xx.o
 .ARM.attributes
                0x000000000000027b       0x33 Core/Src/multiengine/MainLoop.o
 .ARM.attributes
                0x00000000000002ae       0x33 Core/Src/multiengine/Ui.o
 .ARM.attributes
                0x00000000000002e1       0x33 Core/Src/multiengine/hal/Display.o
 .ARM.attributes
                0x0000000000000314       0x33 Core/Src/multiengine/hal/Encoder.o
 .ARM.attributes
                0x0000000000000347       0x33 Core/Src/multiengine/hal/Memory.o
 .ARM.attributes
                0x000000000000037a       0x33 Core/Src/multiengine/hal/MultiEngineHAL.o
 .ARM.attributes
                0x00000000000003ad       0x33 Core/Src/stmlib/random.o
 .ARM.attributes
                0x00000000000003e0       0x21 Core/Startup/startup_stm32f103c8tx.o
 .ARM.attributes
                0x0000000000000401       0x33 Drivers/STM32F1xx_HAL_Driver/Src/stm32f1xx_hal.o
 .ARM.attributes
                0x0000000000000434       0x33 Drivers/STM32F1xx_HAL_Driver/Src/stm32f1xx_hal_cortex.o
 .ARM.attributes
                0x0000000000000467       0x33 Drivers/STM32F1xx_HAL_Driver/Src/stm32f1xx_hal_gpio.o
 .ARM.attributes
                0x000000000000049a       0x33 Drivers/STM32F1xx_HAL_Driver/Src/stm32f1xx_hal_i2c.o
 .ARM.attributes
                0x00000000000004cd       0x33 Drivers/STM32F1xx_HAL_Driver/Src/stm32f1xx_hal_rcc.o
 .ARM.attributes
                0x0000000000000500       0x2d /opt/st/stm32cubeide_1.4.0/plugins/com.st.stm32cube.ide.mcu.externaltools.gnu-tools-for-stm32.7-2018-q2-update.linux64_1.4.0.202007081208/tools/bin/../lib/gcc/arm-none-eabi/7.3.1/../../../../arm-none-eabi/lib/thumb/v7-m/libc_nano.a(lib_a-init.o)
 .ARM.attributes
                0x000000000000052d       0x2d /opt/st/stm32cubeide_1.4.0/plugins/com.st.stm32cube.ide.mcu.externaltools.gnu-tools-for-stm32.7-2018-q2-update.linux64_1.4.0.202007081208/tools/bin/../lib/gcc/arm-none-eabi/7.3.1/../../../../arm-none-eabi/lib/thumb/v7-m/libc_nano.a(lib_a-memcpy-stub.o)
 .ARM.attributes
                0x000000000000055a       0x2d /opt/st/stm32cubeide_1.4.0/plugins/com.st.stm32cube.ide.mcu.externaltools.gnu-tools-for-stm32.7-2018-q2-update.linux64_1.4.0.202007081208/tools/bin/../lib/gcc/arm-none-eabi/7.3.1/../../../../arm-none-eabi/lib/thumb/v7-m/libc_nano.a(lib_a-memset.o)
 .ARM.attributes
                0x0000000000000587       0x1b /opt/st/stm32cubeide_1.4.0/plugins/com.st.stm32cube.ide.mcu.externaltools.gnu-tools-for-stm32.7-2018-q2-update.linux64_1.4.0.202007081208/tools/bin/../lib/gcc/arm-none-eabi/7.3.1/../../../../arm-none-eabi/lib/thumb/v7-m/libc_nano.a(lib_a-strcmp.o)
 .ARM.attributes
                0x00000000000005a2       0x1d /opt/st/stm32cubeide_1.4.0/plugins/com.st.stm32cube.ide.mcu.externaltools.gnu-tools-for-stm32.7-2018-q2-update.linux64_1.4.0.202007081208/tools/bin/../lib/gcc/arm-none-eabi/7.3.1/thumb/v7-m/crtn.o
OUTPUT(ChordMaster.elf elf32-littlearm)

.debug_info     0x0000000000000000    0x2637d
 .debug_info    0x0000000000000000     0x26e9 Core/Src/braids/analog_oscillator.o
 .debug_info    0x00000000000026e9     0x93d5 Core/Src/braids/digital_oscillator.o
 .debug_info    0x000000000000babe     0x5874 Core/Src/braids/macro_oscillator.o
 .debug_info    0x0000000000011332     0x1a45 Core/Src/braids/quantizer.o
 .debug_info    0x0000000000012d77      0x7ae Core/Src/braids/resources.o
 .debug_info    0x0000000000013525     0x1a79 Core/Src/braids/settings.o
 .debug_info    0x0000000000014f9e      0x9cc Core/Src/braids/drivers/adc.o
 .debug_info    0x000000000001596a      0x735 Core/Src/main.o
 .debug_info    0x000000000001609f      0x8ba Core/Src/stm32f1xx_hal_msp.o
 .debug_info    0x0000000000016959      0x1fa Core/Src/stm32f1xx_it.o
 .debug_info    0x0000000000016b53      0x433 Core/Src/system_stm32f1xx.o
 .debug_info    0x0000000000016f86     0x6b5b Core/Src/multiengine/MainLoop.o
 .debug_info    0x000000000001dae1     0x1f36 Core/Src/multiengine/Ui.o
 .debug_info    0x000000000001fa17      0x3f8 Core/Src/multiengine/hal/Display.o
 .debug_info    0x000000000001fe0f      0x3b5 Core/Src/multiengine/hal/Encoder.o
 .debug_info    0x00000000000201c4      0x517 Core/Src/multiengine/hal/Memory.o
 .debug_info    0x00000000000206db     0x15da Core/Src/multiengine/hal/MultiEngineHAL.o
 .debug_info    0x0000000000021cb5      0x186 Core/Src/stmlib/random.o
 .debug_info    0x0000000000021e3b       0x22 Core/Startup/startup_stm32f103c8tx.o
 .debug_info    0x0000000000021e5d      0x6fe Drivers/STM32F1xx_HAL_Driver/Src/stm32f1xx_hal.o
 .debug_info    0x000000000002255b      0xb46 Drivers/STM32F1xx_HAL_Driver/Src/stm32f1xx_hal_cortex.o
 .debug_info    0x00000000000230a1      0x681 Drivers/STM32F1xx_HAL_Driver/Src/stm32f1xx_hal_gpio.o
 .debug_info    0x0000000000023722     0x2457 Drivers/STM32F1xx_HAL_Driver/Src/stm32f1xx_hal_i2c.o
 .debug_info    0x0000000000025b79      0x804 Drivers/STM32F1xx_HAL_Driver/Src/stm32f1xx_hal_rcc.o

.debug_abbrev   0x0000000000000000     0x4c24
 .debug_abbrev  0x0000000000000000      0x57f Core/Src/braids/analog_oscillator.o
 .debug_abbrev  0x000000000000057f      0x8c8 Core/Src/braids/digital_oscillator.o
 .debug_abbrev  0x0000000000000e47      0x838 Core/Src/braids/macro_oscillator.o
 .debug_abbrev  0x000000000000167f      0x5f8 Core/Src/braids/quantizer.o
 .debug_abbrev  0x0000000000001c77       0xc1 Core/Src/braids/resources.o
 .debug_abbrev  0x0000000000001d38      0x572 Core/Src/braids/settings.o
 .debug_abbrev  0x00000000000022aa      0x1f6 Core/Src/braids/drivers/adc.o
 .debug_abbrev  0x00000000000024a0      0x28e Core/Src/main.o
 .debug_abbrev  0x000000000000272e      0x18c Core/Src/stm32f1xx_hal_msp.o
 .debug_abbrev  0x00000000000028ba       0xc6 Core/Src/stm32f1xx_it.o
 .debug_abbrev  0x0000000000002980      0x134 Core/Src/system_stm32f1xx.o
 .debug_abbrev  0x0000000000002ab4      0x918 Core/Src/multiengine/MainLoop.o
 .debug_abbrev  0x00000000000033cc      0x4f1 Core/Src/multiengine/Ui.o
 .debug_abbrev  0x00000000000038bd      0x1b6 Core/Src/multiengine/hal/Display.o
 .debug_abbrev  0x0000000000003a73      0x130 Core/Src/multiengine/hal/Encoder.o
 .debug_abbrev  0x0000000000003ba3      0x11b Core/Src/multiengine/hal/Memory.o
 .debug_abbrev  0x0000000000003cbe      0x34b Core/Src/multiengine/hal/MultiEngineHAL.o
 .debug_abbrev  0x0000000000004009      0x101 Core/Src/stmlib/random.o
 .debug_abbrev  0x000000000000410a       0x12 Core/Startup/startup_stm32f103c8tx.o
 .debug_abbrev  0x000000000000411c      0x1d8 Drivers/STM32F1xx_HAL_Driver/Src/stm32f1xx_hal.o
 .debug_abbrev  0x00000000000042f4      0x2d5 Drivers/STM32F1xx_HAL_Driver/Src/stm32f1xx_hal_cortex.o
 .debug_abbrev  0x00000000000045c9      0x1c0 Drivers/STM32F1xx_HAL_Driver/Src/stm32f1xx_hal_gpio.o
 .debug_abbrev  0x0000000000004789      0x258 Drivers/STM32F1xx_HAL_Driver/Src/stm32f1xx_hal_i2c.o
 .debug_abbrev  0x00000000000049e1      0x243 Drivers/STM32F1xx_HAL_Driver/Src/stm32f1xx_hal_rcc.o

.debug_loc      0x0000000000000000    0x103e8
 .debug_loc     0x0000000000000000     0x2d5f Core/Src/braids/analog_oscillator.o
 .debug_loc     0x0000000000002d5f     0x945d Core/Src/braids/digital_oscillator.o
 .debug_loc     0x000000000000c1bc     0x21aa Core/Src/braids/macro_oscillator.o
 .debug_loc     0x000000000000e366      0x382 Core/Src/braids/quantizer.o
 .debug_loc     0x000000000000e6e8      0x4a5 Core/Src/braids/settings.o
 .debug_loc     0x000000000000eb8d      0x9fd Core/Src/multiengine/MainLoop.o
 .debug_loc     0x000000000000f58a      0x691 Core/Src/multiengine/Ui.o
 .debug_loc     0x000000000000fc1b      0x24c Core/Src/multiengine/hal/Display.o
 .debug_loc     0x000000000000fe67       0x9f Core/Src/multiengine/hal/Encoder.o
 .debug_loc     0x000000000000ff06      0x24a Core/Src/multiengine/hal/Memory.o
 .debug_loc     0x0000000000010150      0x298 Core/Src/multiengine/hal/MultiEngineHAL.o

.debug_aranges  0x0000000000000000      0xbe0
 .debug_aranges
                0x0000000000000000       0x80 Core/Src/braids/analog_oscillator.o
 .debug_aranges
                0x0000000000000080      0x168 Core/Src/braids/digital_oscillator.o
 .debug_aranges
                0x00000000000001e8       0x70 Core/Src/braids/macro_oscillator.o
 .debug_aranges
                0x0000000000000258       0x30 Core/Src/braids/quantizer.o
 .debug_aranges
                0x0000000000000288       0x18 Core/Src/braids/resources.o
 .debug_aranges
                0x00000000000002a0       0x50 Core/Src/braids/settings.o
 .debug_aranges
                0x00000000000002f0       0x20 Core/Src/braids/drivers/adc.o
 .debug_aranges
                0x0000000000000310       0x30 Core/Src/main.o
 .debug_aranges
                0x0000000000000340       0x30 Core/Src/stm32f1xx_hal_msp.o
 .debug_aranges
                0x0000000000000370       0x60 Core/Src/stm32f1xx_it.o
 .debug_aranges
                0x00000000000003d0       0x28 Core/Src/system_stm32f1xx.o
 .debug_aranges
                0x00000000000003f8       0x58 Core/Src/multiengine/MainLoop.o
 .debug_aranges
                0x0000000000000450       0x88 Core/Src/multiengine/Ui.o
 .debug_aranges
                0x00000000000004d8       0x48 Core/Src/multiengine/hal/Display.o
 .debug_aranges
                0x0000000000000520       0x40 Core/Src/multiengine/hal/Encoder.o
 .debug_aranges
                0x0000000000000560       0x50 Core/Src/multiengine/hal/Memory.o
 .debug_aranges
                0x00000000000005b0       0x98 Core/Src/multiengine/hal/MultiEngineHAL.o
 .debug_aranges
                0x0000000000000648       0x18 Core/Src/stmlib/random.o
 .debug_aranges
                0x0000000000000660       0x28 Core/Startup/startup_stm32f103c8tx.o
 .debug_aranges
                0x0000000000000688       0xe0 Drivers/STM32F1xx_HAL_Driver/Src/stm32f1xx_hal.o
 .debug_aranges
                0x0000000000000768      0x100 Drivers/STM32F1xx_HAL_Driver/Src/stm32f1xx_hal_cortex.o
 .debug_aranges
                0x0000000000000868       0x58 Drivers/STM32F1xx_HAL_Driver/Src/stm32f1xx_hal_gpio.o
 .debug_aranges
                0x00000000000008c0      0x290 Drivers/STM32F1xx_HAL_Driver/Src/stm32f1xx_hal_i2c.o
 .debug_aranges
                0x0000000000000b50       0x90 Drivers/STM32F1xx_HAL_Driver/Src/stm32f1xx_hal_rcc.o

.debug_ranges   0x0000000000000000     0x38c0
 .debug_ranges  0x0000000000000000      0x248 Core/Src/braids/analog_oscillator.o
 .debug_ranges  0x0000000000000248     0x2530 Core/Src/braids/digital_oscillator.o
 .debug_ranges  0x0000000000002778      0x478 Core/Src/braids/macro_oscillator.o
 .debug_ranges  0x0000000000002bf0       0x38 Core/Src/braids/quantizer.o
 .debug_ranges  0x0000000000002c28       0xb0 Core/Src/braids/settings.o
 .debug_ranges  0x0000000000002cd8       0x10 Core/Src/braids/drivers/adc.o
 .debug_ranges  0x0000000000002ce8       0x58 Core/Src/main.o
 .debug_ranges  0x0000000000002d40       0x20 Core/Src/stm32f1xx_hal_msp.o
 .debug_ranges  0x0000000000002d60       0x50 Core/Src/stm32f1xx_it.o
 .debug_ranges  0x0000000000002db0       0x18 Core/Src/system_stm32f1xx.o
 .debug_ranges  0x0000000000002dc8      0x2b0 Core/Src/multiengine/MainLoop.o
 .debug_ranges  0x0000000000003078      0x1a0 Core/Src/multiengine/Ui.o
 .debug_ranges  0x0000000000003218       0x38 Core/Src/multiengine/hal/Display.o
 .debug_ranges  0x0000000000003250       0x30 Core/Src/multiengine/hal/Encoder.o
 .debug_ranges  0x0000000000003280       0x40 Core/Src/multiengine/hal/Memory.o
 .debug_ranges  0x00000000000032c0       0xb8 Core/Src/multiengine/hal/MultiEngineHAL.o
 .debug_ranges  0x0000000000003378       0x20 Core/Startup/startup_stm32f103c8tx.o
 .debug_ranges  0x0000000000003398       0xd0 Drivers/STM32F1xx_HAL_Driver/Src/stm32f1xx_hal.o
 .debug_ranges  0x0000000000003468       0xf0 Drivers/STM32F1xx_HAL_Driver/Src/stm32f1xx_hal_cortex.o
 .debug_ranges  0x0000000000003558       0x48 Drivers/STM32F1xx_HAL_Driver/Src/stm32f1xx_hal_gpio.o
 .debug_ranges  0x00000000000035a0      0x2a0 Drivers/STM32F1xx_HAL_Driver/Src/stm32f1xx_hal_i2c.o
 .debug_ranges  0x0000000000003840       0x80 Drivers/STM32F1xx_HAL_Driver/Src/stm32f1xx_hal_rcc.o

.debug_macro    0x0000000000000000    0x1878f
 .debug_macro   0x0000000000000000      0x273 Core/Src/braids/analog_oscillator.o
 .debug_macro   0x0000000000000273      0xb32 Core/Src/braids/analog_oscillator.o
 .debug_macro   0x0000000000000da5       0x22 Core/Src/braids/analog_oscillator.o
 .debug_macro   0x0000000000000dc7       0x40 Core/Src/braids/analog_oscillator.o
 .debug_macro   0x0000000000000e07       0x18 Core/Src/braids/analog_oscillator.o
 .debug_macro   0x0000000000000e1f       0x94 Core/Src/braids/analog_oscillator.o
 .debug_macro   0x0000000000000eb3       0x3c Core/Src/braids/analog_oscillator.o
 .debug_macro   0x0000000000000eef       0xef Core/Src/braids/analog_oscillator.o
 .debug_macro   0x0000000000000fde       0x3a Core/Src/braids/analog_oscillator.o
 .debug_macro   0x0000000000001018       0x1c Core/Src/braids/analog_oscillator.o
 .debug_macro   0x0000000000001034       0x57 Core/Src/braids/analog_oscillator.o
 .debug_macro   0x000000000000108b       0x6a Core/Src/braids/analog_oscillator.o
 .debug_macro   0x00000000000010f5      0x1df Core/Src/braids/analog_oscillator.o
 .debug_macro   0x00000000000012d4       0x82 Core/Src/braids/analog_oscillator.o
 .debug_macro   0x0000000000001356      0x460 Core/Src/braids/analog_oscillator.o
 .debug_macro   0x00000000000017b6      0x10b Core/Src/braids/analog_oscillator.o
 .debug_macro   0x00000000000018c1       0x46 Core/Src/braids/analog_oscillator.o
 .debug_macro   0x0000000000001907      0x168 Core/Src/braids/analog_oscillator.o
 .debug_macro   0x0000000000001a6f       0x10 Core/Src/braids/analog_oscillator.o
 .debug_macro   0x0000000000001a7f      0x3f4 Core/Src/braids/analog_oscillator.o
 .debug_macro   0x0000000000001e73       0x52 Core/Src/braids/analog_oscillator.o
 .debug_macro   0x0000000000001ec5       0x1f Core/Src/braids/analog_oscillator.o
 .debug_macro   0x0000000000001ee4       0x43 Core/Src/braids/analog_oscillator.o
 .debug_macro   0x0000000000001f27       0x20 Core/Src/braids/analog_oscillator.o
 .debug_macro   0x0000000000001f47      0x1a3 Core/Src/braids/analog_oscillator.o
 .debug_macro   0x00000000000020ea      0x353 Core/Src/braids/analog_oscillator.o
 .debug_macro   0x000000000000243d       0x10 Core/Src/braids/analog_oscillator.o
 .debug_macro   0x000000000000244d       0x35 Core/Src/braids/analog_oscillator.o
 .debug_macro   0x0000000000002482       0x20 Core/Src/braids/analog_oscillator.o
 .debug_macro   0x00000000000024a2       0x8e Core/Src/braids/analog_oscillator.o
 .debug_macro   0x0000000000002530       0x1c Core/Src/braids/analog_oscillator.o
 .debug_macro   0x000000000000254c       0x10 Core/Src/braids/analog_oscillator.o
 .debug_macro   0x000000000000255c       0x10 Core/Src/braids/analog_oscillator.o
 .debug_macro   0x000000000000256c       0x1c Core/Src/braids/analog_oscillator.o
 .debug_macro   0x0000000000002588       0x52 Core/Src/braids/analog_oscillator.o
 .debug_macro   0x00000000000025da       0x40 Core/Src/braids/analog_oscillator.o
 .debug_macro   0x000000000000261a       0x10 Core/Src/braids/analog_oscillator.o
 .debug_macro   0x000000000000262a       0x40 Core/Src/braids/analog_oscillator.o
 .debug_macro   0x000000000000266a       0xd7 Core/Src/braids/analog_oscillator.o
 .debug_macro   0x0000000000002741       0x1c Core/Src/braids/analog_oscillator.o
 .debug_macro   0x000000000000275d       0x3d Core/Src/braids/analog_oscillator.o
 .debug_macro   0x000000000000279a       0x16 Core/Src/braids/analog_oscillator.o
 .debug_macro   0x00000000000027b0      0x137 Core/Src/braids/analog_oscillator.o
 .debug_macro   0x00000000000028e7      0x11d Core/Src/braids/analog_oscillator.o
 .debug_macro   0x0000000000002a04      0x271 Core/Src/braids/analog_oscillator.o
 .debug_macro   0x0000000000002c75       0x64 Core/Src/braids/analog_oscillator.o
 .debug_macro   0x0000000000002cd9      0x4a3 Core/Src/braids/digital_oscillator.o
 .debug_macro   0x000000000000317c       0x28 Core/Src/braids/digital_oscillator.o
 .debug_macro   0x00000000000031a4       0x41 Core/Src/braids/digital_oscillator.o
 .debug_macro   0x00000000000031e5       0x12 Core/Src/braids/digital_oscillator.o
 .debug_macro   0x00000000000031f7       0x20 Core/Src/braids/digital_oscillator.o
 .debug_macro   0x0000000000003217       0x1c Core/Src/braids/digital_oscillator.o
 .debug_macro   0x0000000000003233       0x18 Core/Src/braids/digital_oscillator.o
 .debug_macro   0x000000000000324b       0x6e Core/Src/braids/digital_oscillator.o
 .debug_macro   0x00000000000032b9       0x2e Core/Src/braids/digital_oscillator.o
 .debug_macro   0x00000000000032e7       0x19 Core/Src/braids/digital_oscillator.o
 .debug_macro   0x0000000000003300       0x76 Core/Src/braids/digital_oscillator.o
 .debug_macro   0x0000000000003376       0x19 Core/Src/braids/digital_oscillator.o
 .debug_macro   0x000000000000338f       0x10 Core/Src/braids/digital_oscillator.o
 .debug_macro   0x000000000000339f       0x16 Core/Src/braids/digital_oscillator.o
 .debug_macro   0x00000000000033b5       0x16 Core/Src/braids/digital_oscillator.o
 .debug_macro   0x00000000000033cb       0x29 Core/Src/braids/digital_oscillator.o
 .debug_macro   0x00000000000033f4       0x1c Core/Src/braids/digital_oscillator.o
 .debug_macro   0x0000000000003410       0xde Core/Src/braids/digital_oscillator.o
 .debug_macro   0x00000000000034ee       0x10 Core/Src/braids/digital_oscillator.o
 .debug_macro   0x00000000000034fe      0x120 Core/Src/braids/digital_oscillator.o
 .debug_macro   0x000000000000361e      0x4b8 Core/Src/braids/macro_oscillator.o
 .debug_macro   0x0000000000003ad6      0x35c Core/Src/braids/quantizer.o
 .debug_macro   0x0000000000003e32       0xdb Core/Src/braids/resources.o
 .debug_macro   0x0000000000003f0d      0x26b Core/Src/braids/resources.o
 .debug_macro   0x0000000000004178      0x197 Core/Src/braids/settings.o
 .debug_macro   0x000000000000430f      0x13d Core/Src/braids/drivers/adc.o
 .debug_macro   0x000000000000444c       0x8e Core/Src/braids/drivers/adc.o
 .debug_macro   0x00000000000044da       0x51 Core/Src/braids/drivers/adc.o
 .debug_macro   0x000000000000452b       0x28 Core/Src/braids/drivers/adc.o
 .debug_macro   0x0000000000004553       0x46 Core/Src/braids/drivers/adc.o
 .debug_macro   0x0000000000004599       0x34 Core/Src/braids/drivers/adc.o
 .debug_macro   0x00000000000045cd      0x17b Core/Src/braids/drivers/adc.o
 .debug_macro   0x0000000000004748      0x19e Core/Src/main.o
 .debug_macro   0x00000000000048e6      0x215 Core/Src/main.o
 .debug_macro   0x0000000000004afb       0x2e Core/Src/main.o
 .debug_macro   0x0000000000004b29       0x22 Core/Src/main.o
 .debug_macro   0x0000000000004b4b       0x1c Core/Src/main.o
 .debug_macro   0x0000000000004b67       0x22 Core/Src/main.o
 .debug_macro   0x0000000000004b89       0xc3 Core/Src/main.o
 .debug_macro   0x0000000000004c4c      0xd23 Core/Src/main.o
 .debug_macro   0x000000000000596f     0xe09e Core/Src/main.o
 .debug_macro   0x0000000000013a0d       0x43 Core/Src/main.o
 .debug_macro   0x0000000000013a50       0x5a Core/Src/main.o
 .debug_macro   0x0000000000013aaa      0x5be Core/Src/main.o
 .debug_macro   0x0000000000014068      0x289 Core/Src/main.o
 .debug_macro   0x00000000000142f1      0x1cb Core/Src/main.o
 .debug_macro   0x00000000000144bc      0x114 Core/Src/main.o
 .debug_macro   0x00000000000145d0      0x1b2 Core/Src/main.o
 .debug_macro   0x0000000000014782       0x27 Core/Src/main.o
 .debug_macro   0x00000000000147a9      0x136 Core/Src/main.o
 .debug_macro   0x00000000000148df      0x1bc Core/Src/main.o
 .debug_macro   0x0000000000014a9b       0x34 Core/Src/main.o
 .debug_macro   0x0000000000014acf       0x3c Core/Src/main.o
 .debug_macro   0x0000000000014b0b       0x57 Core/Src/main.o
 .debug_macro   0x0000000000014b62       0x88 Core/Src/main.o
 .debug_macro   0x0000000000014bea      0x241 Core/Src/main.o
 .debug_macro   0x0000000000014e2b      0x280 Core/Src/main.o
 .debug_macro   0x00000000000150ab      0x141 Core/Src/main.o
 .debug_macro   0x00000000000151ec       0x83 Core/Src/main.o
 .debug_macro   0x000000000001526f      0x18f Core/Src/stm32f1xx_hal_msp.o
 .debug_macro   0x00000000000153fe      0xa5a Core/Src/stm32f1xx_hal_msp.o
 .debug_macro   0x0000000000015e58      0xd23 Core/Src/stm32f1xx_hal_msp.o
 .debug_macro   0x0000000000016b7b      0x174 Core/Src/stm32f1xx_hal_msp.o
 .debug_macro   0x0000000000016cef      0x199 Core/Src/stm32f1xx_it.o
 .debug_macro   0x0000000000016e88      0x18b Core/Src/system_stm32f1xx.o
 .debug_macro   0x0000000000017013      0x3d0 Core/Src/multiengine/MainLoop.o
 .debug_macro   0x00000000000173e3       0x2e Core/Src/multiengine/MainLoop.o
 .debug_macro   0x0000000000017411      0x1da Core/Src/multiengine/MainLoop.o
 .debug_macro   0x00000000000175eb       0x10 Core/Src/multiengine/MainLoop.o
 .debug_macro   0x00000000000175fb       0x10 Core/Src/multiengine/MainLoop.o
 .debug_macro   0x000000000001760b      0x3c7 Core/Src/multiengine/MainLoop.o
 .debug_macro   0x00000000000179d2      0x14d Core/Src/multiengine/Ui.o
 .debug_macro   0x0000000000017b1f       0x7c Core/Src/multiengine/hal/Display.o
 .debug_macro   0x0000000000017b9b       0x8e Core/Src/multiengine/hal/Encoder.o
 .debug_macro   0x0000000000017c29       0x7c Core/Src/multiengine/hal/Memory.o
 .debug_macro   0x0000000000017ca5      0x19a Core/Src/multiengine/hal/MultiEngineHAL.o
 .debug_macro   0x0000000000017e3f       0xd6 Core/Src/stmlib/random.o
 .debug_macro   0x0000000000017f15      0x1a9 Drivers/STM32F1xx_HAL_Driver/Src/stm32f1xx_hal.o
 .debug_macro   0x00000000000180be      0x185 Drivers/STM32F1xx_HAL_Driver/Src/stm32f1xx_hal_cortex.o
 .debug_macro   0x0000000000018243      0x1f0 Drivers/STM32F1xx_HAL_Driver/Src/stm32f1xx_hal_gpio.o
 .debug_macro   0x0000000000018433      0x1c5 Drivers/STM32F1xx_HAL_Driver/Src/stm32f1xx_hal_i2c.o
 .debug_macro   0x00000000000185f8      0x197 Drivers/STM32F1xx_HAL_Driver/Src/stm32f1xx_hal_rcc.o

.debug_line     0x0000000000000000     0xea02
 .debug_line    0x0000000000000000      0xc2e Core/Src/braids/analog_oscillator.o
 .debug_line    0x0000000000000c2e     0x2960 Core/Src/braids/digital_oscillator.o
 .debug_line    0x000000000000358e     0x11d9 Core/Src/braids/macro_oscillator.o
 .debug_line    0x0000000000004767      0xc3b Core/Src/braids/quantizer.o
 .debug_line    0x00000000000053a2      0x4a4 Core/Src/braids/resources.o
 .debug_line    0x0000000000005846      0x834 Core/Src/braids/settings.o
 .debug_line    0x000000000000607a      0x4e8 Core/Src/braids/drivers/adc.o
 .debug_line    0x0000000000006562      0x650 Core/Src/main.o
 .debug_line    0x0000000000006bb2      0x60f Core/Src/stm32f1xx_hal_msp.o
 .debug_line    0x00000000000071c1      0x684 Core/Src/stm32f1xx_it.o
 .debug_line    0x0000000000007845      0x611 Core/Src/system_stm32f1xx.o
 .debug_line    0x0000000000007e56      0xec0 Core/Src/multiengine/MainLoop.o
 .debug_line    0x0000000000008d16      0x831 Core/Src/multiengine/Ui.o
 .debug_line    0x0000000000009547      0x434 Core/Src/multiengine/hal/Display.o
 .debug_line    0x000000000000997b      0x41c Core/Src/multiengine/hal/Encoder.o
 .debug_line    0x0000000000009d97      0x41f Core/Src/multiengine/hal/Memory.o
 .debug_line    0x000000000000a1b6      0x829 Core/Src/multiengine/hal/MultiEngineHAL.o
 .debug_line    0x000000000000a9df      0x4a4 Core/Src/stmlib/random.o
 .debug_line    0x000000000000ae83       0x84 Core/Startup/startup_stm32f103c8tx.o
 .debug_line    0x000000000000af07      0x7b9 Drivers/STM32F1xx_HAL_Driver/Src/stm32f1xx_hal.o
 .debug_line    0x000000000000b6c0      0x892 Drivers/STM32F1xx_HAL_Driver/Src/stm32f1xx_hal_cortex.o
 .debug_line    0x000000000000bf52      0x7b9 Drivers/STM32F1xx_HAL_Driver/Src/stm32f1xx_hal_gpio.o
 .debug_line    0x000000000000c70b     0x1a7c Drivers/STM32F1xx_HAL_Driver/Src/stm32f1xx_hal_i2c.o
 .debug_line    0x000000000000e187      0x87b Drivers/STM32F1xx_HAL_Driver/Src/stm32f1xx_hal_rcc.o

.debug_str      0x0000000000000000    0x79044
 .debug_str     0x0000000000000000     0xd50a Core/Src/braids/analog_oscillator.o
                                       0xd8e6 (size before relaxing)
 .debug_str     0x000000000000d50a     0x50f1 Core/Src/braids/digital_oscillator.o
                                      0x12708 (size before relaxing)
 .debug_str     0x00000000000125fb     0x1699 Core/Src/braids/macro_oscillator.o
                                      0x135a9 (size before relaxing)
 .debug_str     0x0000000000013c94      0x5e6 Core/Src/braids/quantizer.o
                                       0xd4e3 (size before relaxing)
 .debug_str     0x000000000001427a       0x2a Core/Src/braids/resources.o
                                       0x6de7 (size before relaxing)
 .debug_str     0x00000000000142a4      0x311 Core/Src/braids/settings.o
                                       0xb205 (size before relaxing)
 .debug_str     0x00000000000145b5      0x159 Core/Src/braids/drivers/adc.o
                                       0x7522 (size before relaxing)
 .debug_str     0x000000000001470e    0x607cf Core/Src/main.o
                                      0x64d10 (size before relaxing)
 .debug_str     0x0000000000074edd      0x5c8 Core/Src/stm32f1xx_hal_msp.o
                                      0x649f4 (size before relaxing)
 .debug_str     0x00000000000754a5       0xbd Core/Src/stm32f1xx_it.o
                                      0x64529 (size before relaxing)
 .debug_str     0x0000000000075562       0xc2 Core/Src/system_stm32f1xx.o
                                      0x64573 (size before relaxing)
 .debug_str     0x0000000000075624     0x1b4c Core/Src/multiengine/MainLoop.o
                                      0x11c20 (size before relaxing)
 .debug_str     0x0000000000077170      0x112 Core/Src/multiengine/Ui.o
                                       0x7515 (size before relaxing)
 .debug_str     0x0000000000077282       0xab Core/Src/multiengine/hal/Display.o
                                       0x4255 (size before relaxing)
 .debug_str     0x000000000007732d       0xb9 Core/Src/multiengine/hal/Encoder.o
                                       0x4317 (size before relaxing)
 .debug_str     0x00000000000773e6       0x4a Core/Src/multiengine/hal/Memory.o
                                       0x42c1 (size before relaxing)
 .debug_str     0x0000000000077430      0x589 Core/Src/multiengine/hal/MultiEngineHAL.o
                                      0x656a2 (size before relaxing)
 .debug_str     0x00000000000779b9       0x3c Core/Src/stmlib/random.o
                                       0x5b59 (size before relaxing)
 .debug_str     0x00000000000779f5       0x36 Core/Startup/startup_stm32f103c8tx.o
                                         0x73 (size before relaxing)
 .debug_str     0x0000000000077a2b      0x3a0 Drivers/STM32F1xx_HAL_Driver/Src/stm32f1xx_hal.o
                                      0x64b84 (size before relaxing)
 .debug_str     0x0000000000077dcb      0x25c Drivers/STM32F1xx_HAL_Driver/Src/stm32f1xx_hal_cortex.o
                                      0x64b92 (size before relaxing)
 .debug_str     0x0000000000078027      0x2cd Drivers/STM32F1xx_HAL_Driver/Src/stm32f1xx_hal_gpio.o
                                      0x648bd (size before relaxing)
 .debug_str     0x00000000000782f4      0xb1e Drivers/STM32F1xx_HAL_Driver/Src/stm32f1xx_hal_i2c.o
                                      0x654e9 (size before relaxing)
 .debug_str     0x0000000000078e12      0x232 Drivers/STM32F1xx_HAL_Driver/Src/stm32f1xx_hal_rcc.o
                                      0x648f6 (size before relaxing)

.comment        0x0000000000000000       0x7b
 .comment       0x0000000000000000       0x7b Core/Src/braids/analog_oscillator.o
                                         0x7c (size before relaxing)
 .comment       0x000000000000007b       0x7c Core/Src/braids/digital_oscillator.o
 .comment       0x000000000000007b       0x7c Core/Src/braids/macro_oscillator.o
 .comment       0x000000000000007b       0x7c Core/Src/braids/quantizer.o
 .comment       0x000000000000007b       0x7c Core/Src/braids/resources.o
 .comment       0x000000000000007b       0x7c Core/Src/braids/settings.o
 .comment       0x000000000000007b       0x7c Core/Src/braids/drivers/adc.o
 .comment       0x000000000000007b       0x7c Core/Src/main.o
 .comment       0x000000000000007b       0x7c Core/Src/stm32f1xx_hal_msp.o
 .comment       0x000000000000007b       0x7c Core/Src/stm32f1xx_it.o
 .comment       0x000000000000007b       0x7c Core/Src/system_stm32f1xx.o
 .comment       0x000000000000007b       0x7c Core/Src/multiengine/MainLoop.o
 .comment       0x000000000000007b       0x7c Core/Src/multiengine/Ui.o
 .comment       0x000000000000007b       0x7c Core/Src/multiengine/hal/Display.o
 .comment       0x000000000000007b       0x7c Core/Src/multiengine/hal/Encoder.o
 .comment       0x000000000000007b       0x7c Core/Src/multiengine/hal/Memory.o
 .comment       0x000000000000007b       0x7c Core/Src/multiengine/hal/MultiEngineHAL.o
 .comment       0x000000000000007b       0x7c Core/Src/stmlib/random.o
 .comment       0x000000000000007b       0x7c Drivers/STM32F1xx_HAL_Driver/Src/stm32f1xx_hal.o
 .comment       0x000000000000007b       0x7c Drivers/STM32F1xx_HAL_Driver/Src/stm32f1xx_hal_cortex.o
 .comment       0x000000000000007b       0x7c Drivers/STM32F1xx_HAL_Driver/Src/stm32f1xx_hal_gpio.o
 .comment       0x000000000000007b       0x7c Drivers/STM32F1xx_HAL_Driver/Src/stm32f1xx_hal_i2c.o
 .comment       0x000000000000007b       0x7c Drivers/STM32F1xx_HAL_Driver/Src/stm32f1xx_hal_rcc.o

.debug_frame    0x0000000000000000     0x2ae4
 .debug_frame   0x0000000000000000      0x208 Core/Src/braids/analog_oscillator.o
 .debug_frame   0x0000000000000208      0x6a0 Core/Src/braids/digital_oscillator.o
 .debug_frame   0x00000000000008a8      0x1c0 Core/Src/braids/macro_oscillator.o
 .debug_frame   0x0000000000000a68       0x68 Core/Src/braids/quantizer.o
 .debug_frame   0x0000000000000ad0       0xb8 Core/Src/braids/settings.o
 .debug_frame   0x0000000000000b88       0x20 Core/Src/braids/drivers/adc.o
 .debug_frame   0x0000000000000ba8       0x58 Core/Src/main.o
 .debug_frame   0x0000000000000c00       0x80 Core/Src/stm32f1xx_hal_msp.o
 .debug_frame   0x0000000000000c80      0x10c Core/Src/stm32f1xx_it.o
 .debug_frame   0x0000000000000d8c       0x58 Core/Src/system_stm32f1xx.o
 .debug_frame   0x0000000000000de4       0xe8 Core/Src/multiengine/MainLoop.o
 .debug_frame   0x0000000000000ecc      0x190 Core/Src/multiengine/Ui.o
 .debug_frame   0x000000000000105c       0x90 Core/Src/multiengine/hal/Display.o
 .debug_frame   0x00000000000010ec       0x6c Core/Src/multiengine/hal/Encoder.o
 .debug_frame   0x0000000000001158       0xb8 Core/Src/multiengine/hal/Memory.o
 .debug_frame   0x0000000000001210      0x174 Core/Src/multiengine/hal/MultiEngineHAL.o
 .debug_frame   0x0000000000001384      0x334 Drivers/STM32F1xx_HAL_Driver/Src/stm32f1xx_hal.o
 .debug_frame   0x00000000000016b8      0x428 Drivers/STM32F1xx_HAL_Driver/Src/stm32f1xx_hal_cortex.o
 .debug_frame   0x0000000000001ae0      0x14c Drivers/STM32F1xx_HAL_Driver/Src/stm32f1xx_hal_gpio.o
 .debug_frame   0x0000000000001c2c      0xc08 Drivers/STM32F1xx_HAL_Driver/Src/stm32f1xx_hal_i2c.o
 .debug_frame   0x0000000000002834      0x21c Drivers/STM32F1xx_HAL_Driver/Src/stm32f1xx_hal_rcc.o
 .debug_frame   0x0000000000002a50       0x2c /opt/st/stm32cubeide_1.4.0/plugins/com.st.stm32cube.ide.mcu.externaltools.gnu-tools-for-stm32.7-2018-q2-update.linux64_1.4.0.202007081208/tools/bin/../lib/gcc/arm-none-eabi/7.3.1/../../../../arm-none-eabi/lib/thumb/v7-m/libc_nano.a(lib_a-init.o)
 .debug_frame   0x0000000000002a7c       0x28 /opt/st/stm32cubeide_1.4.0/plugins/com.st.stm32cube.ide.mcu.externaltools.gnu-tools-for-stm32.7-2018-q2-update.linux64_1.4.0.202007081208/tools/bin/../lib/gcc/arm-none-eabi/7.3.1/../../../../arm-none-eabi/lib/thumb/v7-m/libc_nano.a(lib_a-memcpy-stub.o)
 .debug_frame   0x0000000000002aa4       0x20 /opt/st/stm32cubeide_1.4.0/plugins/com.st.stm32cube.ide.mcu.externaltools.gnu-tools-for-stm32.7-2018-q2-update.linux64_1.4.0.202007081208/tools/bin/../lib/gcc/arm-none-eabi/7.3.1/../../../../arm-none-eabi/lib/thumb/v7-m/libc_nano.a(lib_a-memset.o)
 .debug_frame   0x0000000000002ac4       0x20 /opt/st/stm32cubeide_1.4.0/plugins/com.st.stm32cube.ide.mcu.externaltools.gnu-tools-for-stm32.7-2018-q2-update.linux64_1.4.0.202007081208/tools/bin/../lib/gcc/arm-none-eabi/7.3.1/../../../../arm-none-eabi/lib/thumb/v7-m/libc_nano.a(lib_a-strcmp.o)
