Encoder.h:65:18:int32_t Encoder::increment() const	0	static
Ui.cpp:105:10:uint16_t Ui::getParamFromCurrentWaveTable()	0	static
Ui.cpp:144:9:int16_t Ui::validateOscillatorIndex(int16_t)	0	static
Ui.cpp:156:6:void Ui::showMetaOscillator(int16_t)	16	static
Ui.cpp:164:22:braids::MacroOscillatorShape Ui::getOscillatorShapeFromIndex(int16_t)	0	static
Ui.cpp:173:6:void Ui::showUnCalibrated()	8	static
Ui.cpp:182:6:void Ui::showCalibrated()	8	static
Ui.cpp:192:6:void Ui::sysTick()	8	static
Ui.cpp:206:6:void Ui::saveAllSettings()	24	static
Ui.cpp:216:6:void Ui::loadAllSettings()	32	static
Ui.cpp:110:6:void Ui::init(braids::Adc*, Memory*)	24	static
Ui.cpp:230:6:void Ui::justFinishedRender()	0	static
Ui.cpp:235:6:void Ui::loop()	24	static
