Encoder.h:65:18:int32_t Encoder::increment() const	0	static
Ui.cpp:130:9:int16_t Ui::validateOscillatorIndex(int16_t)	0	static
Ui.cpp:142:6:void Ui::showMetaOscillator(int16_t)	16	static
Ui.cpp:150:22:braids::MacroOscillatorShape Ui::getOscillatorShapeFromIndex(int16_t)	0	static
Ui.cpp:161:6:void Ui::sysTick()	8	static
Ui.cpp:176:6:void Ui::saveAllSettings()	24	static
Ui.cpp:186:6:void Ui::loadAllSettings()	32	static
Ui.cpp:105:6:void Ui::init(braids::Adc*, Memory*)	24	static
Ui.cpp:200:6:void Ui::loop()	24	static
