Encoder.h:65:18:int32_t Encoder::increment() const	0	static
Ui.cpp:145:9:int16_t Ui::validateOscillatorIndex(int16_t)	0	static
Ui.cpp:157:6:void Ui::showMetaOscillator(int16_t)	16	static
Ui.cpp:165:22:braids::MacroOscillatorShape Ui::getOscillatorShapeFromIndex(int16_t)	0	static
Ui.cpp:174:6:void Ui::showUnCalibrated()	8	static
Ui.cpp:183:6:void Ui::showCalibrated()	8	static
Ui.cpp:193:6:void Ui::sysTick()	8	static
Ui.cpp:208:6:void Ui::saveAllSettings()	24	static
Ui.cpp:218:6:void Ui::loadAllSettings()	32	static
Ui.cpp:115:6:void Ui::init(braids::Adc*, Memory*)	24	static
Ui.cpp:232:6:void Ui::justFinishedRender()	0	static
Ui.cpp:237:6:void Ui::loop()	24	static
